Run trait audit and dataset validation	Set up job	ï»¿2025-12-08T16:40:20.6151913Z Current runner version: '2.329.0'
Run trait audit and dataset validation	Set up job	2025-12-08T16:40:20.6176900Z ##[group]Runner Image Provisioner
Run trait audit and dataset validation	Set up job	2025-12-08T16:40:20.6177728Z Hosted Compute Agent
Run trait audit and dataset validation	Set up job	2025-12-08T16:40:20.6178345Z Version: 20251124.448
Run trait audit and dataset validation	Set up job	2025-12-08T16:40:20.6178958Z Commit: fda5086b43ec66ade217e5fcd18146c879571177
Run trait audit and dataset validation	Set up job	2025-12-08T16:40:20.6179659Z Build Date: 2025-11-24T21:16:26Z
Run trait audit and dataset validation	Set up job	2025-12-08T16:40:20.6180316Z ##[endgroup]
Run trait audit and dataset validation	Set up job	2025-12-08T16:40:20.6180815Z ##[group]Operating System
Run trait audit and dataset validation	Set up job	2025-12-08T16:40:20.6181431Z Ubuntu
Run trait audit and dataset validation	Set up job	2025-12-08T16:40:20.6181917Z 24.04.3
Run trait audit and dataset validation	Set up job	2025-12-08T16:40:20.6182411Z LTS
Run trait audit and dataset validation	Set up job	2025-12-08T16:40:20.6182906Z ##[endgroup]
Run trait audit and dataset validation	Set up job	2025-12-08T16:40:20.6183394Z ##[group]Runner Image
Run trait audit and dataset validation	Set up job	2025-12-08T16:40:20.6183960Z Image: ubuntu-24.04
Run trait audit and dataset validation	Set up job	2025-12-08T16:40:20.6184636Z Version: 20251126.144.1
Run trait audit and dataset validation	Set up job	2025-12-08T16:40:20.6185735Z Included Software: https://github.com/actions/runner-images/blob/ubuntu24/20251126.144/images/ubuntu/Ubuntu2404-Readme.md
Run trait audit and dataset validation	Set up job	2025-12-08T16:40:20.6187099Z Image Release: https://github.com/actions/runner-images/releases/tag/ubuntu24%2F20251126.144
Run trait audit and dataset validation	Set up job	2025-12-08T16:40:20.6188356Z ##[endgroup]
Run trait audit and dataset validation	Set up job	2025-12-08T16:40:20.6189373Z ##[group]GITHUB_TOKEN Permissions
Run trait audit and dataset validation	Set up job	2025-12-08T16:40:20.6191175Z Contents: read
Run trait audit and dataset validation	Set up job	2025-12-08T16:40:20.6191865Z Metadata: read
Run trait audit and dataset validation	Set up job	2025-12-08T16:40:20.6192374Z Packages: read
Run trait audit and dataset validation	Set up job	2025-12-08T16:40:20.6192858Z ##[endgroup]
Run trait audit and dataset validation	Set up job	2025-12-08T16:40:20.6195431Z Secret source: Actions
Run trait audit and dataset validation	Set up job	2025-12-08T16:40:20.6196165Z Prepare workflow directory
Run trait audit and dataset validation	Set up job	2025-12-08T16:40:20.6528505Z Prepare all required actions
Run trait audit and dataset validation	Set up job	2025-12-08T16:40:20.6569743Z Getting action download info
Run trait audit and dataset validation	Set up job	2025-12-08T16:40:21.1903784Z Download action repository 'actions/checkout@v4' (SHA:34e114876b0b11c390a56381ad16ebd13914f8d5)
Run trait audit and dataset validation	Set up job	2025-12-08T16:40:21.7976855Z Download action repository 'actions/setup-node@v4' (SHA:49933ea5288caeca8642d1e84afbd3f7d6820020)
Run trait audit and dataset validation	Set up job	2025-12-08T16:40:21.8892805Z Download action repository 'actions/setup-python@v5' (SHA:a26af69be951a213d495a4c3e4e4022e16d87065)
Run trait audit and dataset validation	Set up job	2025-12-08T16:40:22.0097550Z Download action repository 'actions/upload-artifact@v4' (SHA:ea165f8d65b6e75b540449e92b4886f43607fa02)
Run trait audit and dataset validation	Set up job	2025-12-08T16:40:22.2524186Z Complete job name: Run trait audit and dataset validation
Run trait audit and dataset validation	Checkout repository	ï»¿2025-12-08T16:40:22.3381348Z ##[group]Run actions/checkout@v4
Run trait audit and dataset validation	Checkout repository	2025-12-08T16:40:22.3382656Z with:
Run trait audit and dataset validation	Checkout repository	2025-12-08T16:40:22.3383375Z   repository: MasterDD-L34D/Game
Run trait audit and dataset validation	Checkout repository	2025-12-08T16:40:22.3384772Z   token: ***
Run trait audit and dataset validation	Checkout repository	2025-12-08T16:40:22.3385477Z   ssh-strict: true
Run trait audit and dataset validation	Checkout repository	2025-12-08T16:40:22.3386202Z   ssh-user: git
Run trait audit and dataset validation	Checkout repository	2025-12-08T16:40:22.3386936Z   persist-credentials: true
Run trait audit and dataset validation	Checkout repository	2025-12-08T16:40:22.3387771Z   clean: true
Run trait audit and dataset validation	Checkout repository	2025-12-08T16:40:22.3388521Z   sparse-checkout-cone-mode: true
Run trait audit and dataset validation	Checkout repository	2025-12-08T16:40:22.3389440Z   fetch-depth: 1
Run trait audit and dataset validation	Checkout repository	2025-12-08T16:40:22.3390173Z   fetch-tags: false
Run trait audit and dataset validation	Checkout repository	2025-12-08T16:40:22.3390904Z   show-progress: true
Run trait audit and dataset validation	Checkout repository	2025-12-08T16:40:22.3391641Z   lfs: false
Run trait audit and dataset validation	Checkout repository	2025-12-08T16:40:22.3392307Z   submodules: false
Run trait audit and dataset validation	Checkout repository	2025-12-08T16:40:22.3393063Z   set-safe-directory: true
Run trait audit and dataset validation	Checkout repository	2025-12-08T16:40:22.3394174Z ##[endgroup]
Run trait audit and dataset validation	Checkout repository	2025-12-08T16:40:22.4498250Z Syncing repository: MasterDD-L34D/Game
Run trait audit and dataset validation	Checkout repository	2025-12-08T16:40:22.4500764Z ##[group]Getting Git version info
Run trait audit and dataset validation	Checkout repository	2025-12-08T16:40:22.4502070Z Working directory is '/home/runner/work/Game/Game'
Run trait audit and dataset validation	Checkout repository	2025-12-08T16:40:22.4503769Z [command]/usr/bin/git version
Run trait audit and dataset validation	Checkout repository	2025-12-08T16:40:22.4595173Z git version 2.52.0
Run trait audit and dataset validation	Checkout repository	2025-12-08T16:40:22.4621733Z ##[endgroup]
Run trait audit and dataset validation	Checkout repository	2025-12-08T16:40:22.4636681Z Temporarily overriding HOME='/home/runner/work/_temp/d40bb2ac-1593-4d66-82d8-a7c76f88a8aa' before making global git config changes
Run trait audit and dataset validation	Checkout repository	2025-12-08T16:40:22.4639397Z Adding repository directory to the temporary git global config as a safe directory
Run trait audit and dataset validation	Checkout repository	2025-12-08T16:40:22.4641882Z [command]/usr/bin/git config --global --add safe.directory /home/runner/work/Game/Game
Run trait audit and dataset validation	Checkout repository	2025-12-08T16:40:22.4721738Z Deleting the contents of '/home/runner/work/Game/Game'
Run trait audit and dataset validation	Checkout repository	2025-12-08T16:40:22.4725865Z ##[group]Initializing the repository
Run trait audit and dataset validation	Checkout repository	2025-12-08T16:40:22.4729698Z [command]/usr/bin/git init /home/runner/work/Game/Game
Run trait audit and dataset validation	Checkout repository	2025-12-08T16:40:22.4849365Z hint: Using 'master' as the name for the initial branch. This default branch name
Run trait audit and dataset validation	Checkout repository	2025-12-08T16:40:22.4851258Z hint: will change to "main" in Git 3.0. To configure the initial branch name
Run trait audit and dataset validation	Checkout repository	2025-12-08T16:40:22.4853588Z hint: to use in all of your new repositories, which will suppress this warning,
Run trait audit and dataset validation	Checkout repository	2025-12-08T16:40:22.4856053Z hint: call:
Run trait audit and dataset validation	Checkout repository	2025-12-08T16:40:22.4857030Z hint:
Run trait audit and dataset validation	Checkout repository	2025-12-08T16:40:22.4857930Z hint: 	git config --global init.defaultBranch <name>
Run trait audit and dataset validation	Checkout repository	2025-12-08T16:40:22.4859009Z hint:
Run trait audit and dataset validation	Checkout repository	2025-12-08T16:40:22.4860036Z hint: Names commonly chosen instead of 'master' are 'main', 'trunk' and
Run trait audit and dataset validation	Checkout repository	2025-12-08T16:40:22.4862273Z hint: 'development'. The just-created branch can be renamed via this command:
Run trait audit and dataset validation	Checkout repository	2025-12-08T16:40:22.4863743Z hint:
Run trait audit and dataset validation	Checkout repository	2025-12-08T16:40:22.4864636Z hint: 	git branch -m <name>
Run trait audit and dataset validation	Checkout repository	2025-12-08T16:40:22.4865561Z hint:
Run trait audit and dataset validation	Checkout repository	2025-12-08T16:40:22.4867105Z hint: Disable this message with "git config set advice.defaultBranchName false"
Run trait audit and dataset validation	Checkout repository	2025-12-08T16:40:22.4868948Z Initialized empty Git repository in /home/runner/work/Game/Game/.git/
Run trait audit and dataset validation	Checkout repository	2025-12-08T16:40:22.4871821Z [command]/usr/bin/git remote add origin https://github.com/MasterDD-L34D/Game
Run trait audit and dataset validation	Checkout repository	2025-12-08T16:40:22.4905927Z ##[endgroup]
Run trait audit and dataset validation	Checkout repository	2025-12-08T16:40:22.4907222Z ##[group]Disabling automatic garbage collection
Run trait audit and dataset validation	Checkout repository	2025-12-08T16:40:22.4909530Z [command]/usr/bin/git config --local gc.auto 0
Run trait audit and dataset validation	Checkout repository	2025-12-08T16:40:22.4941195Z ##[endgroup]
Run trait audit and dataset validation	Checkout repository	2025-12-08T16:40:22.4942436Z ##[group]Setting up auth
Run trait audit and dataset validation	Checkout repository	2025-12-08T16:40:22.4948906Z [command]/usr/bin/git config --local --name-only --get-regexp core\.sshCommand
Run trait audit and dataset validation	Checkout repository	2025-12-08T16:40:22.4983038Z [command]/usr/bin/git submodule foreach --recursive sh -c "git config --local --name-only --get-regexp 'core\.sshCommand' && git config --local --unset-all 'core.sshCommand' || :"
Run trait audit and dataset validation	Checkout repository	2025-12-08T16:40:22.5339923Z [command]/usr/bin/git config --local --name-only --get-regexp http\.https\:\/\/github\.com\/\.extraheader
Run trait audit and dataset validation	Checkout repository	2025-12-08T16:40:22.5373617Z [command]/usr/bin/git submodule foreach --recursive sh -c "git config --local --name-only --get-regexp 'http\.https\:\/\/github\.com\/\.extraheader' && git config --local --unset-all 'http.https://github.com/.extraheader' || :"
Run trait audit and dataset validation	Checkout repository	2025-12-08T16:40:22.5598877Z [command]/usr/bin/git config --local --name-only --get-regexp ^includeIf\.gitdir:
Run trait audit and dataset validation	Checkout repository	2025-12-08T16:40:22.5641821Z [command]/usr/bin/git submodule foreach --recursive git config --local --show-origin --name-only --get-regexp remote.origin.url
Run trait audit and dataset validation	Checkout repository	2025-12-08T16:40:22.5870283Z [command]/usr/bin/git config --local http.https://github.com/.extraheader AUTHORIZATION: basic ***
Run trait audit and dataset validation	Checkout repository	2025-12-08T16:40:22.5915337Z ##[endgroup]
Run trait audit and dataset validation	Checkout repository	2025-12-08T16:40:22.5917725Z ##[group]Fetching the repository
Run trait audit and dataset validation	Checkout repository	2025-12-08T16:40:22.5926389Z [command]/usr/bin/git -c protocol.version=2 fetch --no-tags --prune --no-recurse-submodules --depth=1 origin +50274bda38d2829f0c928b04c7c79e43036dc4c1:refs/remotes/pull/1201/merge
Run trait audit and dataset validation	Checkout repository	2025-12-08T16:40:23.5678501Z From https://github.com/MasterDD-L34D/Game
Run trait audit and dataset validation	Checkout repository	2025-12-08T16:40:23.5680235Z  * [new ref]         50274bda38d2829f0c928b04c7c79e43036dc4c1 -> pull/1201/merge
Run trait audit and dataset validation	Checkout repository	2025-12-08T16:40:23.5713911Z ##[endgroup]
Run trait audit and dataset validation	Checkout repository	2025-12-08T16:40:23.5716303Z ##[group]Determining the checkout info
Run trait audit and dataset validation	Checkout repository	2025-12-08T16:40:23.5718738Z ##[endgroup]
Run trait audit and dataset validation	Checkout repository	2025-12-08T16:40:23.5721488Z [command]/usr/bin/git sparse-checkout disable
Run trait audit and dataset validation	Checkout repository	2025-12-08T16:40:23.5763629Z [command]/usr/bin/git config --local --unset-all extensions.worktreeConfig
Run trait audit and dataset validation	Checkout repository	2025-12-08T16:40:23.5791048Z ##[group]Checking out the ref
Run trait audit and dataset validation	Checkout repository	2025-12-08T16:40:23.5793731Z [command]/usr/bin/git checkout --progress --force refs/remotes/pull/1201/merge
Run trait audit and dataset validation	Checkout repository	2025-12-08T16:40:23.8117107Z Note: switching to 'refs/remotes/pull/1201/merge'.
Run trait audit and dataset validation	Checkout repository	2025-12-08T16:40:23.8118964Z 
Run trait audit and dataset validation	Checkout repository	2025-12-08T16:40:23.8120166Z You are in 'detached HEAD' state. You can look around, make experimental
Run trait audit and dataset validation	Checkout repository	2025-12-08T16:40:23.8124708Z changes and commit them, and you can discard any commits you make in this
Run trait audit and dataset validation	Checkout repository	2025-12-08T16:40:23.8127495Z state without impacting any branches by switching back to a branch.
Run trait audit and dataset validation	Checkout repository	2025-12-08T16:40:23.8129799Z 
Run trait audit and dataset validation	Checkout repository	2025-12-08T16:40:23.8130949Z If you want to create a new branch to retain commits you create, you may
Run trait audit and dataset validation	Checkout repository	2025-12-08T16:40:23.8133705Z do so (now or later) by using -c with the switch command. Example:
Run trait audit and dataset validation	Checkout repository	2025-12-08T16:40:23.8135625Z 
Run trait audit and dataset validation	Checkout repository	2025-12-08T16:40:23.8136258Z   git switch -c <new-branch-name>
Run trait audit and dataset validation	Checkout repository	2025-12-08T16:40:23.8137739Z 
Run trait audit and dataset validation	Checkout repository	2025-12-08T16:40:23.8138335Z Or undo this operation with:
Run trait audit and dataset validation	Checkout repository	2025-12-08T16:40:23.8139348Z 
Run trait audit and dataset validation	Checkout repository	2025-12-08T16:40:23.8139852Z   git switch -
Run trait audit and dataset validation	Checkout repository	2025-12-08T16:40:23.8140644Z 
Run trait audit and dataset validation	Checkout repository	2025-12-08T16:40:23.8141951Z Turn off this advice by setting config variable advice.detachedHead to false
Run trait audit and dataset validation	Checkout repository	2025-12-08T16:40:23.8143898Z 
Run trait audit and dataset validation	Checkout repository	2025-12-08T16:40:23.8146239Z HEAD is now at 50274bd Merge 8ea8f6585d4e6638b4676dfa8cce9963a17d162b into a526912d483efd6903b5a77e3c5277ed75064283
Run trait audit and dataset validation	Checkout repository	2025-12-08T16:40:23.8152738Z ##[endgroup]
Run trait audit and dataset validation	Checkout repository	2025-12-08T16:40:23.8177585Z [command]/usr/bin/git log -1 --format=%H
Run trait audit and dataset validation	Checkout repository	2025-12-08T16:40:23.8201533Z 50274bda38d2829f0c928b04c7c79e43036dc4c1
Run trait audit and dataset validation	Set up Node.js	ï»¿2025-12-08T16:40:23.8559656Z ##[group]Run actions/setup-node@v4
Run trait audit and dataset validation	Set up Node.js	2025-12-08T16:40:23.8560698Z with:
Run trait audit and dataset validation	Set up Node.js	2025-12-08T16:40:23.8561431Z   node-version: 20
Run trait audit and dataset validation	Set up Node.js	2025-12-08T16:40:23.8562221Z   cache: npm
Run trait audit and dataset validation	Set up Node.js	2025-12-08T16:40:23.8563029Z   always-auth: false
Run trait audit and dataset validation	Set up Node.js	2025-12-08T16:40:23.8563863Z   check-latest: false
Run trait audit and dataset validation	Set up Node.js	2025-12-08T16:40:23.8565155Z   token: ***
Run trait audit and dataset validation	Set up Node.js	2025-12-08T16:40:23.8565914Z ##[endgroup]
Run trait audit and dataset validation	Set up Node.js	2025-12-08T16:40:24.0376297Z Found in cache @ /opt/hostedtoolcache/node/20.19.6/x64
Run trait audit and dataset validation	Set up Node.js	2025-12-08T16:40:24.0380602Z ##[group]Environment details
Run trait audit and dataset validation	Set up Node.js	2025-12-08T16:40:26.0995387Z node: v20.19.6
Run trait audit and dataset validation	Set up Node.js	2025-12-08T16:40:26.0995969Z npm: 10.8.2
Run trait audit and dataset validation	Set up Node.js	2025-12-08T16:40:26.0996331Z yarn: 1.22.22
Run trait audit and dataset validation	Set up Node.js	2025-12-08T16:40:26.0999062Z ##[endgroup]
Run trait audit and dataset validation	Set up Node.js	2025-12-08T16:40:26.1022643Z [command]/opt/hostedtoolcache/node/20.19.6/x64/bin/npm config get cache
Run trait audit and dataset validation	Set up Node.js	2025-12-08T16:40:26.3698188Z /home/runner/.npm
Run trait audit and dataset validation	Set up Node.js	2025-12-08T16:40:26.7243956Z npm cache is not found
Run trait audit and dataset validation	Install Node.js dependencies	ï»¿2025-12-08T16:40:26.7390895Z ##[group]Run npm ci
Run trait audit and dataset validation	Install Node.js dependencies	2025-12-08T16:40:26.7391204Z [36;1mnpm ci[0m
Run trait audit and dataset validation	Install Node.js dependencies	2025-12-08T16:40:26.7436343Z shell: /usr/bin/bash -e {0}
Run trait audit and dataset validation	Install Node.js dependencies	2025-12-08T16:40:26.7436621Z ##[endgroup]
Run trait audit and dataset validation	Install Node.js dependencies	2025-12-08T16:40:30.5352400Z npm warn deprecated inflight@1.0.6: This module is not supported, and leaks memory. Do not use it. Check out lru-cache if you want a good and tested way to coalesce async requests by a key value, which is much more comprehensive and powerful.
Run trait audit and dataset validation	Install Node.js dependencies	2025-12-08T16:40:30.6134090Z npm warn deprecated glob@7.2.3: Glob versions prior to v9 are no longer supported
Run trait audit and dataset validation	Install Node.js dependencies	2025-12-08T16:41:01.5615820Z 
Run trait audit and dataset validation	Install Node.js dependencies	2025-12-08T16:41:01.5616605Z > prepare
Run trait audit and dataset validation	Install Node.js dependencies	2025-12-08T16:41:01.5617157Z > node scripts/husky-install.cjs
Run trait audit and dataset validation	Install Node.js dependencies	2025-12-08T16:41:01.5617460Z 
Run trait audit and dataset validation	Install Node.js dependencies	2025-12-08T16:41:01.6110826Z 
Run trait audit and dataset validation	Install Node.js dependencies	2025-12-08T16:41:01.6111623Z added 446 packages, and audited 458 packages in 35s
Run trait audit and dataset validation	Install Node.js dependencies	2025-12-08T16:41:01.6113781Z 
Run trait audit and dataset validation	Install Node.js dependencies	2025-12-08T16:41:01.6114632Z 67 packages are looking for funding
Run trait audit and dataset validation	Install Node.js dependencies	2025-12-08T16:41:01.6115207Z   run `npm fund` for details
Run trait audit and dataset validation	Install Node.js dependencies	2025-12-08T16:41:01.6476898Z 
Run trait audit and dataset validation	Install Node.js dependencies	2025-12-08T16:41:01.6477674Z 10 vulnerabilities (7 moderate, 3 high)
Run trait audit and dataset validation	Install Node.js dependencies	2025-12-08T16:41:01.6478030Z 
Run trait audit and dataset validation	Install Node.js dependencies	2025-12-08T16:41:01.6478364Z To address issues that do not require attention, run:
Run trait audit and dataset validation	Install Node.js dependencies	2025-12-08T16:41:01.6478844Z   npm audit fix
Run trait audit and dataset validation	Install Node.js dependencies	2025-12-08T16:41:01.6479054Z 
Run trait audit and dataset validation	Install Node.js dependencies	2025-12-08T16:41:01.6479451Z To address all issues possible (including breaking changes), run:
Run trait audit and dataset validation	Install Node.js dependencies	2025-12-08T16:41:01.6480104Z   npm audit fix --force
Run trait audit and dataset validation	Install Node.js dependencies	2025-12-08T16:41:01.6480357Z 
Run trait audit and dataset validation	Install Node.js dependencies	2025-12-08T16:41:01.6480662Z Some issues need review, and may require choosing
Run trait audit and dataset validation	Install Node.js dependencies	2025-12-08T16:41:01.6481234Z a different dependency.
Run trait audit and dataset validation	Install Node.js dependencies	2025-12-08T16:41:01.6481477Z 
Run trait audit and dataset validation	Install Node.js dependencies	2025-12-08T16:41:01.6481671Z Run `npm audit` for details.
Run trait audit and dataset validation	Set up Python	ï»¿2025-12-08T16:41:01.6741895Z ##[group]Run actions/setup-python@v5
Run trait audit and dataset validation	Set up Python	2025-12-08T16:41:01.6742205Z with:
Run trait audit and dataset validation	Set up Python	2025-12-08T16:41:01.6742390Z   python-version: 3.11
Run trait audit and dataset validation	Set up Python	2025-12-08T16:41:01.6742605Z   cache: pip
Run trait audit and dataset validation	Set up Python	2025-12-08T16:41:01.6742830Z   cache-dependency-path: requirements-dev.txt
Run trait audit and dataset validation	Set up Python	2025-12-08T16:41:01.6743110Z   check-latest: false
Run trait audit and dataset validation	Set up Python	2025-12-08T16:41:01.6743423Z   token: ***
Run trait audit and dataset validation	Set up Python	2025-12-08T16:41:01.6743613Z   update-environment: true
Run trait audit and dataset validation	Set up Python	2025-12-08T16:41:01.6743842Z   allow-prereleases: false
Run trait audit and dataset validation	Set up Python	2025-12-08T16:41:01.6744051Z   freethreaded: false
Run trait audit and dataset validation	Set up Python	2025-12-08T16:41:01.6744251Z ##[endgroup]
Run trait audit and dataset validation	Set up Python	2025-12-08T16:41:01.8434681Z ##[group]Installed versions
Run trait audit and dataset validation	Set up Python	2025-12-08T16:41:01.8545288Z Successfully set up CPython (3.11.14)
Run trait audit and dataset validation	Set up Python	2025-12-08T16:41:01.8546252Z ##[endgroup]
Run trait audit and dataset validation	Set up Python	2025-12-08T16:41:01.8886534Z [command]/opt/hostedtoolcache/Python/3.11.14/x64/bin/pip cache dir
Run trait audit and dataset validation	Set up Python	2025-12-08T16:41:03.1711008Z /home/runner/.cache/pip
Run trait audit and dataset validation	Set up Python	2025-12-08T16:41:03.6721421Z Cache hit for: setup-python-Linux-x64-24.04-Ubuntu-python-3.11.14-pip-b9b574b8481098235b20845dde01ba87a1205af071b29642fc1d1959e363a2dc
Run trait audit and dataset validation	Set up Python	2025-12-08T16:41:04.9651155Z Received 4194304 of 63186923 (6.6%), 4.0 MBs/sec
Run trait audit and dataset validation	Set up Python	2025-12-08T16:41:05.6204258Z Received 63186923 of 63186923 (100.0%), 36.4 MBs/sec
Run trait audit and dataset validation	Set up Python	2025-12-08T16:41:05.6206120Z Cache Size: ~60 MB (63186923 B)
Run trait audit and dataset validation	Set up Python	2025-12-08T16:41:05.6326000Z [command]/usr/bin/tar -xf /home/runner/work/_temp/62a76705-4d57-464d-814e-9824185cafd1/cache.tzst -P -C /home/runner/work/Game/Game --use-compress-program unzstd
Run trait audit and dataset validation	Set up Python	2025-12-08T16:41:05.7380696Z Cache restored successfully
Run trait audit and dataset validation	Set up Python	2025-12-08T16:41:05.7525436Z Cache restored from key: setup-python-Linux-x64-24.04-Ubuntu-python-3.11.14-pip-b9b574b8481098235b20845dde01ba87a1205af071b29642fc1d1959e363a2dc
Run trait audit and dataset validation	Install Python dependencies	ï»¿2025-12-08T16:41:05.7667024Z ##[group]Run python -m pip install --upgrade pip
Run trait audit and dataset validation	Install Python dependencies	2025-12-08T16:41:05.7667416Z [36;1mpython -m pip install --upgrade pip[0m
Run trait audit and dataset validation	Install Python dependencies	2025-12-08T16:41:05.7667752Z [36;1mpython -m pip install -r requirements-dev.txt[0m
Run trait audit and dataset validation	Install Python dependencies	2025-12-08T16:41:05.7668084Z [36;1mpython -m pip install jsonschema[0m
Run trait audit and dataset validation	Install Python dependencies	2025-12-08T16:41:05.7702096Z shell: /usr/bin/bash -e {0}
Run trait audit and dataset validation	Install Python dependencies	2025-12-08T16:41:05.7702340Z env:
Run trait audit and dataset validation	Install Python dependencies	2025-12-08T16:41:05.7702583Z   pythonLocation: /opt/hostedtoolcache/Python/3.11.14/x64
Run trait audit and dataset validation	Install Python dependencies	2025-12-08T16:41:05.7702988Z   PKG_CONFIG_PATH: /opt/hostedtoolcache/Python/3.11.14/x64/lib/pkgconfig
Run trait audit and dataset validation	Install Python dependencies	2025-12-08T16:41:05.7703397Z   Python_ROOT_DIR: /opt/hostedtoolcache/Python/3.11.14/x64
Run trait audit and dataset validation	Install Python dependencies	2025-12-08T16:41:05.7703753Z   Python2_ROOT_DIR: /opt/hostedtoolcache/Python/3.11.14/x64
Run trait audit and dataset validation	Install Python dependencies	2025-12-08T16:41:05.7704111Z   Python3_ROOT_DIR: /opt/hostedtoolcache/Python/3.11.14/x64
Run trait audit and dataset validation	Install Python dependencies	2025-12-08T16:41:05.7704663Z   LD_LIBRARY_PATH: /opt/hostedtoolcache/Python/3.11.14/x64/lib
Run trait audit and dataset validation	Install Python dependencies	2025-12-08T16:41:05.7704971Z ##[endgroup]
Run trait audit and dataset validation	Install Python dependencies	2025-12-08T16:41:06.6674365Z Requirement already satisfied: pip in /opt/hostedtoolcache/Python/3.11.14/x64/lib/python3.11/site-packages (25.3)
Run trait audit and dataset validation	Install Python dependencies	2025-12-08T16:41:07.3328790Z Collecting pyyaml (from -r requirements-dev.txt (line 1))
Run trait audit and dataset validation	Install Python dependencies	2025-12-08T16:41:07.3347952Z   Using cached pyyaml-6.0.3-cp311-cp311-manylinux2014_x86_64.manylinux_2_17_x86_64.manylinux_2_28_x86_64.whl.metadata (2.4 kB)
Run trait audit and dataset validation	Install Python dependencies	2025-12-08T16:41:07.5556425Z Collecting numpy (from -r requirements-dev.txt (line 2))
Run trait audit and dataset validation	Install Python dependencies	2025-12-08T16:41:07.5575481Z   Using cached numpy-2.3.5-cp311-cp311-manylinux_2_27_x86_64.manylinux_2_28_x86_64.whl.metadata (62 kB)
Run trait audit and dataset validation	Install Python dependencies	2025-12-08T16:41:07.8641413Z Collecting pymongo (from -r requirements-dev.txt (line 3))
Run trait audit and dataset validation	Install Python dependencies	2025-12-08T16:41:07.9219735Z   Downloading pymongo-4.15.5-cp311-cp311-manylinux2014_x86_64.manylinux_2_17_x86_64.manylinux_2_28_x86_64.whl.metadata (22 kB)
Run trait audit and dataset validation	Install Python dependencies	2025-12-08T16:41:07.9519459Z Collecting mongomock (from -r requirements-dev.txt (line 4))
Run trait audit and dataset validation	Install Python dependencies	2025-12-08T16:41:07.9535185Z   Using cached mongomock-4.3.0-py2.py3-none-any.whl.metadata (12 kB)
Run trait audit and dataset validation	Install Python dependencies	2025-12-08T16:41:08.0340871Z Collecting mongita (from -r requirements-dev.txt (line 5))
Run trait audit and dataset validation	Install Python dependencies	2025-12-08T16:41:08.0341776Z   Using cached mongita-1.2.0-py3-none-any.whl
Run trait audit and dataset validation	Install Python dependencies	2025-12-08T16:41:08.0648861Z Collecting jsonschema>=4.25.1 (from -r requirements-dev.txt (line 6))
Run trait audit and dataset validation	Install Python dependencies	2025-12-08T16:41:08.0665597Z   Using cached jsonschema-4.25.1-py3-none-any.whl.metadata (7.6 kB)
Run trait audit and dataset validation	Install Python dependencies	2025-12-08T16:41:08.3783042Z Collecting boto3 (from -r requirements-dev.txt (line 8))
Run trait audit and dataset validation	Install Python dependencies	2025-12-08T16:41:08.3823147Z   Downloading boto3-1.42.4-py3-none-any.whl.metadata (6.8 kB)
Run trait audit and dataset validation	Install Python dependencies	2025-12-08T16:41:08.5357975Z Collecting matplotlib (from -r requirements-dev.txt (line 9))
Run trait audit and dataset validation	Install Python dependencies	2025-12-08T16:41:08.5374167Z   Using cached matplotlib-3.10.7-cp311-cp311-manylinux2014_x86_64.manylinux_2_17_x86_64.whl.metadata (11 kB)
Run trait audit and dataset validation	Install Python dependencies	2025-12-08T16:41:08.5539002Z Collecting dnspython<3.0.0,>=1.16.0 (from pymongo->-r requirements-dev.txt (line 3))
Run trait audit and dataset validation	Install Python dependencies	2025-12-08T16:41:08.5553267Z   Using cached dnspython-2.8.0-py3-none-any.whl.metadata (5.7 kB)
Run trait audit and dataset validation	Install Python dependencies	2025-12-08T16:41:08.5740508Z Collecting packaging (from mongomock->-r requirements-dev.txt (line 4))
Run trait audit and dataset validation	Install Python dependencies	2025-12-08T16:41:08.5755081Z   Using cached packaging-25.0-py3-none-any.whl.metadata (3.3 kB)
Run trait audit and dataset validation	Install Python dependencies	2025-12-08T16:41:08.6076671Z Collecting pytz (from mongomock->-r requirements-dev.txt (line 4))
Run trait audit and dataset validation	Install Python dependencies	2025-12-08T16:41:08.6096596Z   Using cached pytz-2025.2-py2.py3-none-any.whl.metadata (22 kB)
Run trait audit and dataset validation	Install Python dependencies	2025-12-08T16:41:08.6196126Z Collecting sentinels (from mongomock->-r requirements-dev.txt (line 4))
Run trait audit and dataset validation	Install Python dependencies	2025-12-08T16:41:08.6209670Z   Using cached sentinels-1.1.1-py3-none-any.whl.metadata (3.0 kB)
Run trait audit and dataset validation	Install Python dependencies	2025-12-08T16:41:08.6425300Z Collecting sortedcontainers<3.0,>=2.3 (from mongita->-r requirements-dev.txt (line 5))
Run trait audit and dataset validation	Install Python dependencies	2025-12-08T16:41:08.6438806Z   Using cached sortedcontainers-2.4.0-py2.py3-none-any.whl.metadata (10 kB)
Run trait audit and dataset validation	Install Python dependencies	2025-12-08T16:41:08.6573553Z Collecting attrs>=22.2.0 (from jsonschema>=4.25.1->-r requirements-dev.txt (line 6))
Run trait audit and dataset validation	Install Python dependencies	2025-12-08T16:41:08.6587585Z   Using cached attrs-25.4.0-py3-none-any.whl.metadata (10 kB)
Run trait audit and dataset validation	Install Python dependencies	2025-12-08T16:41:08.6702116Z Collecting jsonschema-specifications>=2023.03.6 (from jsonschema>=4.25.1->-r requirements-dev.txt (line 6))
Run trait audit and dataset validation	Install Python dependencies	2025-12-08T16:41:08.6715936Z   Using cached jsonschema_specifications-2025.9.1-py3-none-any.whl.metadata (2.9 kB)
Run trait audit and dataset validation	Install Python dependencies	2025-12-08T16:41:08.6941702Z Collecting referencing>=0.28.4 (from jsonschema>=4.25.1->-r requirements-dev.txt (line 6))
Run trait audit and dataset validation	Install Python dependencies	2025-12-08T16:41:08.6956249Z   Using cached referencing-0.37.0-py3-none-any.whl.metadata (2.8 kB)
Run trait audit and dataset validation	Install Python dependencies	2025-12-08T16:41:08.9539027Z Collecting rpds-py>=0.7.1 (from jsonschema>=4.25.1->-r requirements-dev.txt (line 6))
Run trait audit and dataset validation	Install Python dependencies	2025-12-08T16:41:08.9606062Z   Downloading rpds_py-0.30.0-cp311-cp311-manylinux_2_17_x86_64.manylinux2014_x86_64.whl.metadata (4.1 kB)
Run trait audit and dataset validation	Install Python dependencies	2025-12-08T16:41:09.3167273Z Collecting botocore<1.43.0,>=1.42.4 (from boto3->-r requirements-dev.txt (line 8))
Run trait audit and dataset validation	Install Python dependencies	2025-12-08T16:41:09.3214344Z   Downloading botocore-1.42.4-py3-none-any.whl.metadata (5.9 kB)
Run trait audit and dataset validation	Install Python dependencies	2025-12-08T16:41:09.3369119Z Collecting jmespath<2.0.0,>=0.7.1 (from boto3->-r requirements-dev.txt (line 8))
Run trait audit and dataset validation	Install Python dependencies	2025-12-08T16:41:09.3382418Z   Using cached jmespath-1.0.1-py3-none-any.whl.metadata (7.6 kB)
Run trait audit and dataset validation	Install Python dependencies	2025-12-08T16:41:09.3555997Z Collecting s3transfer<0.17.0,>=0.16.0 (from boto3->-r requirements-dev.txt (line 8))
Run trait audit and dataset validation	Install Python dependencies	2025-12-08T16:41:09.3607036Z   Downloading s3transfer-0.16.0-py3-none-any.whl.metadata (1.7 kB)
Run trait audit and dataset validation	Install Python dependencies	2025-12-08T16:41:09.3760088Z Collecting python-dateutil<3.0.0,>=2.1 (from botocore<1.43.0,>=1.42.4->boto3->-r requirements-dev.txt (line 8))
Run trait audit and dataset validation	Install Python dependencies	2025-12-08T16:41:09.3773165Z   Using cached python_dateutil-2.9.0.post0-py2.py3-none-any.whl.metadata (8.4 kB)
Run trait audit and dataset validation	Install Python dependencies	2025-12-08T16:41:09.4051960Z Collecting urllib3!=2.2.0,<3,>=1.25.4 (from botocore<1.43.0,>=1.42.4->boto3->-r requirements-dev.txt (line 8))
Run trait audit and dataset validation	Install Python dependencies	2025-12-08T16:41:09.4089508Z   Downloading urllib3-2.6.1-py3-none-any.whl.metadata (6.6 kB)
Run trait audit and dataset validation	Install Python dependencies	2025-12-08T16:41:09.4265027Z Collecting six>=1.5 (from python-dateutil<3.0.0,>=2.1->botocore<1.43.0,>=1.42.4->boto3->-r requirements-dev.txt (line 8))
Run trait audit and dataset validation	Install Python dependencies	2025-12-08T16:41:09.4277919Z   Using cached six-1.17.0-py2.py3-none-any.whl.metadata (1.7 kB)
Run trait audit and dataset validation	Install Python dependencies	2025-12-08T16:41:09.6413154Z Collecting contourpy>=1.0.1 (from matplotlib->-r requirements-dev.txt (line 9))
Run trait audit and dataset validation	Install Python dependencies	2025-12-08T16:41:09.6429795Z   Using cached contourpy-1.3.3-cp311-cp311-manylinux_2_27_x86_64.manylinux_2_28_x86_64.whl.metadata (5.5 kB)
Run trait audit and dataset validation	Install Python dependencies	2025-12-08T16:41:09.6535390Z Collecting cycler>=0.10 (from matplotlib->-r requirements-dev.txt (line 9))
Run trait audit and dataset validation	Install Python dependencies	2025-12-08T16:41:09.6549675Z   Using cached cycler-0.12.1-py3-none-any.whl.metadata (3.8 kB)
Run trait audit and dataset validation	Install Python dependencies	2025-12-08T16:41:09.8649578Z Collecting fonttools>=4.22.0 (from matplotlib->-r requirements-dev.txt (line 9))
Run trait audit and dataset validation	Install Python dependencies	2025-12-08T16:41:09.8673406Z   Using cached fonttools-4.61.0-cp311-cp311-manylinux2014_x86_64.manylinux_2_17_x86_64.whl.metadata (113 kB)
Run trait audit and dataset validation	Install Python dependencies	2025-12-08T16:41:09.9367229Z Collecting kiwisolver>=1.3.1 (from matplotlib->-r requirements-dev.txt (line 9))
Run trait audit and dataset validation	Install Python dependencies	2025-12-08T16:41:09.9382781Z   Using cached kiwisolver-1.4.9-cp311-cp311-manylinux2014_x86_64.manylinux_2_17_x86_64.whl.metadata (6.3 kB)
Run trait audit and dataset validation	Install Python dependencies	2025-12-08T16:41:10.1212183Z Collecting pillow>=8 (from matplotlib->-r requirements-dev.txt (line 9))
Run trait audit and dataset validation	Install Python dependencies	2025-12-08T16:41:10.1229570Z   Using cached pillow-12.0.0-cp311-cp311-manylinux_2_27_x86_64.manylinux_2_28_x86_64.whl.metadata (8.8 kB)
Run trait audit and dataset validation	Install Python dependencies	2025-12-08T16:41:10.1491478Z Collecting pyparsing>=3 (from matplotlib->-r requirements-dev.txt (line 9))
Run trait audit and dataset validation	Install Python dependencies	2025-12-08T16:41:10.1508383Z   Using cached pyparsing-3.2.5-py3-none-any.whl.metadata (5.0 kB)
Run trait audit and dataset validation	Install Python dependencies	2025-12-08T16:41:10.2010029Z Collecting typing-extensions>=4.4.0 (from referencing>=0.28.4->jsonschema>=4.25.1->-r requirements-dev.txt (line 6))
Run trait audit and dataset validation	Install Python dependencies	2025-12-08T16:41:10.2024949Z   Using cached typing_extensions-4.15.0-py3-none-any.whl.metadata (3.3 kB)
Run trait audit and dataset validation	Install Python dependencies	2025-12-08T16:41:10.2098050Z Using cached pyyaml-6.0.3-cp311-cp311-manylinux2014_x86_64.manylinux_2_17_x86_64.manylinux_2_28_x86_64.whl (806 kB)
Run trait audit and dataset validation	Install Python dependencies	2025-12-08T16:41:10.2118535Z Using cached numpy-2.3.5-cp311-cp311-manylinux_2_27_x86_64.manylinux_2_28_x86_64.whl (16.9 MB)
Run trait audit and dataset validation	Install Python dependencies	2025-12-08T16:41:10.2301625Z Downloading pymongo-4.15.5-cp311-cp311-manylinux2014_x86_64.manylinux_2_17_x86_64.manylinux_2_28_x86_64.whl (1.5 MB)
Run trait audit and dataset validation	Install Python dependencies	2025-12-08T16:41:10.2567315Z    â”â”â”â”â”â”â”â”â”â”â”â”â”â”â”â”â”â”â”â”â”â”â”â”â”â”â”â”â”â”â”â”â”â”â”â”â”â”â”â” 1.5/1.5 MB 109.5 MB/s  0:00:00
Run trait audit and dataset validation	Install Python dependencies	2025-12-08T16:41:10.2580749Z Using cached dnspython-2.8.0-py3-none-any.whl (331 kB)
Run trait audit and dataset validation	Install Python dependencies	2025-12-08T16:41:10.2595853Z Using cached mongomock-4.3.0-py2.py3-none-any.whl (64 kB)
Run trait audit and dataset validation	Install Python dependencies	2025-12-08T16:41:10.2608811Z Using cached sortedcontainers-2.4.0-py2.py3-none-any.whl (29 kB)
Run trait audit and dataset validation	Install Python dependencies	2025-12-08T16:41:10.2621554Z Using cached jsonschema-4.25.1-py3-none-any.whl (90 kB)
Run trait audit and dataset validation	Install Python dependencies	2025-12-08T16:41:10.2657835Z Downloading boto3-1.42.4-py3-none-any.whl (140 kB)
Run trait audit and dataset validation	Install Python dependencies	2025-12-08T16:41:10.2727916Z Downloading botocore-1.42.4-py3-none-any.whl (14.5 MB)
Run trait audit and dataset validation	Install Python dependencies	2025-12-08T16:41:10.3662671Z    â”â”â”â”â”â”â”â”â”â”â”â”â”â”â”â”â”â”â”â”â”â”â”â”â”â”â”â”â”â”â”â”â”â”â”â”â”â”â”â” 14.5/14.5 MB 157.8 MB/s  0:00:00
Run trait audit and dataset validation	Install Python dependencies	2025-12-08T16:41:10.3678018Z Using cached jmespath-1.0.1-py3-none-any.whl (20 kB)
Run trait audit and dataset validation	Install Python dependencies	2025-12-08T16:41:10.3691625Z Using cached python_dateutil-2.9.0.post0-py2.py3-none-any.whl (229 kB)
Run trait audit and dataset validation	Install Python dependencies	2025-12-08T16:41:10.3736418Z Downloading s3transfer-0.16.0-py3-none-any.whl (86 kB)
Run trait audit and dataset validation	Install Python dependencies	2025-12-08T16:41:10.3797199Z Downloading urllib3-2.6.1-py3-none-any.whl (131 kB)
Run trait audit and dataset validation	Install Python dependencies	2025-12-08T16:41:10.3840361Z Using cached matplotlib-3.10.7-cp311-cp311-manylinux2014_x86_64.manylinux_2_17_x86_64.whl (8.7 MB)
Run trait audit and dataset validation	Install Python dependencies	2025-12-08T16:41:10.3917623Z Using cached attrs-25.4.0-py3-none-any.whl (67 kB)
Run trait audit and dataset validation	Install Python dependencies	2025-12-08T16:41:10.3931490Z Using cached contourpy-1.3.3-cp311-cp311-manylinux_2_27_x86_64.manylinux_2_28_x86_64.whl (355 kB)
Run trait audit and dataset validation	Install Python dependencies	2025-12-08T16:41:10.3947087Z Using cached cycler-0.12.1-py3-none-any.whl (8.3 kB)
Run trait audit and dataset validation	Install Python dependencies	2025-12-08T16:41:10.3960574Z Using cached fonttools-4.61.0-cp311-cp311-manylinux2014_x86_64.manylinux_2_17_x86_64.whl (5.0 MB)
Run trait audit and dataset validation	Install Python dependencies	2025-12-08T16:41:10.4010375Z Using cached jsonschema_specifications-2025.9.1-py3-none-any.whl (18 kB)
Run trait audit and dataset validation	Install Python dependencies	2025-12-08T16:41:10.4023945Z Using cached kiwisolver-1.4.9-cp311-cp311-manylinux2014_x86_64.manylinux_2_17_x86_64.whl (1.4 MB)
Run trait audit and dataset validation	Install Python dependencies	2025-12-08T16:41:10.4047550Z Using cached packaging-25.0-py3-none-any.whl (66 kB)
Run trait audit and dataset validation	Install Python dependencies	2025-12-08T16:41:10.4061403Z Using cached pillow-12.0.0-cp311-cp311-manylinux_2_27_x86_64.manylinux_2_28_x86_64.whl (7.0 MB)
Run trait audit and dataset validation	Install Python dependencies	2025-12-08T16:41:10.4126462Z Using cached pyparsing-3.2.5-py3-none-any.whl (113 kB)
Run trait audit and dataset validation	Install Python dependencies	2025-12-08T16:41:10.4140369Z Using cached referencing-0.37.0-py3-none-any.whl (26 kB)
Run trait audit and dataset validation	Install Python dependencies	2025-12-08T16:41:10.4176487Z Downloading rpds_py-0.30.0-cp311-cp311-manylinux_2_17_x86_64.manylinux2014_x86_64.whl (390 kB)
Run trait audit and dataset validation	Install Python dependencies	2025-12-08T16:41:10.4231605Z Using cached six-1.17.0-py2.py3-none-any.whl (11 kB)
Run trait audit and dataset validation	Install Python dependencies	2025-12-08T16:41:10.4245144Z Using cached typing_extensions-4.15.0-py3-none-any.whl (44 kB)
Run trait audit and dataset validation	Install Python dependencies	2025-12-08T16:41:10.4258720Z Using cached pytz-2025.2-py2.py3-none-any.whl (509 kB)
Run trait audit and dataset validation	Install Python dependencies	2025-12-08T16:41:10.4275590Z Using cached sentinels-1.1.1-py3-none-any.whl (3.7 kB)
Run trait audit and dataset validation	Install Python dependencies	2025-12-08T16:41:10.5780513Z Installing collected packages: sortedcontainers, pytz, urllib3, typing-extensions, six, sentinels, rpds-py, pyyaml, pyparsing, pillow, packaging, numpy, kiwisolver, jmespath, fonttools, dnspython, cycler, attrs, referencing, python-dateutil, pymongo, mongomock, contourpy, mongita, matplotlib, jsonschema-specifications, botocore, s3transfer, jsonschema, boto3
Run trait audit and dataset validation	Install Python dependencies	2025-12-08T16:41:16.8609220Z 
Run trait audit and dataset validation	Install Python dependencies	2025-12-08T16:41:16.8632516Z Successfully installed attrs-25.4.0 boto3-1.42.4 botocore-1.42.4 contourpy-1.3.3 cycler-0.12.1 dnspython-2.8.0 fonttools-4.61.0 jmespath-1.0.1 jsonschema-4.25.1 jsonschema-specifications-2025.9.1 kiwisolver-1.4.9 matplotlib-3.10.7 mongita-1.2.0 mongomock-4.3.0 numpy-2.3.5 packaging-25.0 pillow-12.0.0 pymongo-4.15.5 pyparsing-3.2.5 python-dateutil-2.9.0.post0 pytz-2025.2 pyyaml-6.0.3 referencing-0.37.0 rpds-py-0.30.0 s3transfer-0.16.0 sentinels-1.1.1 six-1.17.0 sortedcontainers-2.4.0 typing-extensions-4.15.0 urllib3-2.6.1
Run trait audit and dataset validation	Install Python dependencies	2025-12-08T16:41:17.5539302Z Requirement already satisfied: jsonschema in /opt/hostedtoolcache/Python/3.11.14/x64/lib/python3.11/site-packages (4.25.1)
Run trait audit and dataset validation	Install Python dependencies	2025-12-08T16:41:17.5550041Z Requirement already satisfied: attrs>=22.2.0 in /opt/hostedtoolcache/Python/3.11.14/x64/lib/python3.11/site-packages (from jsonschema) (25.4.0)
Run trait audit and dataset validation	Install Python dependencies	2025-12-08T16:41:17.5555657Z Requirement already satisfied: jsonschema-specifications>=2023.03.6 in /opt/hostedtoolcache/Python/3.11.14/x64/lib/python3.11/site-packages (from jsonschema) (2025.9.1)
Run trait audit and dataset validation	Install Python dependencies	2025-12-08T16:41:17.5560778Z Requirement already satisfied: referencing>=0.28.4 in /opt/hostedtoolcache/Python/3.11.14/x64/lib/python3.11/site-packages (from jsonschema) (0.37.0)
Run trait audit and dataset validation	Install Python dependencies	2025-12-08T16:41:17.5565902Z Requirement already satisfied: rpds-py>=0.7.1 in /opt/hostedtoolcache/Python/3.11.14/x64/lib/python3.11/site-packages (from jsonschema) (0.30.0)
Run trait audit and dataset validation	Install Python dependencies	2025-12-08T16:41:17.5608042Z Requirement already satisfied: typing-extensions>=4.4.0 in /opt/hostedtoolcache/Python/3.11.14/x64/lib/python3.11/site-packages (from referencing>=0.28.4->jsonschema) (4.15.0)
Run trait audit and dataset validation	Validate YAML datasets	ï»¿2025-12-08T16:41:17.6411389Z ##[group]Run python tools/py/validate_datasets.py
Run trait audit and dataset validation	Validate YAML datasets	2025-12-08T16:41:17.6411795Z [36;1mpython tools/py/validate_datasets.py[0m
Run trait audit and dataset validation	Validate YAML datasets	2025-12-08T16:41:17.6444879Z shell: /usr/bin/bash -e {0}
Run trait audit and dataset validation	Validate YAML datasets	2025-12-08T16:41:17.6445118Z env:
Run trait audit and dataset validation	Validate YAML datasets	2025-12-08T16:41:17.6445367Z   pythonLocation: /opt/hostedtoolcache/Python/3.11.14/x64
Run trait audit and dataset validation	Validate YAML datasets	2025-12-08T16:41:17.6445784Z   PKG_CONFIG_PATH: /opt/hostedtoolcache/Python/3.11.14/x64/lib/pkgconfig
Run trait audit and dataset validation	Validate YAML datasets	2025-12-08T16:41:17.6446171Z   Python_ROOT_DIR: /opt/hostedtoolcache/Python/3.11.14/x64
Run trait audit and dataset validation	Validate YAML datasets	2025-12-08T16:41:17.6446519Z   Python2_ROOT_DIR: /opt/hostedtoolcache/Python/3.11.14/x64
Run trait audit and dataset validation	Validate YAML datasets	2025-12-08T16:41:17.6446867Z   Python3_ROOT_DIR: /opt/hostedtoolcache/Python/3.11.14/x64
Run trait audit and dataset validation	Validate YAML datasets	2025-12-08T16:41:17.6447237Z   LD_LIBRARY_PATH: /opt/hostedtoolcache/Python/3.11.14/x64/lib
Run trait audit and dataset validation	Validate YAML datasets	2025-12-08T16:41:17.6447527Z ##[endgroup]
Run trait audit and dataset validation	Validate YAML datasets	2025-12-08T16:41:18.6487702Z packs/evo_tactics_pack: 10 controlli eseguiti â€” 0 avvisi.
Run trait audit and dataset validation	Validate YAML datasets	2025-12-08T16:41:18.6488399Z Tutti i dataset YAML sono validi.
Run trait audit and dataset validation	Run trait audit in check mode	ï»¿2025-12-08T16:41:18.6609675Z ##[group]Run python scripts/trait_audit.py --check
Run trait audit and dataset validation	Run trait audit in check mode	2025-12-08T16:41:18.6610307Z [36;1mpython scripts/trait_audit.py --check[0m
Run trait audit and dataset validation	Run trait audit in check mode	2025-12-08T16:41:18.6652069Z shell: /usr/bin/bash -e {0}
Run trait audit and dataset validation	Run trait audit in check mode	2025-12-08T16:41:18.6652322Z env:
Run trait audit and dataset validation	Run trait audit in check mode	2025-12-08T16:41:18.6652586Z   pythonLocation: /opt/hostedtoolcache/Python/3.11.14/x64
Run trait audit and dataset validation	Run trait audit in check mode	2025-12-08T16:41:18.6653028Z   PKG_CONFIG_PATH: /opt/hostedtoolcache/Python/3.11.14/x64/lib/pkgconfig
Run trait audit and dataset validation	Run trait audit in check mode	2025-12-08T16:41:18.6653440Z   Python_ROOT_DIR: /opt/hostedtoolcache/Python/3.11.14/x64
Run trait audit and dataset validation	Run trait audit in check mode	2025-12-08T16:41:18.6653795Z   Python2_ROOT_DIR: /opt/hostedtoolcache/Python/3.11.14/x64
Run trait audit and dataset validation	Run trait audit in check mode	2025-12-08T16:41:18.6654147Z   Python3_ROOT_DIR: /opt/hostedtoolcache/Python/3.11.14/x64
Run trait audit and dataset validation	Run trait audit in check mode	2025-12-08T16:41:18.6654740Z   LD_LIBRARY_PATH: /opt/hostedtoolcache/Python/3.11.14/x64/lib
Run trait audit and dataset validation	Run trait audit in check mode	2025-12-08T16:41:18.6655038Z ##[endgroup]
Run trait audit and dataset validation	Run trait audit in check mode	2025-12-08T16:41:18.8025508Z /home/runner/work/Game/Game/scripts/trait_audit.py:21: DeprecationWarning: jsonschema.RefResolver is deprecated as of v4.18.0, in favor of the https://github.com/python-jsonschema/referencing library, which provides more compliant referencing behavior as well as more flexible APIs for customization. A future release will remove RefResolver. Please file a feature request (on referencing) if you are missing an API for the kind of customization you need.
Run trait audit and dataset validation	Run trait audit in check mode	2025-12-08T16:41:18.8028693Z   from jsonschema import Draft202012Validator, RefResolver, exceptions
Run trait audit and dataset validation	Run trait audit in check mode	2025-12-08T16:41:19.0979047Z Audit dei tratti: nessuna regressione rilevata.
Run trait audit and dataset validation	Build trait index	ï»¿2025-12-08T16:41:19.1209308Z ##[group]Run node scripts/build_trait_index.js
Run trait audit and dataset validation	Build trait index	2025-12-08T16:41:19.1209673Z [36;1mnode scripts/build_trait_index.js[0m
Run trait audit and dataset validation	Build trait index	2025-12-08T16:41:19.1242491Z shell: /usr/bin/bash -e {0}
Run trait audit and dataset validation	Build trait index	2025-12-08T16:41:19.1242901Z env:
Run trait audit and dataset validation	Build trait index	2025-12-08T16:41:19.1243150Z   pythonLocation: /opt/hostedtoolcache/Python/3.11.14/x64
Run trait audit and dataset validation	Build trait index	2025-12-08T16:41:19.1243559Z   PKG_CONFIG_PATH: /opt/hostedtoolcache/Python/3.11.14/x64/lib/pkgconfig
Run trait audit and dataset validation	Build trait index	2025-12-08T16:41:19.1243940Z   Python_ROOT_DIR: /opt/hostedtoolcache/Python/3.11.14/x64
Run trait audit and dataset validation	Build trait index	2025-12-08T16:41:19.1244275Z   Python2_ROOT_DIR: /opt/hostedtoolcache/Python/3.11.14/x64
Run trait audit and dataset validation	Build trait index	2025-12-08T16:41:19.1244841Z   Python3_ROOT_DIR: /opt/hostedtoolcache/Python/3.11.14/x64
Run trait audit and dataset validation	Build trait index	2025-12-08T16:41:19.1245187Z   LD_LIBRARY_PATH: /opt/hostedtoolcache/Python/3.11.14/x64/lib
Run trait audit and dataset validation	Build trait index	2025-12-08T16:41:19.1245470Z ##[endgroup]
Run trait audit and dataset validation	Build trait index	2025-12-08T16:41:19.1850777Z Indice generato (CSV): data/traits/index.csv
Run trait audit and dataset validation	Build trait index	2025-12-08T16:41:19.1855039Z Totale trait: 263
Run trait audit and dataset validation	Generate strict trait coverage report	ï»¿2025-12-08T16:41:19.1919796Z ##[group]Run python tools/py/report_trait_coverage.py --strict
Run trait audit and dataset validation	Generate strict trait coverage report	2025-12-08T16:41:19.1920236Z [36;1mpython tools/py/report_trait_coverage.py --strict[0m
Run trait audit and dataset validation	Generate strict trait coverage report	2025-12-08T16:41:19.1952868Z shell: /usr/bin/bash -e {0}
Run trait audit and dataset validation	Generate strict trait coverage report	2025-12-08T16:41:19.1953101Z env:
Run trait audit and dataset validation	Generate strict trait coverage report	2025-12-08T16:41:19.1953372Z   pythonLocation: /opt/hostedtoolcache/Python/3.11.14/x64
Run trait audit and dataset validation	Generate strict trait coverage report	2025-12-08T16:41:19.1953800Z   PKG_CONFIG_PATH: /opt/hostedtoolcache/Python/3.11.14/x64/lib/pkgconfig
Run trait audit and dataset validation	Generate strict trait coverage report	2025-12-08T16:41:19.1954204Z   Python_ROOT_DIR: /opt/hostedtoolcache/Python/3.11.14/x64
Run trait audit and dataset validation	Generate strict trait coverage report	2025-12-08T16:41:19.1954758Z   Python2_ROOT_DIR: /opt/hostedtoolcache/Python/3.11.14/x64
Run trait audit and dataset validation	Generate strict trait coverage report	2025-12-08T16:41:19.1955100Z   Python3_ROOT_DIR: /opt/hostedtoolcache/Python/3.11.14/x64
Run trait audit and dataset validation	Generate strict trait coverage report	2025-12-08T16:41:19.1955446Z   LD_LIBRARY_PATH: /opt/hostedtoolcache/Python/3.11.14/x64/lib
Run trait audit and dataset validation	Generate strict trait coverage report	2025-12-08T16:41:19.1955733Z ##[endgroup]
Run trait audit and dataset validation	Generate strict trait coverage report	2025-12-08T16:41:19.2839314Z Validazione species_affinity: impossibile verificare ID specie perchÃ© il catalogo non contiene elementi.
Run trait audit and dataset validation	Generate strict trait coverage report	2025-12-08T16:41:19.2840484Z traits_with_species=0 sotto la soglia 27
Run trait audit and dataset validation	Generate strict trait coverage report	2025-12-08T16:41:19.2841293Z rules_missing_species_total=284 eccede il massimo consentito 0
Run trait audit and dataset validation	Generate strict trait coverage report	2025-12-08T16:41:19.2945775Z ##[error]Process completed with exit code 1.
Run trait audit and dataset validation	Upload trait reports	ï»¿2025-12-08T16:41:19.3024975Z ##[group]Run actions/upload-artifact@v4
Run trait audit and dataset validation	Upload trait reports	2025-12-08T16:41:19.3025318Z with:
Run trait audit and dataset validation	Upload trait reports	2025-12-08T16:41:19.3025524Z   name: trait-data-reports-20012320492
Run trait audit and dataset validation	Upload trait reports	2025-12-08T16:41:19.3026170Z   path: reports/**
Run trait audit and dataset validation	Upload trait reports	logs/trait_audit/trait_progress_history.json
Run trait audit and dataset validation	Upload trait reports	data/derived/analysis/trait_coverage_report.json
Run trait audit and dataset validation	Upload trait reports	data/derived/analysis/trait_coverage_matrix.csv
Run trait audit and dataset validation	Upload trait reports	
Run trait audit and dataset validation	Upload trait reports	2025-12-08T16:41:19.3026799Z   if-no-files-found: warn
Run trait audit and dataset validation	Upload trait reports	2025-12-08T16:41:19.3027019Z   compression-level: 6
Run trait audit and dataset validation	Upload trait reports	2025-12-08T16:41:19.3027220Z   overwrite: false
Run trait audit and dataset validation	Upload trait reports	2025-12-08T16:41:19.3027412Z   include-hidden-files: false
Run trait audit and dataset validation	Upload trait reports	2025-12-08T16:41:19.3027624Z env:
Run trait audit and dataset validation	Upload trait reports	2025-12-08T16:41:19.3027856Z   pythonLocation: /opt/hostedtoolcache/Python/3.11.14/x64
Run trait audit and dataset validation	Upload trait reports	2025-12-08T16:41:19.3028249Z   PKG_CONFIG_PATH: /opt/hostedtoolcache/Python/3.11.14/x64/lib/pkgconfig
Run trait audit and dataset validation	Upload trait reports	2025-12-08T16:41:19.3028642Z   Python_ROOT_DIR: /opt/hostedtoolcache/Python/3.11.14/x64
Run trait audit and dataset validation	Upload trait reports	2025-12-08T16:41:19.3028994Z   Python2_ROOT_DIR: /opt/hostedtoolcache/Python/3.11.14/x64
Run trait audit and dataset validation	Upload trait reports	2025-12-08T16:41:19.3029344Z   Python3_ROOT_DIR: /opt/hostedtoolcache/Python/3.11.14/x64
Run trait audit and dataset validation	Upload trait reports	2025-12-08T16:41:19.3029837Z   LD_LIBRARY_PATH: /opt/hostedtoolcache/Python/3.11.14/x64/lib
Run trait audit and dataset validation	Upload trait reports	2025-12-08T16:41:19.3030134Z ##[endgroup]
Run trait audit and dataset validation	Upload trait reports	2025-12-08T16:41:19.5775026Z Multiple search paths detected. Calculating the least common ancestor of all paths
Run trait audit and dataset validation	Upload trait reports	2025-12-08T16:41:19.5778095Z The least common ancestor is /home/runner/work/Game/Game. This will be the root directory of the artifact
Run trait audit and dataset validation	Upload trait reports	2025-12-08T16:41:19.5779076Z With the provided path, there will be 228 files uploaded
Run trait audit and dataset validation	Upload trait reports	2025-12-08T16:41:19.5783434Z Artifact name is valid!
Run trait audit and dataset validation	Upload trait reports	2025-12-08T16:41:19.5784761Z Root directory input is valid!
Run trait audit and dataset validation	Upload trait reports	2025-12-08T16:41:19.8860537Z Beginning upload of artifact content to blob storage
Run trait audit and dataset validation	Upload trait reports	2025-12-08T16:41:20.5991046Z Uploaded bytes 243654
Run trait audit and dataset validation	Upload trait reports	2025-12-08T16:41:20.6721109Z Finished uploading artifact content to blob storage!
Run trait audit and dataset validation	Upload trait reports	2025-12-08T16:41:20.6724184Z SHA256 digest of uploaded artifact zip is 234edf89091b4cc70529d167d87332eeb04b4affe80835e6864b990e8c2fd502
Run trait audit and dataset validation	Upload trait reports	2025-12-08T16:41:20.6726203Z Finalizing artifact upload
Run trait audit and dataset validation	Upload trait reports	2025-12-08T16:41:20.8502605Z Artifact trait-data-reports-20012320492.zip successfully finalized. Artifact ID 4800054847
Run trait audit and dataset validation	Upload trait reports	2025-12-08T16:41:20.8505472Z Artifact trait-data-reports-20012320492 has been successfully uploaded! Final size is 243654 bytes. Artifact ID is 4800054847
Run trait audit and dataset validation	Upload trait reports	2025-12-08T16:41:20.8512455Z Artifact download URL: https://github.com/MasterDD-L34D/Game/actions/runs/20012320492/artifacts/4800054847
Run trait audit and dataset validation	Post Checkout repository	ï»¿2025-12-08T16:41:20.8691808Z Post job cleanup.
Run trait audit and dataset validation	Post Checkout repository	2025-12-08T16:41:20.9657727Z [command]/usr/bin/git version
Run trait audit and dataset validation	Post Checkout repository	2025-12-08T16:41:20.9696367Z git version 2.52.0
Run trait audit and dataset validation	Post Checkout repository	2025-12-08T16:41:20.9752839Z Temporarily overriding HOME='/home/runner/work/_temp/96f8c4ea-0644-48fc-847b-c0a0329bff79' before making global git config changes
Run trait audit and dataset validation	Post Checkout repository	2025-12-08T16:41:20.9753973Z Adding repository directory to the temporary git global config as a safe directory
Run trait audit and dataset validation	Post Checkout repository	2025-12-08T16:41:20.9758381Z [command]/usr/bin/git config --global --add safe.directory /home/runner/work/Game/Game
Run trait audit and dataset validation	Post Checkout repository	2025-12-08T16:41:20.9794857Z [command]/usr/bin/git config --local --name-only --get-regexp core\.sshCommand
Run trait audit and dataset validation	Post Checkout repository	2025-12-08T16:41:20.9828105Z [command]/usr/bin/git submodule foreach --recursive sh -c "git config --local --name-only --get-regexp 'core\.sshCommand' && git config --local --unset-all 'core.sshCommand' || :"
Run trait audit and dataset validation	Post Checkout repository	2025-12-08T16:41:21.0068209Z [command]/usr/bin/git config --local --name-only --get-regexp http\.https\:\/\/github\.com\/\.extraheader
Run trait audit and dataset validation	Post Checkout repository	2025-12-08T16:41:21.0092181Z http.https://github.com/.extraheader
Run trait audit and dataset validation	Post Checkout repository	2025-12-08T16:41:21.0105618Z [command]/usr/bin/git config --local --unset-all http.https://github.com/.extraheader
Run trait audit and dataset validation	Post Checkout repository	2025-12-08T16:41:21.0138000Z [command]/usr/bin/git submodule foreach --recursive sh -c "git config --local --name-only --get-regexp 'http\.https\:\/\/github\.com\/\.extraheader' && git config --local --unset-all 'http.https://github.com/.extraheader' || :"
Run trait audit and dataset validation	Post Checkout repository	2025-12-08T16:41:21.0367017Z [command]/usr/bin/git config --local --name-only --get-regexp ^includeIf\.gitdir:
Run trait audit and dataset validation	Post Checkout repository	2025-12-08T16:41:21.0398981Z [command]/usr/bin/git submodule foreach --recursive git config --local --show-origin --name-only --get-regexp remote.origin.url
Run trait audit and dataset validation	Complete job	ï»¿2025-12-08T16:41:21.0745932Z Cleaning up orphan processes
