evo-batch	Set up job	ï»¿2025-12-08T21:19:15.5805531Z Current runner version: '2.329.0'
evo-batch	Set up job	2025-12-08T21:19:15.5831759Z ##[group]Runner Image Provisioner
evo-batch	Set up job	2025-12-08T21:19:15.5832632Z Hosted Compute Agent
evo-batch	Set up job	2025-12-08T21:19:15.5833167Z Version: 20251124.448
evo-batch	Set up job	2025-12-08T21:19:15.5833692Z Commit: fda5086b43ec66ade217e5fcd18146c879571177
evo-batch	Set up job	2025-12-08T21:19:15.5834374Z Build Date: 2025-11-24T21:16:26Z
evo-batch	Set up job	2025-12-08T21:19:15.5834920Z ##[endgroup]
evo-batch	Set up job	2025-12-08T21:19:15.5835389Z ##[group]Operating System
evo-batch	Set up job	2025-12-08T21:19:15.5835925Z Ubuntu
evo-batch	Set up job	2025-12-08T21:19:15.5836333Z 24.04.3
evo-batch	Set up job	2025-12-08T21:19:15.5836979Z LTS
evo-batch	Set up job	2025-12-08T21:19:15.5837412Z ##[endgroup]
evo-batch	Set up job	2025-12-08T21:19:15.5837874Z ##[group]Runner Image
evo-batch	Set up job	2025-12-08T21:19:15.5838356Z Image: ubuntu-24.04
evo-batch	Set up job	2025-12-08T21:19:15.5838842Z Version: 20251126.144.1
evo-batch	Set up job	2025-12-08T21:19:15.5839763Z Included Software: https://github.com/actions/runner-images/blob/ubuntu24/20251126.144/images/ubuntu/Ubuntu2404-Readme.md
evo-batch	Set up job	2025-12-08T21:19:15.5840943Z Image Release: https://github.com/actions/runner-images/releases/tag/ubuntu24%2F20251126.144
evo-batch	Set up job	2025-12-08T21:19:15.5842015Z ##[endgroup]
evo-batch	Set up job	2025-12-08T21:19:15.5842981Z ##[group]GITHUB_TOKEN Permissions
evo-batch	Set up job	2025-12-08T21:19:15.5844839Z Contents: read
evo-batch	Set up job	2025-12-08T21:19:15.5845351Z Metadata: read
evo-batch	Set up job	2025-12-08T21:19:15.5845773Z Packages: read
evo-batch	Set up job	2025-12-08T21:19:15.5846299Z ##[endgroup]
evo-batch	Set up job	2025-12-08T21:19:15.5848492Z Secret source: Actions
evo-batch	Set up job	2025-12-08T21:19:15.5849117Z Prepare workflow directory
evo-batch	Set up job	2025-12-08T21:19:15.6454022Z Prepare all required actions
evo-batch	Set up job	2025-12-08T21:19:15.6511737Z Getting action download info
evo-batch	Set up job	2025-12-08T21:19:15.9542436Z Download action repository 'actions/checkout@v4' (SHA:34e114876b0b11c390a56381ad16ebd13914f8d5)
evo-batch	Set up job	2025-12-08T21:19:16.3722951Z Download action repository 'actions/setup-python@v5' (SHA:a26af69be951a213d495a4c3e4e4022e16d87065)
evo-batch	Set up job	2025-12-08T21:19:16.4950016Z Complete job name: evo-batch
evo-batch	Checkout repository	ï»¿2025-12-08T21:19:16.5491441Z ##[group]Run actions/checkout@v4
evo-batch	Checkout repository	2025-12-08T21:19:16.5492311Z with:
evo-batch	Checkout repository	2025-12-08T21:19:16.5492740Z   repository: MasterDD-L34D/Game
evo-batch	Checkout repository	2025-12-08T21:19:16.5493514Z   token: ***
evo-batch	Checkout repository	2025-12-08T21:19:16.5493978Z   ssh-strict: true
evo-batch	Checkout repository	2025-12-08T21:19:16.5494402Z   ssh-user: git
evo-batch	Checkout repository	2025-12-08T21:19:16.5494879Z   persist-credentials: true
evo-batch	Checkout repository	2025-12-08T21:19:16.5495324Z   clean: true
evo-batch	Checkout repository	2025-12-08T21:19:16.5495776Z   sparse-checkout-cone-mode: true
evo-batch	Checkout repository	2025-12-08T21:19:16.5496308Z   fetch-depth: 1
evo-batch	Checkout repository	2025-12-08T21:19:16.5496895Z   fetch-tags: false
evo-batch	Checkout repository	2025-12-08T21:19:16.5497391Z   show-progress: true
evo-batch	Checkout repository	2025-12-08T21:19:16.5497837Z   lfs: false
evo-batch	Checkout repository	2025-12-08T21:19:16.5498275Z   submodules: false
evo-batch	Checkout repository	2025-12-08T21:19:16.5498694Z   set-safe-directory: true
evo-batch	Checkout repository	2025-12-08T21:19:16.5499462Z env:
evo-batch	Checkout repository	2025-12-08T21:19:16.5499865Z   BATCH: traits
evo-batch	Checkout repository	2025-12-08T21:19:16.5500335Z   IGNORE_ERRORS_FLAG: 
evo-batch	Checkout repository	2025-12-08T21:19:16.5500735Z ##[endgroup]
evo-batch	Checkout repository	2025-12-08T21:19:16.6604522Z Syncing repository: MasterDD-L34D/Game
evo-batch	Checkout repository	2025-12-08T21:19:16.6607641Z ##[group]Getting Git version info
evo-batch	Checkout repository	2025-12-08T21:19:16.6609036Z Working directory is '/home/runner/work/Game/Game'
evo-batch	Checkout repository	2025-12-08T21:19:16.6610984Z [command]/usr/bin/git version
evo-batch	Checkout repository	2025-12-08T21:19:16.6629578Z git version 2.52.0
evo-batch	Checkout repository	2025-12-08T21:19:16.6665405Z ##[endgroup]
evo-batch	Checkout repository	2025-12-08T21:19:16.6683532Z Temporarily overriding HOME='/home/runner/work/_temp/a89c6b99-776d-49fb-857b-bb0e91a1a006' before making global git config changes
evo-batch	Checkout repository	2025-12-08T21:19:16.6684908Z Adding repository directory to the temporary git global config as a safe directory
evo-batch	Checkout repository	2025-12-08T21:19:16.6700154Z [command]/usr/bin/git config --global --add safe.directory /home/runner/work/Game/Game
evo-batch	Checkout repository	2025-12-08T21:19:16.6741957Z Deleting the contents of '/home/runner/work/Game/Game'
evo-batch	Checkout repository	2025-12-08T21:19:16.6746059Z ##[group]Initializing the repository
evo-batch	Checkout repository	2025-12-08T21:19:16.6751841Z [command]/usr/bin/git init /home/runner/work/Game/Game
evo-batch	Checkout repository	2025-12-08T21:19:16.6853319Z hint: Using 'master' as the name for the initial branch. This default branch name
evo-batch	Checkout repository	2025-12-08T21:19:16.6855964Z hint: will change to "main" in Git 3.0. To configure the initial branch name
evo-batch	Checkout repository	2025-12-08T21:19:16.6868566Z hint: to use in all of your new repositories, which will suppress this warning,
evo-batch	Checkout repository	2025-12-08T21:19:16.6869458Z hint: call:
evo-batch	Checkout repository	2025-12-08T21:19:16.6870485Z hint:
evo-batch	Checkout repository	2025-12-08T21:19:16.6871271Z hint: 	git config --global init.defaultBranch <name>
evo-batch	Checkout repository	2025-12-08T21:19:16.6872109Z hint:
evo-batch	Checkout repository	2025-12-08T21:19:16.6873764Z hint: Names commonly chosen instead of 'master' are 'main', 'trunk' and
evo-batch	Checkout repository	2025-12-08T21:19:16.6875879Z hint: 'development'. The just-created branch can be renamed via this command:
evo-batch	Checkout repository	2025-12-08T21:19:16.6877340Z hint:
evo-batch	Checkout repository	2025-12-08T21:19:16.6877907Z hint: 	git branch -m <name>
evo-batch	Checkout repository	2025-12-08T21:19:16.6878415Z hint:
evo-batch	Checkout repository	2025-12-08T21:19:16.6879089Z hint: Disable this message with "git config set advice.defaultBranchName false"
evo-batch	Checkout repository	2025-12-08T21:19:16.6880018Z Initialized empty Git repository in /home/runner/work/Game/Game/.git/
evo-batch	Checkout repository	2025-12-08T21:19:16.6881534Z [command]/usr/bin/git remote add origin https://github.com/MasterDD-L34D/Game
evo-batch	Checkout repository	2025-12-08T21:19:16.6911378Z ##[endgroup]
evo-batch	Checkout repository	2025-12-08T21:19:16.6912737Z ##[group]Disabling automatic garbage collection
evo-batch	Checkout repository	2025-12-08T21:19:16.6915870Z [command]/usr/bin/git config --local gc.auto 0
evo-batch	Checkout repository	2025-12-08T21:19:16.6941407Z ##[endgroup]
evo-batch	Checkout repository	2025-12-08T21:19:16.6942158Z ##[group]Setting up auth
evo-batch	Checkout repository	2025-12-08T21:19:16.6947845Z [command]/usr/bin/git config --local --name-only --get-regexp core\.sshCommand
evo-batch	Checkout repository	2025-12-08T21:19:16.6972847Z [command]/usr/bin/git submodule foreach --recursive sh -c "git config --local --name-only --get-regexp 'core\.sshCommand' && git config --local --unset-all 'core.sshCommand' || :"
evo-batch	Checkout repository	2025-12-08T21:19:16.7257400Z [command]/usr/bin/git config --local --name-only --get-regexp http\.https\:\/\/github\.com\/\.extraheader
evo-batch	Checkout repository	2025-12-08T21:19:16.7282386Z [command]/usr/bin/git submodule foreach --recursive sh -c "git config --local --name-only --get-regexp 'http\.https\:\/\/github\.com\/\.extraheader' && git config --local --unset-all 'http.https://github.com/.extraheader' || :"
evo-batch	Checkout repository	2025-12-08T21:19:16.7448805Z [command]/usr/bin/git config --local --name-only --get-regexp ^includeIf\.gitdir:
evo-batch	Checkout repository	2025-12-08T21:19:16.7471560Z [command]/usr/bin/git submodule foreach --recursive git config --local --show-origin --name-only --get-regexp remote.origin.url
evo-batch	Checkout repository	2025-12-08T21:19:16.7646167Z [command]/usr/bin/git config --local http.https://github.com/.extraheader AUTHORIZATION: basic ***
evo-batch	Checkout repository	2025-12-08T21:19:16.7674053Z ##[endgroup]
evo-batch	Checkout repository	2025-12-08T21:19:16.7674911Z ##[group]Fetching the repository
evo-batch	Checkout repository	2025-12-08T21:19:16.7682350Z [command]/usr/bin/git -c protocol.version=2 fetch --no-tags --prune --no-recurse-submodules --depth=1 origin +3d68f2c5694cbd6d11542e7ca469f657b77214ba:refs/remotes/origin/main
evo-batch	Checkout repository	2025-12-08T21:19:17.5498861Z From https://github.com/MasterDD-L34D/Game
evo-batch	Checkout repository	2025-12-08T21:19:17.5500906Z  * [new ref]         3d68f2c5694cbd6d11542e7ca469f657b77214ba -> origin/main
evo-batch	Checkout repository	2025-12-08T21:19:17.5530019Z ##[endgroup]
evo-batch	Checkout repository	2025-12-08T21:19:17.5531461Z ##[group]Determining the checkout info
evo-batch	Checkout repository	2025-12-08T21:19:17.5532967Z ##[endgroup]
evo-batch	Checkout repository	2025-12-08T21:19:17.5538289Z [command]/usr/bin/git sparse-checkout disable
evo-batch	Checkout repository	2025-12-08T21:19:17.5574302Z [command]/usr/bin/git config --local --unset-all extensions.worktreeConfig
evo-batch	Checkout repository	2025-12-08T21:19:17.5597008Z ##[group]Checking out the ref
evo-batch	Checkout repository	2025-12-08T21:19:17.5600942Z [command]/usr/bin/git checkout --progress --force -B main refs/remotes/origin/main
evo-batch	Checkout repository	2025-12-08T21:19:17.7359865Z Switched to a new branch 'main'
evo-batch	Checkout repository	2025-12-08T21:19:17.7361865Z branch 'main' set up to track 'origin/main'.
evo-batch	Checkout repository	2025-12-08T21:19:17.7371796Z ##[endgroup]
evo-batch	Checkout repository	2025-12-08T21:19:17.7407477Z [command]/usr/bin/git log -1 --format=%H
evo-batch	Checkout repository	2025-12-08T21:19:17.7540934Z 3d68f2c5694cbd6d11542e7ca469f657b77214ba
evo-batch	Setup Python	ï»¿2025-12-08T21:19:17.7755458Z ##[group]Run actions/setup-python@v5
evo-batch	Setup Python	2025-12-08T21:19:17.7756543Z with:
evo-batch	Setup Python	2025-12-08T21:19:17.7757350Z   python-version: 3.11
evo-batch	Setup Python	2025-12-08T21:19:17.7758196Z   check-latest: false
evo-batch	Setup Python	2025-12-08T21:19:17.7759303Z   token: ***
evo-batch	Setup Python	2025-12-08T21:19:17.7760080Z   update-environment: true
evo-batch	Setup Python	2025-12-08T21:19:17.7761000Z   allow-prereleases: false
evo-batch	Setup Python	2025-12-08T21:19:17.7761915Z   freethreaded: false
evo-batch	Setup Python	2025-12-08T21:19:17.7762690Z env:
evo-batch	Setup Python	2025-12-08T21:19:17.7763352Z   BATCH: traits
evo-batch	Setup Python	2025-12-08T21:19:17.7764090Z   IGNORE_ERRORS_FLAG: 
evo-batch	Setup Python	2025-12-08T21:19:17.7764885Z ##[endgroup]
evo-batch	Setup Python	2025-12-08T21:19:17.9413259Z ##[group]Installed versions
evo-batch	Setup Python	2025-12-08T21:19:17.9519029Z Successfully set up CPython (3.11.14)
evo-batch	Setup Python	2025-12-08T21:19:17.9521625Z ##[endgroup]
evo-batch	Install dependencies	ï»¿2025-12-08T21:19:17.9642380Z ##[group]Run pip install -r requirements-dev.txt
evo-batch	Install dependencies	2025-12-08T21:19:17.9643856Z [36;1mpip install -r requirements-dev.txt[0m
evo-batch	Install dependencies	2025-12-08T21:19:17.9683044Z shell: /usr/bin/bash -e {0}
evo-batch	Install dependencies	2025-12-08T21:19:17.9684032Z env:
evo-batch	Install dependencies	2025-12-08T21:19:17.9684789Z   BATCH: traits
evo-batch	Install dependencies	2025-12-08T21:19:17.9685684Z   IGNORE_ERRORS_FLAG: 
evo-batch	Install dependencies	2025-12-08T21:19:17.9687412Z   pythonLocation: /opt/hostedtoolcache/Python/3.11.14/x64
evo-batch	Install dependencies	2025-12-08T21:19:17.9689015Z   PKG_CONFIG_PATH: /opt/hostedtoolcache/Python/3.11.14/x64/lib/pkgconfig
evo-batch	Install dependencies	2025-12-08T21:19:17.9690580Z   Python_ROOT_DIR: /opt/hostedtoolcache/Python/3.11.14/x64
evo-batch	Install dependencies	2025-12-08T21:19:17.9692007Z   Python2_ROOT_DIR: /opt/hostedtoolcache/Python/3.11.14/x64
evo-batch	Install dependencies	2025-12-08T21:19:17.9693483Z   Python3_ROOT_DIR: /opt/hostedtoolcache/Python/3.11.14/x64
evo-batch	Install dependencies	2025-12-08T21:19:17.9694894Z   LD_LIBRARY_PATH: /opt/hostedtoolcache/Python/3.11.14/x64/lib
evo-batch	Install dependencies	2025-12-08T21:19:17.9696091Z ##[endgroup]
evo-batch	Install dependencies	2025-12-08T21:19:19.8985790Z Collecting pyyaml (from -r requirements-dev.txt (line 1))
evo-batch	Install dependencies	2025-12-08T21:19:19.9561243Z   Downloading pyyaml-6.0.3-cp311-cp311-manylinux2014_x86_64.manylinux_2_17_x86_64.manylinux_2_28_x86_64.whl.metadata (2.4 kB)
evo-batch	Install dependencies	2025-12-08T21:19:20.1217260Z Collecting numpy (from -r requirements-dev.txt (line 2))
evo-batch	Install dependencies	2025-12-08T21:19:20.1257517Z   Downloading numpy-2.3.5-cp311-cp311-manylinux_2_27_x86_64.manylinux_2_28_x86_64.whl.metadata (62 kB)
evo-batch	Install dependencies	2025-12-08T21:19:20.4139326Z Collecting pymongo (from -r requirements-dev.txt (line 3))
evo-batch	Install dependencies	2025-12-08T21:19:20.4177961Z   Downloading pymongo-4.15.5-cp311-cp311-manylinux2014_x86_64.manylinux_2_17_x86_64.manylinux_2_28_x86_64.whl.metadata (22 kB)
evo-batch	Install dependencies	2025-12-08T21:19:20.4383903Z Collecting mongomock (from -r requirements-dev.txt (line 4))
evo-batch	Install dependencies	2025-12-08T21:19:20.4431938Z   Downloading mongomock-4.3.0-py2.py3-none-any.whl.metadata (12 kB)
evo-batch	Install dependencies	2025-12-08T21:19:20.4773490Z Collecting mongita (from -r requirements-dev.txt (line 5))
evo-batch	Install dependencies	2025-12-08T21:19:20.4814796Z   Downloading mongita-1.2.0.tar.gz (54 kB)
evo-batch	Install dependencies	2025-12-08T21:19:20.4964285Z   Installing build dependencies: started
evo-batch	Install dependencies	2025-12-08T21:19:21.6544847Z   Installing build dependencies: finished with status 'done'
evo-batch	Install dependencies	2025-12-08T21:19:21.6553602Z   Getting requirements to build wheel: started
evo-batch	Install dependencies	2025-12-08T21:19:22.0614354Z   Getting requirements to build wheel: finished with status 'done'
evo-batch	Install dependencies	2025-12-08T21:19:22.0623790Z   Preparing metadata (pyproject.toml): started
evo-batch	Install dependencies	2025-12-08T21:19:22.2254145Z   Preparing metadata (pyproject.toml): finished with status 'done'
evo-batch	Install dependencies	2025-12-08T21:19:22.2474094Z Collecting jsonschema>=4.25.1 (from -r requirements-dev.txt (line 6))
evo-batch	Install dependencies	2025-12-08T21:19:22.2506703Z   Downloading jsonschema-4.25.1-py3-none-any.whl.metadata (7.6 kB)
evo-batch	Install dependencies	2025-12-08T21:19:22.5262549Z Collecting boto3 (from -r requirements-dev.txt (line 8))
evo-batch	Install dependencies	2025-12-08T21:19:22.5298951Z   Downloading boto3-1.42.5-py3-none-any.whl.metadata (6.8 kB)
evo-batch	Install dependencies	2025-12-08T21:19:22.6775220Z Collecting matplotlib (from -r requirements-dev.txt (line 9))
evo-batch	Install dependencies	2025-12-08T21:19:22.6815293Z   Downloading matplotlib-3.10.7-cp311-cp311-manylinux2014_x86_64.manylinux_2_17_x86_64.whl.metadata (11 kB)
evo-batch	Install dependencies	2025-12-08T21:19:22.7002703Z Collecting dnspython<3.0.0,>=1.16.0 (from pymongo->-r requirements-dev.txt (line 3))
evo-batch	Install dependencies	2025-12-08T21:19:22.7034081Z   Downloading dnspython-2.8.0-py3-none-any.whl.metadata (5.7 kB)
evo-batch	Install dependencies	2025-12-08T21:19:22.7229036Z Collecting packaging (from mongomock->-r requirements-dev.txt (line 4))
evo-batch	Install dependencies	2025-12-08T21:19:22.7262523Z   Downloading packaging-25.0-py3-none-any.whl.metadata (3.3 kB)
evo-batch	Install dependencies	2025-12-08T21:19:22.7560152Z Collecting pytz (from mongomock->-r requirements-dev.txt (line 4))
evo-batch	Install dependencies	2025-12-08T21:19:22.7591461Z   Downloading pytz-2025.2-py2.py3-none-any.whl.metadata (22 kB)
evo-batch	Install dependencies	2025-12-08T21:19:22.7700409Z Collecting sentinels (from mongomock->-r requirements-dev.txt (line 4))
evo-batch	Install dependencies	2025-12-08T21:19:22.7742147Z   Downloading sentinels-1.1.1-py3-none-any.whl.metadata (3.0 kB)
evo-batch	Install dependencies	2025-12-08T21:19:22.8008514Z Collecting sortedcontainers<3.0,>=2.3 (from mongita->-r requirements-dev.txt (line 5))
evo-batch	Install dependencies	2025-12-08T21:19:22.8039361Z   Downloading sortedcontainers-2.4.0-py2.py3-none-any.whl.metadata (10 kB)
evo-batch	Install dependencies	2025-12-08T21:19:22.8180002Z Collecting attrs>=22.2.0 (from jsonschema>=4.25.1->-r requirements-dev.txt (line 6))
evo-batch	Install dependencies	2025-12-08T21:19:22.8211484Z   Downloading attrs-25.4.0-py3-none-any.whl.metadata (10 kB)
evo-batch	Install dependencies	2025-12-08T21:19:22.8338815Z Collecting jsonschema-specifications>=2023.03.6 (from jsonschema>=4.25.1->-r requirements-dev.txt (line 6))
evo-batch	Install dependencies	2025-12-08T21:19:22.8367897Z   Downloading jsonschema_specifications-2025.9.1-py3-none-any.whl.metadata (2.9 kB)
evo-batch	Install dependencies	2025-12-08T21:19:22.8588522Z Collecting referencing>=0.28.4 (from jsonschema>=4.25.1->-r requirements-dev.txt (line 6))
evo-batch	Install dependencies	2025-12-08T21:19:22.8618131Z   Downloading referencing-0.37.0-py3-none-any.whl.metadata (2.8 kB)
evo-batch	Install dependencies	2025-12-08T21:19:23.0888880Z Collecting rpds-py>=0.7.1 (from jsonschema>=4.25.1->-r requirements-dev.txt (line 6))
evo-batch	Install dependencies	2025-12-08T21:19:23.0925830Z   Downloading rpds_py-0.30.0-cp311-cp311-manylinux_2_17_x86_64.manylinux2014_x86_64.whl.metadata (4.1 kB)
evo-batch	Install dependencies	2025-12-08T21:19:23.4489146Z Collecting botocore<1.43.0,>=1.42.5 (from boto3->-r requirements-dev.txt (line 8))
evo-batch	Install dependencies	2025-12-08T21:19:23.4530030Z   Downloading botocore-1.42.5-py3-none-any.whl.metadata (5.9 kB)
evo-batch	Install dependencies	2025-12-08T21:19:23.4665207Z Collecting jmespath<2.0.0,>=0.7.1 (from boto3->-r requirements-dev.txt (line 8))
evo-batch	Install dependencies	2025-12-08T21:19:23.4698561Z   Downloading jmespath-1.0.1-py3-none-any.whl.metadata (7.6 kB)
evo-batch	Install dependencies	2025-12-08T21:19:23.4872278Z Collecting s3transfer<0.17.0,>=0.16.0 (from boto3->-r requirements-dev.txt (line 8))
evo-batch	Install dependencies	2025-12-08T21:19:23.4902361Z   Downloading s3transfer-0.16.0-py3-none-any.whl.metadata (1.7 kB)
evo-batch	Install dependencies	2025-12-08T21:19:23.5055562Z Collecting python-dateutil<3.0.0,>=2.1 (from botocore<1.43.0,>=1.42.5->boto3->-r requirements-dev.txt (line 8))
evo-batch	Install dependencies	2025-12-08T21:19:23.5091380Z   Downloading python_dateutil-2.9.0.post0-py2.py3-none-any.whl.metadata (8.4 kB)
evo-batch	Install dependencies	2025-12-08T21:19:23.5351061Z Collecting urllib3!=2.2.0,<3,>=1.25.4 (from botocore<1.43.0,>=1.42.5->boto3->-r requirements-dev.txt (line 8))
evo-batch	Install dependencies	2025-12-08T21:19:23.5384160Z   Downloading urllib3-2.6.1-py3-none-any.whl.metadata (6.6 kB)
evo-batch	Install dependencies	2025-12-08T21:19:23.5537294Z Collecting six>=1.5 (from python-dateutil<3.0.0,>=2.1->botocore<1.43.0,>=1.42.5->boto3->-r requirements-dev.txt (line 8))
evo-batch	Install dependencies	2025-12-08T21:19:23.5578332Z   Downloading six-1.17.0-py2.py3-none-any.whl.metadata (1.7 kB)
evo-batch	Install dependencies	2025-12-08T21:19:23.7151778Z Collecting contourpy>=1.0.1 (from matplotlib->-r requirements-dev.txt (line 9))
evo-batch	Install dependencies	2025-12-08T21:19:23.7191513Z   Downloading contourpy-1.3.3-cp311-cp311-manylinux_2_27_x86_64.manylinux_2_28_x86_64.whl.metadata (5.5 kB)
evo-batch	Install dependencies	2025-12-08T21:19:23.7317147Z Collecting cycler>=0.10 (from matplotlib->-r requirements-dev.txt (line 9))
evo-batch	Install dependencies	2025-12-08T21:19:23.7347873Z   Downloading cycler-0.12.1-py3-none-any.whl.metadata (3.8 kB)
evo-batch	Install dependencies	2025-12-08T21:19:23.9172663Z Collecting fonttools>=4.22.0 (from matplotlib->-r requirements-dev.txt (line 9))
evo-batch	Install dependencies	2025-12-08T21:19:23.9211634Z   Downloading fonttools-4.61.0-cp311-cp311-manylinux2014_x86_64.manylinux_2_17_x86_64.whl.metadata (113 kB)
evo-batch	Install dependencies	2025-12-08T21:19:23.9820758Z Collecting kiwisolver>=1.3.1 (from matplotlib->-r requirements-dev.txt (line 9))
evo-batch	Install dependencies	2025-12-08T21:19:23.9861431Z   Downloading kiwisolver-1.4.9-cp311-cp311-manylinux2014_x86_64.manylinux_2_17_x86_64.whl.metadata (6.3 kB)
evo-batch	Install dependencies	2025-12-08T21:19:24.1321313Z Collecting pillow>=8 (from matplotlib->-r requirements-dev.txt (line 9))
evo-batch	Install dependencies	2025-12-08T21:19:24.1360744Z   Downloading pillow-12.0.0-cp311-cp311-manylinux_2_27_x86_64.manylinux_2_28_x86_64.whl.metadata (8.8 kB)
evo-batch	Install dependencies	2025-12-08T21:19:24.1617085Z Collecting pyparsing>=3 (from matplotlib->-r requirements-dev.txt (line 9))
evo-batch	Install dependencies	2025-12-08T21:19:24.1650546Z   Downloading pyparsing-3.2.5-py3-none-any.whl.metadata (5.0 kB)
evo-batch	Install dependencies	2025-12-08T21:19:24.2112202Z Collecting typing-extensions>=4.4.0 (from referencing>=0.28.4->jsonschema>=4.25.1->-r requirements-dev.txt (line 6))
evo-batch	Install dependencies	2025-12-08T21:19:24.2142470Z   Downloading typing_extensions-4.15.0-py3-none-any.whl.metadata (3.3 kB)
evo-batch	Install dependencies	2025-12-08T21:19:24.2242309Z Downloading pyyaml-6.0.3-cp311-cp311-manylinux2014_x86_64.manylinux_2_17_x86_64.manylinux_2_28_x86_64.whl (806 kB)
evo-batch	Install dependencies	2025-12-08T21:19:24.2314982Z    â”â”â”â”â”â”â”â”â”â”â”â”â”â”â”â”â”â”â”â”â”â”â”â”â”â”â”â”â”â”â”â”â”â”â”â”â”â”â”â” 806.6/806.6 kB 120.8 MB/s  0:00:00
evo-batch	Install dependencies	2025-12-08T21:19:24.2350323Z Downloading numpy-2.3.5-cp311-cp311-manylinux_2_27_x86_64.manylinux_2_28_x86_64.whl (16.9 MB)
evo-batch	Install dependencies	2025-12-08T21:19:24.2973338Z    â”â”â”â”â”â”â”â”â”â”â”â”â”â”â”â”â”â”â”â”â”â”â”â”â”â”â”â”â”â”â”â”â”â”â”â”â”â”â”â” 16.9/16.9 MB 278.5 MB/s  0:00:00
evo-batch	Install dependencies	2025-12-08T21:19:24.3037094Z Downloading pymongo-4.15.5-cp311-cp311-manylinux2014_x86_64.manylinux_2_17_x86_64.manylinux_2_28_x86_64.whl (1.5 MB)
evo-batch	Install dependencies	2025-12-08T21:19:24.3111936Z    â”â”â”â”â”â”â”â”â”â”â”â”â”â”â”â”â”â”â”â”â”â”â”â”â”â”â”â”â”â”â”â”â”â”â”â”â”â”â”â” 1.5/1.5 MB 222.1 MB/s  0:00:00
evo-batch	Install dependencies	2025-12-08T21:19:24.3145885Z Downloading dnspython-2.8.0-py3-none-any.whl (331 kB)
evo-batch	Install dependencies	2025-12-08T21:19:24.3202681Z Downloading mongomock-4.3.0-py2.py3-none-any.whl (64 kB)
evo-batch	Install dependencies	2025-12-08T21:19:24.3259265Z Downloading sortedcontainers-2.4.0-py2.py3-none-any.whl (29 kB)
evo-batch	Install dependencies	2025-12-08T21:19:24.3305841Z Downloading jsonschema-4.25.1-py3-none-any.whl (90 kB)
evo-batch	Install dependencies	2025-12-08T21:19:24.3353601Z Downloading boto3-1.42.5-py3-none-any.whl (140 kB)
evo-batch	Install dependencies	2025-12-08T21:19:24.3404975Z Downloading botocore-1.42.5-py3-none-any.whl (14.5 MB)
evo-batch	Install dependencies	2025-12-08T21:19:24.3912680Z    â”â”â”â”â”â”â”â”â”â”â”â”â”â”â”â”â”â”â”â”â”â”â”â”â”â”â”â”â”â”â”â”â”â”â”â”â”â”â”â” 14.5/14.5 MB 298.6 MB/s  0:00:00
evo-batch	Install dependencies	2025-12-08T21:19:24.3953959Z Downloading jmespath-1.0.1-py3-none-any.whl (20 kB)
evo-batch	Install dependencies	2025-12-08T21:19:24.4005566Z Downloading python_dateutil-2.9.0.post0-py2.py3-none-any.whl (229 kB)
evo-batch	Install dependencies	2025-12-08T21:19:24.4069368Z Downloading s3transfer-0.16.0-py3-none-any.whl (86 kB)
evo-batch	Install dependencies	2025-12-08T21:19:24.4117955Z Downloading urllib3-2.6.1-py3-none-any.whl (131 kB)
evo-batch	Install dependencies	2025-12-08T21:19:24.4171733Z Downloading matplotlib-3.10.7-cp311-cp311-manylinux2014_x86_64.manylinux_2_17_x86_64.whl (8.7 MB)
evo-batch	Install dependencies	2025-12-08T21:19:24.4470759Z    â”â”â”â”â”â”â”â”â”â”â”â”â”â”â”â”â”â”â”â”â”â”â”â”â”â”â”â”â”â”â”â”â”â”â”â”â”â”â”â” 8.7/8.7 MB 311.1 MB/s  0:00:00
evo-batch	Install dependencies	2025-12-08T21:19:24.4504803Z Downloading attrs-25.4.0-py3-none-any.whl (67 kB)
evo-batch	Install dependencies	2025-12-08T21:19:24.4559370Z Downloading contourpy-1.3.3-cp311-cp311-manylinux_2_27_x86_64.manylinux_2_28_x86_64.whl (355 kB)
evo-batch	Install dependencies	2025-12-08T21:19:24.4619149Z Downloading cycler-0.12.1-py3-none-any.whl (8.3 kB)
evo-batch	Install dependencies	2025-12-08T21:19:24.4667938Z Downloading fonttools-4.61.0-cp311-cp311-manylinux2014_x86_64.manylinux_2_17_x86_64.whl (5.0 MB)
evo-batch	Install dependencies	2025-12-08T21:19:24.4845735Z    â”â”â”â”â”â”â”â”â”â”â”â”â”â”â”â”â”â”â”â”â”â”â”â”â”â”â”â”â”â”â”â”â”â”â”â”â”â”â”â” 5.0/5.0 MB 309.8 MB/s  0:00:00
evo-batch	Install dependencies	2025-12-08T21:19:24.4881890Z Downloading jsonschema_specifications-2025.9.1-py3-none-any.whl (18 kB)
evo-batch	Install dependencies	2025-12-08T21:19:24.4930349Z Downloading kiwisolver-1.4.9-cp311-cp311-manylinux2014_x86_64.manylinux_2_17_x86_64.whl (1.4 MB)
evo-batch	Install dependencies	2025-12-08T21:19:24.5000069Z    â”â”â”â”â”â”â”â”â”â”â”â”â”â”â”â”â”â”â”â”â”â”â”â”â”â”â”â”â”â”â”â”â”â”â”â”â”â”â”â” 1.4/1.4 MB 238.8 MB/s  0:00:00
evo-batch	Install dependencies	2025-12-08T21:19:24.5030788Z Downloading packaging-25.0-py3-none-any.whl (66 kB)
evo-batch	Install dependencies	2025-12-08T21:19:24.5081493Z Downloading pillow-12.0.0-cp311-cp311-manylinux_2_27_x86_64.manylinux_2_28_x86_64.whl (7.0 MB)
evo-batch	Install dependencies	2025-12-08T21:19:24.5313219Z    â”â”â”â”â”â”â”â”â”â”â”â”â”â”â”â”â”â”â”â”â”â”â”â”â”â”â”â”â”â”â”â”â”â”â”â”â”â”â”â” 7.0/7.0 MB 321.9 MB/s  0:00:00
evo-batch	Install dependencies	2025-12-08T21:19:24.5347810Z Downloading pyparsing-3.2.5-py3-none-any.whl (113 kB)
evo-batch	Install dependencies	2025-12-08T21:19:24.5400922Z Downloading referencing-0.37.0-py3-none-any.whl (26 kB)
evo-batch	Install dependencies	2025-12-08T21:19:24.5450162Z Downloading rpds_py-0.30.0-cp311-cp311-manylinux_2_17_x86_64.manylinux2014_x86_64.whl (390 kB)
evo-batch	Install dependencies	2025-12-08T21:19:24.5517356Z Downloading six-1.17.0-py2.py3-none-any.whl (11 kB)
evo-batch	Install dependencies	2025-12-08T21:19:24.5568120Z Downloading typing_extensions-4.15.0-py3-none-any.whl (44 kB)
evo-batch	Install dependencies	2025-12-08T21:19:24.5622642Z Downloading pytz-2025.2-py2.py3-none-any.whl (509 kB)
evo-batch	Install dependencies	2025-12-08T21:19:24.5697178Z Downloading sentinels-1.1.1-py3-none-any.whl (3.7 kB)
evo-batch	Install dependencies	2025-12-08T21:19:24.6618207Z Building wheels for collected packages: mongita
evo-batch	Install dependencies	2025-12-08T21:19:24.6624861Z   Building wheel for mongita (pyproject.toml): started
evo-batch	Install dependencies	2025-12-08T21:19:24.8587140Z   Building wheel for mongita (pyproject.toml): finished with status 'done'
evo-batch	Install dependencies	2025-12-08T21:19:24.8594370Z   Created wheel for mongita: filename=mongita-1.2.0-py3-none-any.whl size=61345 sha256=202750c75d37b636c792008392867c1146219781a991f2a8eba886f7f1705870
evo-batch	Install dependencies	2025-12-08T21:19:24.8595768Z   Stored in directory: /home/runner/.cache/pip/wheels/9c/5b/5b/4a965701bdbc771fe66bffa35b5d52104eafec6330c26f3dae
evo-batch	Install dependencies	2025-12-08T21:19:24.8621163Z Successfully built mongita
evo-batch	Install dependencies	2025-12-08T21:19:24.9277296Z Installing collected packages: sortedcontainers, pytz, urllib3, typing-extensions, six, sentinels, rpds-py, pyyaml, pyparsing, pillow, packaging, numpy, kiwisolver, jmespath, fonttools, dnspython, cycler, attrs, referencing, python-dateutil, pymongo, mongomock, contourpy, mongita, matplotlib, jsonschema-specifications, botocore, s3transfer, jsonschema, boto3
evo-batch	Install dependencies	2025-12-08T21:19:30.3763487Z 
evo-batch	Install dependencies	2025-12-08T21:19:30.3783055Z Successfully installed attrs-25.4.0 boto3-1.42.5 botocore-1.42.5 contourpy-1.3.3 cycler-0.12.1 dnspython-2.8.0 fonttools-4.61.0 jmespath-1.0.1 jsonschema-4.25.1 jsonschema-specifications-2025.9.1 kiwisolver-1.4.9 matplotlib-3.10.7 mongita-1.2.0 mongomock-4.3.0 numpy-2.3.5 packaging-25.0 pillow-12.0.0 pymongo-4.15.5 pyparsing-3.2.5 python-dateutil-2.9.0.post0 pytz-2025.2 pyyaml-6.0.3 referencing-0.37.0 rpds-py-0.30.0 s3transfer-0.16.0 sentinels-1.1.1 six-1.17.0 sortedcontainers-2.4.0 typing-extensions-4.15.0 urllib3-2.6.1
evo-batch	Plan batch	ï»¿2025-12-08T21:19:30.8204419Z ##[group]Run python tools/automation/evo_batch_runner.py plan --batch "$BATCH"
evo-batch	Plan batch	2025-12-08T21:19:30.8204980Z [36;1mpython tools/automation/evo_batch_runner.py plan --batch "$BATCH"[0m
evo-batch	Plan batch	2025-12-08T21:19:30.8230158Z shell: /usr/bin/bash -e {0}
evo-batch	Plan batch	2025-12-08T21:19:30.8230418Z env:
evo-batch	Plan batch	2025-12-08T21:19:30.8230599Z   BATCH: traits
evo-batch	Plan batch	2025-12-08T21:19:30.8230774Z   IGNORE_ERRORS_FLAG: 
evo-batch	Plan batch	2025-12-08T21:19:30.8231089Z   pythonLocation: /opt/hostedtoolcache/Python/3.11.14/x64
evo-batch	Plan batch	2025-12-08T21:19:30.8231507Z   PKG_CONFIG_PATH: /opt/hostedtoolcache/Python/3.11.14/x64/lib/pkgconfig
evo-batch	Plan batch	2025-12-08T21:19:30.8231906Z   Python_ROOT_DIR: /opt/hostedtoolcache/Python/3.11.14/x64
evo-batch	Plan batch	2025-12-08T21:19:30.8232243Z   Python2_ROOT_DIR: /opt/hostedtoolcache/Python/3.11.14/x64
evo-batch	Plan batch	2025-12-08T21:19:30.8232571Z   Python3_ROOT_DIR: /opt/hostedtoolcache/Python/3.11.14/x64
evo-batch	Plan batch	2025-12-08T21:19:30.8232925Z   LD_LIBRARY_PATH: /opt/hostedtoolcache/Python/3.11.14/x64/lib
evo-batch	Plan batch	2025-12-08T21:19:30.8233214Z ##[endgroup]
evo-batch	Plan batch	2025-12-08T21:19:30.8738432Z Traceback (most recent call last):
evo-batch	Plan batch	2025-12-08T21:19:30.8745952Z   File "/home/runner/work/Game/Game/tools/automation/evo_batch_runner.py", line 26, in <module>
evo-batch	Plan batch	2025-12-08T21:19:30.8746627Z     from tools.automation import configure_logging, get_logger
evo-batch	Plan batch	2025-12-08T21:19:30.8747317Z ModuleNotFoundError: No module named 'tools'
evo-batch	Plan batch	2025-12-08T21:19:30.8826232Z ##[error]Process completed with exit code 1.
evo-batch	Post Checkout repository	ï»¿2025-12-08T21:19:30.8941257Z Post job cleanup.
evo-batch	Post Checkout repository	2025-12-08T21:19:30.9841617Z [command]/usr/bin/git version
evo-batch	Post Checkout repository	2025-12-08T21:19:30.9876293Z git version 2.52.0
evo-batch	Post Checkout repository	2025-12-08T21:19:30.9915653Z Temporarily overriding HOME='/home/runner/work/_temp/e9fe888b-fc63-4639-8092-64e2b6023882' before making global git config changes
evo-batch	Post Checkout repository	2025-12-08T21:19:30.9917042Z Adding repository directory to the temporary git global config as a safe directory
evo-batch	Post Checkout repository	2025-12-08T21:19:30.9921867Z [command]/usr/bin/git config --global --add safe.directory /home/runner/work/Game/Game
evo-batch	Post Checkout repository	2025-12-08T21:19:30.9958274Z [command]/usr/bin/git config --local --name-only --get-regexp core\.sshCommand
evo-batch	Post Checkout repository	2025-12-08T21:19:30.9988576Z [command]/usr/bin/git submodule foreach --recursive sh -c "git config --local --name-only --get-regexp 'core\.sshCommand' && git config --local --unset-all 'core.sshCommand' || :"
evo-batch	Post Checkout repository	2025-12-08T21:19:31.0190389Z [command]/usr/bin/git config --local --name-only --get-regexp http\.https\:\/\/github\.com\/\.extraheader
evo-batch	Post Checkout repository	2025-12-08T21:19:31.0209284Z http.https://github.com/.extraheader
evo-batch	Post Checkout repository	2025-12-08T21:19:31.0220374Z [command]/usr/bin/git config --local --unset-all http.https://github.com/.extraheader
evo-batch	Post Checkout repository	2025-12-08T21:19:31.0249014Z [command]/usr/bin/git submodule foreach --recursive sh -c "git config --local --name-only --get-regexp 'http\.https\:\/\/github\.com\/\.extraheader' && git config --local --unset-all 'http.https://github.com/.extraheader' || :"
evo-batch	Post Checkout repository	2025-12-08T21:19:31.0445187Z [command]/usr/bin/git config --local --name-only --get-regexp ^includeIf\.gitdir:
evo-batch	Post Checkout repository	2025-12-08T21:19:31.0472071Z [command]/usr/bin/git submodule foreach --recursive git config --local --show-origin --name-only --get-regexp remote.origin.url
evo-batch	Complete job	ï»¿2025-12-08T21:19:31.0776428Z Cleaning up orphan processes
