harvest	Set up job	ï»¿2025-12-08T13:58:08.0426391Z Current runner version: '2.329.0'
harvest	Set up job	2025-12-08T13:58:08.0449852Z ##[group]Runner Image Provisioner
harvest	Set up job	2025-12-08T13:58:08.0450969Z Hosted Compute Agent
harvest	Set up job	2025-12-08T13:58:08.0451503Z Version: 20251124.448
harvest	Set up job	2025-12-08T13:58:08.0452102Z Commit: fda5086b43ec66ade217e5fcd18146c879571177
harvest	Set up job	2025-12-08T13:58:08.0452881Z Build Date: 2025-11-24T21:16:26Z
harvest	Set up job	2025-12-08T13:58:08.0453440Z ##[endgroup]
harvest	Set up job	2025-12-08T13:58:08.0453997Z ##[group]Operating System
harvest	Set up job	2025-12-08T13:58:08.0454602Z Ubuntu
harvest	Set up job	2025-12-08T13:58:08.0455024Z 24.04.3
harvest	Set up job	2025-12-08T13:58:08.0455475Z LTS
harvest	Set up job	2025-12-08T13:58:08.0455917Z ##[endgroup]
harvest	Set up job	2025-12-08T13:58:08.0456439Z ##[group]Runner Image
harvest	Set up job	2025-12-08T13:58:08.0457008Z Image: ubuntu-24.04
harvest	Set up job	2025-12-08T13:58:08.0457505Z Version: 20251126.144.1
harvest	Set up job	2025-12-08T13:58:08.0458522Z Included Software: https://github.com/actions/runner-images/blob/ubuntu24/20251126.144/images/ubuntu/Ubuntu2404-Readme.md
harvest	Set up job	2025-12-08T13:58:08.0459910Z Image Release: https://github.com/actions/runner-images/releases/tag/ubuntu24%2F20251126.144
harvest	Set up job	2025-12-08T13:58:08.0461338Z ##[endgroup]
harvest	Set up job	2025-12-08T13:58:08.0462500Z ##[group]GITHUB_TOKEN Permissions
harvest	Set up job	2025-12-08T13:58:08.0464424Z Actions: read
harvest	Set up job	2025-12-08T13:58:08.0464951Z Contents: write
harvest	Set up job	2025-12-08T13:58:08.0465529Z Metadata: read
harvest	Set up job	2025-12-08T13:58:08.0466004Z ##[endgroup]
harvest	Set up job	2025-12-08T13:58:08.0467999Z Secret source: Actions
harvest	Set up job	2025-12-08T13:58:08.0468768Z Prepare workflow directory
harvest	Set up job	2025-12-08T13:58:08.0977687Z Prepare all required actions
harvest	Set up job	2025-12-08T13:58:08.1016430Z Getting action download info
harvest	Set up job	2025-12-08T13:58:08.5969193Z Download action repository 'actions/checkout@v4' (SHA:34e114876b0b11c390a56381ad16ebd13914f8d5)
harvest	Set up job	2025-12-08T13:58:09.1373786Z Download action repository 'actions/upload-artifact@v4' (SHA:ea165f8d65b6e75b540449e92b4886f43607fa02)
harvest	Set up job	2025-12-08T13:58:09.3171639Z Complete job name: harvest
harvest	Checkout repository	ï»¿2025-12-08T13:58:09.3778718Z ##[group]Run actions/checkout@v4
harvest	Checkout repository	2025-12-08T13:58:09.3779561Z with:
harvest	Checkout repository	2025-12-08T13:58:09.3779955Z   repository: MasterDD-L34D/Game
harvest	Checkout repository	2025-12-08T13:58:09.3780756Z   token: ***
harvest	Checkout repository	2025-12-08T13:58:09.3781159Z   ssh-strict: true
harvest	Checkout repository	2025-12-08T13:58:09.3781539Z   ssh-user: git
harvest	Checkout repository	2025-12-08T13:58:09.3781942Z   persist-credentials: true
harvest	Checkout repository	2025-12-08T13:58:09.3782385Z   clean: true
harvest	Checkout repository	2025-12-08T13:58:09.3782776Z   sparse-checkout-cone-mode: true
harvest	Checkout repository	2025-12-08T13:58:09.3783247Z   fetch-depth: 1
harvest	Checkout repository	2025-12-08T13:58:09.3783627Z   fetch-tags: false
harvest	Checkout repository	2025-12-08T13:58:09.3784019Z   show-progress: true
harvest	Checkout repository	2025-12-08T13:58:09.3784418Z   lfs: false
harvest	Checkout repository	2025-12-08T13:58:09.3784775Z   submodules: false
harvest	Checkout repository	2025-12-08T13:58:09.3785179Z   set-safe-directory: true
harvest	Checkout repository	2025-12-08T13:58:09.3785823Z env:
harvest	Checkout repository	2025-12-08T13:58:09.3786313Z   GH_TOKEN: ***
harvest	Checkout repository	2025-12-08T13:58:09.3786738Z   CI_LOG_CONFIG_FILE: ops/ci-log-config.txt
harvest	Checkout repository	2025-12-08T13:58:09.3787245Z ##[endgroup]
harvest	Checkout repository	2025-12-08T13:58:09.4842556Z Syncing repository: MasterDD-L34D/Game
harvest	Checkout repository	2025-12-08T13:58:09.4844289Z ##[group]Getting Git version info
harvest	Checkout repository	2025-12-08T13:58:09.4844982Z Working directory is '/home/runner/work/Game/Game'
harvest	Checkout repository	2025-12-08T13:58:09.4845833Z [command]/usr/bin/git version
harvest	Checkout repository	2025-12-08T13:58:09.4912614Z git version 2.52.0
harvest	Checkout repository	2025-12-08T13:58:09.4938647Z ##[endgroup]
harvest	Checkout repository	2025-12-08T13:58:09.4954720Z Temporarily overriding HOME='/home/runner/work/_temp/43c55da8-ebcd-4c84-90eb-b5b0c6fc71e9' before making global git config changes
harvest	Checkout repository	2025-12-08T13:58:09.4957140Z Adding repository directory to the temporary git global config as a safe directory
harvest	Checkout repository	2025-12-08T13:58:09.4961415Z [command]/usr/bin/git config --global --add safe.directory /home/runner/work/Game/Game
harvest	Checkout repository	2025-12-08T13:58:09.4999999Z Deleting the contents of '/home/runner/work/Game/Game'
harvest	Checkout repository	2025-12-08T13:58:09.5004310Z ##[group]Initializing the repository
harvest	Checkout repository	2025-12-08T13:58:09.5008759Z [command]/usr/bin/git init /home/runner/work/Game/Game
harvest	Checkout repository	2025-12-08T13:58:09.5110979Z hint: Using 'master' as the name for the initial branch. This default branch name
harvest	Checkout repository	2025-12-08T13:58:09.5112351Z hint: will change to "main" in Git 3.0. To configure the initial branch name
harvest	Checkout repository	2025-12-08T13:58:09.5113324Z hint: to use in all of your new repositories, which will suppress this warning,
harvest	Checkout repository	2025-12-08T13:58:09.5114818Z hint: call:
harvest	Checkout repository	2025-12-08T13:58:09.5115211Z hint:
harvest	Checkout repository	2025-12-08T13:58:09.5115868Z hint: 	git config --global init.defaultBranch <name>
harvest	Checkout repository	2025-12-08T13:58:09.5116919Z hint:
harvest	Checkout repository	2025-12-08T13:58:09.5117929Z hint: Names commonly chosen instead of 'master' are 'main', 'trunk' and
harvest	Checkout repository	2025-12-08T13:58:09.5119544Z hint: 'development'. The just-created branch can be renamed via this command:
harvest	Checkout repository	2025-12-08T13:58:09.5121108Z hint:
harvest	Checkout repository	2025-12-08T13:58:09.5121827Z hint: 	git branch -m <name>
harvest	Checkout repository	2025-12-08T13:58:09.5122580Z hint:
harvest	Checkout repository	2025-12-08T13:58:09.5123568Z hint: Disable this message with "git config set advice.defaultBranchName false"
harvest	Checkout repository	2025-12-08T13:58:09.5125185Z Initialized empty Git repository in /home/runner/work/Game/Game/.git/
harvest	Checkout repository	2025-12-08T13:58:09.5127955Z [command]/usr/bin/git remote add origin https://github.com/MasterDD-L34D/Game
harvest	Checkout repository	2025-12-08T13:58:09.5159315Z ##[endgroup]
harvest	Checkout repository	2025-12-08T13:58:09.5160027Z ##[group]Disabling automatic garbage collection
harvest	Checkout repository	2025-12-08T13:58:09.5163523Z [command]/usr/bin/git config --local gc.auto 0
harvest	Checkout repository	2025-12-08T13:58:09.5191715Z ##[endgroup]
harvest	Checkout repository	2025-12-08T13:58:09.5192773Z ##[group]Setting up auth
harvest	Checkout repository	2025-12-08T13:58:09.5198147Z [command]/usr/bin/git config --local --name-only --get-regexp core\.sshCommand
harvest	Checkout repository	2025-12-08T13:58:09.5227028Z [command]/usr/bin/git submodule foreach --recursive sh -c "git config --local --name-only --get-regexp 'core\.sshCommand' && git config --local --unset-all 'core.sshCommand' || :"
harvest	Checkout repository	2025-12-08T13:58:09.5542314Z [command]/usr/bin/git config --local --name-only --get-regexp http\.https\:\/\/github\.com\/\.extraheader
harvest	Checkout repository	2025-12-08T13:58:09.5569912Z [command]/usr/bin/git submodule foreach --recursive sh -c "git config --local --name-only --get-regexp 'http\.https\:\/\/github\.com\/\.extraheader' && git config --local --unset-all 'http.https://github.com/.extraheader' || :"
harvest	Checkout repository	2025-12-08T13:58:09.5784916Z [command]/usr/bin/git config --local --name-only --get-regexp ^includeIf\.gitdir:
harvest	Checkout repository	2025-12-08T13:58:09.5815053Z [command]/usr/bin/git submodule foreach --recursive git config --local --show-origin --name-only --get-regexp remote.origin.url
harvest	Checkout repository	2025-12-08T13:58:09.6032712Z [command]/usr/bin/git config --local http.https://github.com/.extraheader AUTHORIZATION: basic ***
harvest	Checkout repository	2025-12-08T13:58:09.6066690Z ##[endgroup]
harvest	Checkout repository	2025-12-08T13:58:09.6067404Z ##[group]Fetching the repository
harvest	Checkout repository	2025-12-08T13:58:09.6074766Z [command]/usr/bin/git -c protocol.version=2 fetch --no-tags --prune --no-recurse-submodules --depth=1 origin +a0e437f8e308a88d6a73293d5725af9c54708af6:refs/remotes/origin/main
harvest	Checkout repository	2025-12-08T13:58:10.5596653Z From https://github.com/MasterDD-L34D/Game
harvest	Checkout repository	2025-12-08T13:58:10.5597721Z  * [new ref]         a0e437f8e308a88d6a73293d5725af9c54708af6 -> origin/main
harvest	Checkout repository	2025-12-08T13:58:10.5627779Z ##[endgroup]
harvest	Checkout repository	2025-12-08T13:58:10.5628394Z ##[group]Determining the checkout info
harvest	Checkout repository	2025-12-08T13:58:10.5630192Z ##[endgroup]
harvest	Checkout repository	2025-12-08T13:58:10.5635139Z [command]/usr/bin/git sparse-checkout disable
harvest	Checkout repository	2025-12-08T13:58:10.5674468Z [command]/usr/bin/git config --local --unset-all extensions.worktreeConfig
harvest	Checkout repository	2025-12-08T13:58:10.5698632Z ##[group]Checking out the ref
harvest	Checkout repository	2025-12-08T13:58:10.5707304Z [command]/usr/bin/git checkout --progress --force -B main refs/remotes/origin/main
harvest	Checkout repository	2025-12-08T13:58:10.7972168Z Switched to a new branch 'main'
harvest	Checkout repository	2025-12-08T13:58:10.7973513Z branch 'main' set up to track 'origin/main'.
harvest	Checkout repository	2025-12-08T13:58:10.7989846Z ##[endgroup]
harvest	Checkout repository	2025-12-08T13:58:10.8028524Z [command]/usr/bin/git log -1 --format=%H
harvest	Checkout repository	2025-12-08T13:58:10.8051587Z a0e437f8e308a88d6a73293d5725af9c54708af6
harvest	Validate GH_TOKEN	ï»¿2025-12-08T13:58:10.8221155Z ##[group]Run if [ -z "${GH_TOKEN:-}" ]; then
harvest	Validate GH_TOKEN	2025-12-08T13:58:10.8221650Z [36;1mif [ -z "${GH_TOKEN:-}" ]; then[0m
harvest	Validate GH_TOKEN	2025-12-08T13:58:10.8222243Z [36;1m  echo "::error::GH_TOKEN non impostato: definisci il secret CI_LOG_PAT o LOG_HARVEST_PAT con scope workflow/read:org/repo-admin"[0m
harvest	Validate GH_TOKEN	2025-12-08T13:58:10.8222780Z [36;1m  exit 1[0m
harvest	Validate GH_TOKEN	2025-12-08T13:58:10.8223002Z [36;1mfi[0m
harvest	Validate GH_TOKEN	2025-12-08T13:58:10.8259518Z shell: /usr/bin/bash -e {0}
harvest	Validate GH_TOKEN	2025-12-08T13:58:10.8259844Z env:
harvest	Validate GH_TOKEN	2025-12-08T13:58:10.8260638Z   GH_TOKEN: ***
harvest	Validate GH_TOKEN	2025-12-08T13:58:10.8261175Z   CI_LOG_CONFIG_FILE: ops/ci-log-config.txt
harvest	Validate GH_TOKEN	2025-12-08T13:58:10.8261500Z ##[endgroup]
harvest	Auth gh	ï»¿2025-12-08T13:58:10.8363441Z ##[group]Run gh auth login --with-token < "$GH_TOKEN"
harvest	Auth gh	2025-12-08T13:58:10.8363897Z [36;1mgh auth login --with-token < "$GH_TOKEN"[0m
harvest	Auth gh	2025-12-08T13:58:10.8364224Z [36;1mgh auth status[0m
harvest	Auth gh	2025-12-08T13:58:10.8396319Z shell: /usr/bin/bash -e {0}
harvest	Auth gh	2025-12-08T13:58:10.8396605Z env:
harvest	Auth gh	2025-12-08T13:58:10.8397052Z   GH_TOKEN: ***
harvest	Auth gh	2025-12-08T13:58:10.8397339Z   CI_LOG_CONFIG_FILE: ops/ci-log-config.txt
harvest	Auth gh	2025-12-08T13:58:10.8397644Z ##[endgroup]
harvest	Auth gh	2025-12-08T13:58:10.8451606Z /home/runner/work/_temp/46bf02a8-dce6-4d7f-b220-92e62c84de5a.sh: line 1: ***: No such file or directory
harvest	Auth gh	2025-12-08T13:58:10.8463014Z ##[error]Process completed with exit code 1.
harvest	Post Checkout repository	ï»¿2025-12-08T13:58:10.8590378Z Post job cleanup.
harvest	Post Checkout repository	2025-12-08T13:58:10.9514488Z [command]/usr/bin/git version
harvest	Post Checkout repository	2025-12-08T13:58:10.9550104Z git version 2.52.0
harvest	Post Checkout repository	2025-12-08T13:58:10.9593630Z Temporarily overriding HOME='/home/runner/work/_temp/4e5d2413-8fad-4527-b481-f885d0889b04' before making global git config changes
harvest	Post Checkout repository	2025-12-08T13:58:10.9595288Z Adding repository directory to the temporary git global config as a safe directory
harvest	Post Checkout repository	2025-12-08T13:58:10.9600141Z [command]/usr/bin/git config --global --add safe.directory /home/runner/work/Game/Game
harvest	Post Checkout repository	2025-12-08T13:58:10.9636685Z [command]/usr/bin/git config --local --name-only --get-regexp core\.sshCommand
harvest	Post Checkout repository	2025-12-08T13:58:10.9670560Z [command]/usr/bin/git submodule foreach --recursive sh -c "git config --local --name-only --get-regexp 'core\.sshCommand' && git config --local --unset-all 'core.sshCommand' || :"
harvest	Post Checkout repository	2025-12-08T13:58:10.9904167Z [command]/usr/bin/git config --local --name-only --get-regexp http\.https\:\/\/github\.com\/\.extraheader
harvest	Post Checkout repository	2025-12-08T13:58:10.9925106Z http.https://github.com/.extraheader
harvest	Post Checkout repository	2025-12-08T13:58:10.9937489Z [command]/usr/bin/git config --local --unset-all http.https://github.com/.extraheader
harvest	Post Checkout repository	2025-12-08T13:58:10.9967729Z [command]/usr/bin/git submodule foreach --recursive sh -c "git config --local --name-only --get-regexp 'http\.https\:\/\/github\.com\/\.extraheader' && git config --local --unset-all 'http.https://github.com/.extraheader' || :"
harvest	Post Checkout repository	2025-12-08T13:58:11.0191257Z [command]/usr/bin/git config --local --name-only --get-regexp ^includeIf\.gitdir:
harvest	Post Checkout repository	2025-12-08T13:58:11.0222207Z [command]/usr/bin/git submodule foreach --recursive git config --local --show-origin --name-only --get-regexp remote.origin.url
harvest	Complete job	ï»¿2025-12-08T13:58:11.0607857Z Cleaning up orphan processes
