harvest	Set up job	ï»¿2025-12-08T14:08:04.9590011Z Current runner version: '2.329.0'
harvest	Set up job	2025-12-08T14:08:04.9624114Z ##[group]Runner Image Provisioner
harvest	Set up job	2025-12-08T14:08:04.9625317Z Hosted Compute Agent
harvest	Set up job	2025-12-08T14:08:04.9626184Z Version: 20251124.448
harvest	Set up job	2025-12-08T14:08:04.9627171Z Commit: fda5086b43ec66ade217e5fcd18146c879571177
harvest	Set up job	2025-12-08T14:08:04.9628352Z Build Date: 2025-11-24T21:16:26Z
harvest	Set up job	2025-12-08T14:08:04.9629335Z ##[endgroup]
harvest	Set up job	2025-12-08T14:08:04.9630145Z ##[group]Operating System
harvest	Set up job	2025-12-08T14:08:04.9631016Z Ubuntu
harvest	Set up job	2025-12-08T14:08:04.9631854Z 24.04.3
harvest	Set up job	2025-12-08T14:08:04.9632553Z LTS
harvest	Set up job	2025-12-08T14:08:04.9633472Z ##[endgroup]
harvest	Set up job	2025-12-08T14:08:04.9634405Z ##[group]Runner Image
harvest	Set up job	2025-12-08T14:08:04.9635282Z Image: ubuntu-24.04
harvest	Set up job	2025-12-08T14:08:04.9636009Z Version: 20251126.144.1
harvest	Set up job	2025-12-08T14:08:04.9637763Z Included Software: https://github.com/actions/runner-images/blob/ubuntu24/20251126.144/images/ubuntu/Ubuntu2404-Readme.md
harvest	Set up job	2025-12-08T14:08:04.9640115Z Image Release: https://github.com/actions/runner-images/releases/tag/ubuntu24%2F20251126.144
harvest	Set up job	2025-12-08T14:08:04.9642206Z ##[endgroup]
harvest	Set up job	2025-12-08T14:08:04.9644235Z ##[group]GITHUB_TOKEN Permissions
harvest	Set up job	2025-12-08T14:08:04.9646702Z Actions: read
harvest	Set up job	2025-12-08T14:08:04.9647630Z Contents: write
harvest	Set up job	2025-12-08T14:08:04.9648549Z Metadata: read
harvest	Set up job	2025-12-08T14:08:04.9649283Z ##[endgroup]
harvest	Set up job	2025-12-08T14:08:04.9652117Z Secret source: Actions
harvest	Set up job	2025-12-08T14:08:04.9653567Z Prepare workflow directory
harvest	Set up job	2025-12-08T14:08:05.0405103Z Prepare all required actions
harvest	Set up job	2025-12-08T14:08:05.0460061Z Getting action download info
harvest	Set up job	2025-12-08T14:08:05.3231546Z Download action repository 'actions/checkout@v4' (SHA:34e114876b0b11c390a56381ad16ebd13914f8d5)
harvest	Set up job	2025-12-08T14:08:05.9773750Z Download action repository 'actions/upload-artifact@v4' (SHA:ea165f8d65b6e75b540449e92b4886f43607fa02)
harvest	Set up job	2025-12-08T14:08:06.2412235Z Complete job name: harvest
harvest	Checkout repository	ï»¿2025-12-08T14:08:06.3066859Z ##[group]Run actions/checkout@v4
harvest	Checkout repository	2025-12-08T14:08:06.3067766Z with:
harvest	Checkout repository	2025-12-08T14:08:06.3068210Z   repository: MasterDD-L34D/Game
harvest	Checkout repository	2025-12-08T14:08:06.3068898Z   token: ***
harvest	Checkout repository	2025-12-08T14:08:06.3069343Z   ssh-strict: true
harvest	Checkout repository	2025-12-08T14:08:06.3069752Z   ssh-user: git
harvest	Checkout repository	2025-12-08T14:08:06.3070180Z   persist-credentials: true
harvest	Checkout repository	2025-12-08T14:08:06.3070659Z   clean: true
harvest	Checkout repository	2025-12-08T14:08:06.3071096Z   sparse-checkout-cone-mode: true
harvest	Checkout repository	2025-12-08T14:08:06.3071608Z   fetch-depth: 1
harvest	Checkout repository	2025-12-08T14:08:06.3072021Z   fetch-tags: false
harvest	Checkout repository	2025-12-08T14:08:06.3072446Z   show-progress: true
harvest	Checkout repository	2025-12-08T14:08:06.3073119Z   lfs: false
harvest	Checkout repository	2025-12-08T14:08:06.3073560Z   submodules: false
harvest	Checkout repository	2025-12-08T14:08:06.3074059Z   set-safe-directory: true
harvest	Checkout repository	2025-12-08T14:08:06.3074843Z env:
harvest	Checkout repository	2025-12-08T14:08:06.3075470Z   GH_TOKEN: ***
harvest	Checkout repository	2025-12-08T14:08:06.3075965Z   CI_LOG_CONFIG_FILE: ops/ci-log-config.txt
harvest	Checkout repository	2025-12-08T14:08:06.3076516Z ##[endgroup]
harvest	Checkout repository	2025-12-08T14:08:06.4138548Z Syncing repository: MasterDD-L34D/Game
harvest	Checkout repository	2025-12-08T14:08:06.4140384Z ##[group]Getting Git version info
harvest	Checkout repository	2025-12-08T14:08:06.4141232Z Working directory is '/home/runner/work/Game/Game'
harvest	Checkout repository	2025-12-08T14:08:06.4142190Z [command]/usr/bin/git version
harvest	Checkout repository	2025-12-08T14:08:06.5210932Z git version 2.52.0
harvest	Checkout repository	2025-12-08T14:08:06.5239391Z ##[endgroup]
harvest	Checkout repository	2025-12-08T14:08:06.5254544Z Temporarily overriding HOME='/home/runner/work/_temp/d14a3f45-311c-4424-a038-14a1988af7b1' before making global git config changes
harvest	Checkout repository	2025-12-08T14:08:06.5256382Z Adding repository directory to the temporary git global config as a safe directory
harvest	Checkout repository	2025-12-08T14:08:06.5267808Z [command]/usr/bin/git config --global --add safe.directory /home/runner/work/Game/Game
harvest	Checkout repository	2025-12-08T14:08:06.5357632Z Deleting the contents of '/home/runner/work/Game/Game'
harvest	Checkout repository	2025-12-08T14:08:06.5361492Z ##[group]Initializing the repository
harvest	Checkout repository	2025-12-08T14:08:06.5365385Z [command]/usr/bin/git init /home/runner/work/Game/Game
harvest	Checkout repository	2025-12-08T14:08:06.6221942Z hint: Using 'master' as the name for the initial branch. This default branch name
harvest	Checkout repository	2025-12-08T14:08:06.6223747Z hint: will change to "main" in Git 3.0. To configure the initial branch name
harvest	Checkout repository	2025-12-08T14:08:06.6225237Z hint: to use in all of your new repositories, which will suppress this warning,
harvest	Checkout repository	2025-12-08T14:08:06.6226618Z hint: call:
harvest	Checkout repository	2025-12-08T14:08:06.6227244Z hint:
harvest	Checkout repository	2025-12-08T14:08:06.6227994Z hint: 	git config --global init.defaultBranch <name>
harvest	Checkout repository	2025-12-08T14:08:06.6228908Z hint:
harvest	Checkout repository	2025-12-08T14:08:06.6229787Z hint: Names commonly chosen instead of 'master' are 'main', 'trunk' and
harvest	Checkout repository	2025-12-08T14:08:06.6231265Z hint: 'development'. The just-created branch can be renamed via this command:
harvest	Checkout repository	2025-12-08T14:08:06.6232410Z hint:
harvest	Checkout repository	2025-12-08T14:08:06.6233353Z hint: 	git branch -m <name>
harvest	Checkout repository	2025-12-08T14:08:06.6234065Z hint:
harvest	Checkout repository	2025-12-08T14:08:06.6235017Z hint: Disable this message with "git config set advice.defaultBranchName false"
harvest	Checkout repository	2025-12-08T14:08:06.6264643Z Initialized empty Git repository in /home/runner/work/Game/Game/.git/
harvest	Checkout repository	2025-12-08T14:08:06.6276780Z [command]/usr/bin/git remote add origin https://github.com/MasterDD-L34D/Game
harvest	Checkout repository	2025-12-08T14:08:06.6358990Z ##[endgroup]
harvest	Checkout repository	2025-12-08T14:08:06.6359939Z ##[group]Disabling automatic garbage collection
harvest	Checkout repository	2025-12-08T14:08:06.6363348Z [command]/usr/bin/git config --local gc.auto 0
harvest	Checkout repository	2025-12-08T14:08:06.6391587Z ##[endgroup]
harvest	Checkout repository	2025-12-08T14:08:06.6392371Z ##[group]Setting up auth
harvest	Checkout repository	2025-12-08T14:08:06.6398362Z [command]/usr/bin/git config --local --name-only --get-regexp core\.sshCommand
harvest	Checkout repository	2025-12-08T14:08:06.6428954Z [command]/usr/bin/git submodule foreach --recursive sh -c "git config --local --name-only --get-regexp 'core\.sshCommand' && git config --local --unset-all 'core.sshCommand' || :"
harvest	Checkout repository	2025-12-08T14:08:06.8571706Z [command]/usr/bin/git config --local --name-only --get-regexp http\.https\:\/\/github\.com\/\.extraheader
harvest	Checkout repository	2025-12-08T14:08:06.8602304Z [command]/usr/bin/git submodule foreach --recursive sh -c "git config --local --name-only --get-regexp 'http\.https\:\/\/github\.com\/\.extraheader' && git config --local --unset-all 'http.https://github.com/.extraheader' || :"
harvest	Checkout repository	2025-12-08T14:08:06.8817097Z [command]/usr/bin/git config --local --name-only --get-regexp ^includeIf\.gitdir:
harvest	Checkout repository	2025-12-08T14:08:06.8846206Z [command]/usr/bin/git submodule foreach --recursive git config --local --show-origin --name-only --get-regexp remote.origin.url
harvest	Checkout repository	2025-12-08T14:08:06.9071575Z [command]/usr/bin/git config --local http.https://github.com/.extraheader AUTHORIZATION: basic ***
harvest	Checkout repository	2025-12-08T14:08:06.9104664Z ##[endgroup]
harvest	Checkout repository	2025-12-08T14:08:06.9105937Z ##[group]Fetching the repository
harvest	Checkout repository	2025-12-08T14:08:06.9114592Z [command]/usr/bin/git -c protocol.version=2 fetch --no-tags --prune --no-recurse-submodules --depth=1 origin +a0e437f8e308a88d6a73293d5725af9c54708af6:refs/remotes/origin/main
harvest	Checkout repository	2025-12-08T14:08:07.6906558Z From https://github.com/MasterDD-L34D/Game
harvest	Checkout repository	2025-12-08T14:08:07.6910621Z  * [new ref]         a0e437f8e308a88d6a73293d5725af9c54708af6 -> origin/main
harvest	Checkout repository	2025-12-08T14:08:07.6995100Z ##[endgroup]
harvest	Checkout repository	2025-12-08T14:08:07.6997206Z ##[group]Determining the checkout info
harvest	Checkout repository	2025-12-08T14:08:07.7000064Z ##[endgroup]
harvest	Checkout repository	2025-12-08T14:08:07.7001813Z [command]/usr/bin/git sparse-checkout disable
harvest	Checkout repository	2025-12-08T14:08:07.7092318Z [command]/usr/bin/git config --local --unset-all extensions.worktreeConfig
harvest	Checkout repository	2025-12-08T14:08:07.7121831Z ##[group]Checking out the ref
harvest	Checkout repository	2025-12-08T14:08:07.7126078Z [command]/usr/bin/git checkout --progress --force -B main refs/remotes/origin/main
harvest	Checkout repository	2025-12-08T14:08:07.9480814Z Switched to a new branch 'main'
harvest	Checkout repository	2025-12-08T14:08:07.9482404Z branch 'main' set up to track 'origin/main'.
harvest	Checkout repository	2025-12-08T14:08:07.9498718Z ##[endgroup]
harvest	Checkout repository	2025-12-08T14:08:07.9537503Z [command]/usr/bin/git log -1 --format=%H
harvest	Checkout repository	2025-12-08T14:08:07.9560544Z a0e437f8e308a88d6a73293d5725af9c54708af6
harvest	Validate GH_TOKEN	ï»¿2025-12-08T14:08:07.9739069Z ##[group]Run if [ -z "${GH_TOKEN:-}" ]; then
harvest	Validate GH_TOKEN	2025-12-08T14:08:07.9739520Z [36;1mif [ -z "${GH_TOKEN:-}" ]; then[0m
harvest	Validate GH_TOKEN	2025-12-08T14:08:07.9740094Z [36;1m  echo "::error::GH_TOKEN non impostato: definisci il secret CI_LOG_PAT o LOG_HARVEST_PAT con scope workflow/read:org/repo-admin"[0m
harvest	Validate GH_TOKEN	2025-12-08T14:08:07.9740627Z [36;1m  exit 1[0m
harvest	Validate GH_TOKEN	2025-12-08T14:08:07.9740813Z [36;1mfi[0m
harvest	Validate GH_TOKEN	2025-12-08T14:08:07.9776935Z shell: /usr/bin/bash -e {0}
harvest	Validate GH_TOKEN	2025-12-08T14:08:07.9777210Z env:
harvest	Validate GH_TOKEN	2025-12-08T14:08:07.9777777Z   GH_TOKEN: ***
harvest	Validate GH_TOKEN	2025-12-08T14:08:07.9778245Z   CI_LOG_CONFIG_FILE: ops/ci-log-config.txt
harvest	Validate GH_TOKEN	2025-12-08T14:08:07.9778527Z ##[endgroup]
harvest	Auth gh	ï»¿2025-12-08T14:08:07.9882319Z ##[group]Run gh auth login --with-token < "$GH_TOKEN"
harvest	Auth gh	2025-12-08T14:08:07.9882992Z [36;1mgh auth login --with-token < "$GH_TOKEN"[0m
harvest	Auth gh	2025-12-08T14:08:07.9883287Z [36;1mgh auth status[0m
harvest	Auth gh	2025-12-08T14:08:07.9913715Z shell: /usr/bin/bash -e {0}
harvest	Auth gh	2025-12-08T14:08:07.9913960Z env:
harvest	Auth gh	2025-12-08T14:08:07.9914342Z   GH_TOKEN: ***
harvest	Auth gh	2025-12-08T14:08:07.9914561Z   CI_LOG_CONFIG_FILE: ops/ci-log-config.txt
harvest	Auth gh	2025-12-08T14:08:07.9914840Z ##[endgroup]
harvest	Auth gh	2025-12-08T14:08:07.9966199Z /home/runner/work/_temp/2e11ed9b-b4e5-4277-93fc-b880201c8bfe.sh: line 1: ***: No such file or directory
harvest	Auth gh	2025-12-08T14:08:07.9978421Z ##[error]Process completed with exit code 1.
harvest	Post Checkout repository	ï»¿2025-12-08T14:08:08.0107916Z Post job cleanup.
harvest	Post Checkout repository	2025-12-08T14:08:08.1066590Z [command]/usr/bin/git version
harvest	Post Checkout repository	2025-12-08T14:08:08.1104426Z git version 2.52.0
harvest	Post Checkout repository	2025-12-08T14:08:08.1149764Z Temporarily overriding HOME='/home/runner/work/_temp/6266ec91-1a6d-4035-9c8a-cf540d355850' before making global git config changes
harvest	Post Checkout repository	2025-12-08T14:08:08.1151241Z Adding repository directory to the temporary git global config as a safe directory
harvest	Post Checkout repository	2025-12-08T14:08:08.1156660Z [command]/usr/bin/git config --global --add safe.directory /home/runner/work/Game/Game
harvest	Post Checkout repository	2025-12-08T14:08:08.1194521Z [command]/usr/bin/git config --local --name-only --get-regexp core\.sshCommand
harvest	Post Checkout repository	2025-12-08T14:08:08.1227622Z [command]/usr/bin/git submodule foreach --recursive sh -c "git config --local --name-only --get-regexp 'core\.sshCommand' && git config --local --unset-all 'core.sshCommand' || :"
harvest	Post Checkout repository	2025-12-08T14:08:08.1506832Z [command]/usr/bin/git config --local --name-only --get-regexp http\.https\:\/\/github\.com\/\.extraheader
harvest	Post Checkout repository	2025-12-08T14:08:08.1529715Z http.https://github.com/.extraheader
harvest	Post Checkout repository	2025-12-08T14:08:08.1542912Z [command]/usr/bin/git config --local --unset-all http.https://github.com/.extraheader
harvest	Post Checkout repository	2025-12-08T14:08:08.1575827Z [command]/usr/bin/git submodule foreach --recursive sh -c "git config --local --name-only --get-regexp 'http\.https\:\/\/github\.com\/\.extraheader' && git config --local --unset-all 'http.https://github.com/.extraheader' || :"
harvest	Post Checkout repository	2025-12-08T14:08:08.1839696Z [command]/usr/bin/git config --local --name-only --get-regexp ^includeIf\.gitdir:
harvest	Post Checkout repository	2025-12-08T14:08:08.1873522Z [command]/usr/bin/git submodule foreach --recursive git config --local --show-origin --name-only --get-regexp remote.origin.url
harvest	Complete job	ï»¿2025-12-08T14:08:08.2216053Z Cleaning up orphan processes
