validate-traits	Set up job	ï»¿2025-12-08T17:40:12.3785822Z Current runner version: '2.329.0'
validate-traits	Set up job	2025-12-08T17:40:12.3810590Z ##[group]Runner Image Provisioner
validate-traits	Set up job	2025-12-08T17:40:12.3811400Z Hosted Compute Agent
validate-traits	Set up job	2025-12-08T17:40:12.3811858Z Version: 20251124.448
validate-traits	Set up job	2025-12-08T17:40:12.3812459Z Commit: fda5086b43ec66ade217e5fcd18146c879571177
validate-traits	Set up job	2025-12-08T17:40:12.3813066Z Build Date: 2025-11-24T21:16:26Z
validate-traits	Set up job	2025-12-08T17:40:12.3813584Z ##[endgroup]
validate-traits	Set up job	2025-12-08T17:40:12.3814067Z ##[group]Operating System
validate-traits	Set up job	2025-12-08T17:40:12.3814598Z Ubuntu
validate-traits	Set up job	2025-12-08T17:40:12.3814998Z 24.04.3
validate-traits	Set up job	2025-12-08T17:40:12.3815437Z LTS
validate-traits	Set up job	2025-12-08T17:40:12.3815848Z ##[endgroup]
validate-traits	Set up job	2025-12-08T17:40:12.3816257Z ##[group]Runner Image
validate-traits	Set up job	2025-12-08T17:40:12.3817033Z Image: ubuntu-24.04
validate-traits	Set up job	2025-12-08T17:40:12.3817467Z Version: 20251126.144.1
validate-traits	Set up job	2025-12-08T17:40:12.3818382Z Included Software: https://github.com/actions/runner-images/blob/ubuntu24/20251126.144/images/ubuntu/Ubuntu2404-Readme.md
validate-traits	Set up job	2025-12-08T17:40:12.3819577Z Image Release: https://github.com/actions/runner-images/releases/tag/ubuntu24%2F20251126.144
validate-traits	Set up job	2025-12-08T17:40:12.3820615Z ##[endgroup]
validate-traits	Set up job	2025-12-08T17:40:12.3821597Z ##[group]GITHUB_TOKEN Permissions
validate-traits	Set up job	2025-12-08T17:40:12.3823642Z Contents: read
validate-traits	Set up job	2025-12-08T17:40:12.3824174Z Metadata: read
validate-traits	Set up job	2025-12-08T17:40:12.3824601Z Packages: read
validate-traits	Set up job	2025-12-08T17:40:12.3825052Z ##[endgroup]
validate-traits	Set up job	2025-12-08T17:40:12.3827449Z Secret source: Actions
validate-traits	Set up job	2025-12-08T17:40:12.3828056Z Prepare workflow directory
validate-traits	Set up job	2025-12-08T17:40:12.4179583Z Prepare all required actions
validate-traits	Set up job	2025-12-08T17:40:12.4231380Z Getting action download info
validate-traits	Set up job	2025-12-08T17:40:12.8188794Z Download action repository 'actions/checkout@v4' (SHA:34e114876b0b11c390a56381ad16ebd13914f8d5)
validate-traits	Set up job	2025-12-08T17:40:13.8465644Z Download action repository 'actions/setup-node@v4' (SHA:49933ea5288caeca8642d1e84afbd3f7d6820020)
validate-traits	Set up job	2025-12-08T17:40:13.9592930Z Download action repository 'actions/setup-python@v5' (SHA:a26af69be951a213d495a4c3e4e4022e16d87065)
validate-traits	Set up job	2025-12-08T17:40:14.0544476Z Download action repository 'actions/upload-artifact@v4' (SHA:ea165f8d65b6e75b540449e92b4886f43607fa02)
validate-traits	Set up job	2025-12-08T17:40:14.2384872Z Complete job name: validate-traits
validate-traits	Run actions/checkout@v4	ï»¿2025-12-08T17:40:14.3257618Z ##[group]Run actions/checkout@v4
validate-traits	Run actions/checkout@v4	2025-12-08T17:40:14.3258938Z with:
validate-traits	Run actions/checkout@v4	2025-12-08T17:40:14.3259653Z   repository: MasterDD-L34D/Game
validate-traits	Run actions/checkout@v4	2025-12-08T17:40:14.3260860Z   token: ***
validate-traits	Run actions/checkout@v4	2025-12-08T17:40:14.3261532Z   ssh-strict: true
validate-traits	Run actions/checkout@v4	2025-12-08T17:40:14.3262233Z   ssh-user: git
validate-traits	Run actions/checkout@v4	2025-12-08T17:40:14.3262980Z   persist-credentials: true
validate-traits	Run actions/checkout@v4	2025-12-08T17:40:14.3263802Z   clean: true
validate-traits	Run actions/checkout@v4	2025-12-08T17:40:14.3264544Z   sparse-checkout-cone-mode: true
validate-traits	Run actions/checkout@v4	2025-12-08T17:40:14.3265430Z   fetch-depth: 1
validate-traits	Run actions/checkout@v4	2025-12-08T17:40:14.3266154Z   fetch-tags: false
validate-traits	Run actions/checkout@v4	2025-12-08T17:40:14.3267166Z   show-progress: true
validate-traits	Run actions/checkout@v4	2025-12-08T17:40:14.3267921Z   lfs: false
validate-traits	Run actions/checkout@v4	2025-12-08T17:40:14.3268591Z   submodules: false
validate-traits	Run actions/checkout@v4	2025-12-08T17:40:14.3269325Z   set-safe-directory: true
validate-traits	Run actions/checkout@v4	2025-12-08T17:40:14.3270414Z ##[endgroup]
validate-traits	Run actions/checkout@v4	2025-12-08T17:40:14.4354301Z Syncing repository: MasterDD-L34D/Game
validate-traits	Run actions/checkout@v4	2025-12-08T17:40:14.4358010Z ##[group]Getting Git version info
validate-traits	Run actions/checkout@v4	2025-12-08T17:40:14.4359452Z Working directory is '/home/runner/work/Game/Game'
validate-traits	Run actions/checkout@v4	2025-12-08T17:40:14.4362257Z [command]/usr/bin/git version
validate-traits	Run actions/checkout@v4	2025-12-08T17:40:14.4429410Z git version 2.52.0
validate-traits	Run actions/checkout@v4	2025-12-08T17:40:14.4465273Z ##[endgroup]
validate-traits	Run actions/checkout@v4	2025-12-08T17:40:14.4492511Z Temporarily overriding HOME='/home/runner/work/_temp/4f19c978-f27d-4fd9-ab10-f9385fc9cc3f' before making global git config changes
validate-traits	Run actions/checkout@v4	2025-12-08T17:40:14.4495207Z Adding repository directory to the temporary git global config as a safe directory
validate-traits	Run actions/checkout@v4	2025-12-08T17:40:14.4499265Z [command]/usr/bin/git config --global --add safe.directory /home/runner/work/Game/Game
validate-traits	Run actions/checkout@v4	2025-12-08T17:40:14.4539295Z Deleting the contents of '/home/runner/work/Game/Game'
validate-traits	Run actions/checkout@v4	2025-12-08T17:40:14.4543498Z ##[group]Initializing the repository
validate-traits	Run actions/checkout@v4	2025-12-08T17:40:14.4549190Z [command]/usr/bin/git init /home/runner/work/Game/Game
validate-traits	Run actions/checkout@v4	2025-12-08T17:40:14.4654189Z hint: Using 'master' as the name for the initial branch. This default branch name
validate-traits	Run actions/checkout@v4	2025-12-08T17:40:14.4657486Z hint: will change to "main" in Git 3.0. To configure the initial branch name
validate-traits	Run actions/checkout@v4	2025-12-08T17:40:14.4660843Z hint: to use in all of your new repositories, which will suppress this warning,
validate-traits	Run actions/checkout@v4	2025-12-08T17:40:14.4663232Z hint: call:
validate-traits	Run actions/checkout@v4	2025-12-08T17:40:14.4664377Z hint:
validate-traits	Run actions/checkout@v4	2025-12-08T17:40:14.4665736Z hint: 	git config --global init.defaultBranch <name>
validate-traits	Run actions/checkout@v4	2025-12-08T17:40:14.4667670Z hint:
validate-traits	Run actions/checkout@v4	2025-12-08T17:40:14.4669291Z hint: Names commonly chosen instead of 'master' are 'main', 'trunk' and
validate-traits	Run actions/checkout@v4	2025-12-08T17:40:14.4672157Z hint: 'development'. The just-created branch can be renamed via this command:
validate-traits	Run actions/checkout@v4	2025-12-08T17:40:14.4674448Z hint:
validate-traits	Run actions/checkout@v4	2025-12-08T17:40:14.4675578Z hint: 	git branch -m <name>
validate-traits	Run actions/checkout@v4	2025-12-08T17:40:14.4677332Z hint:
validate-traits	Run actions/checkout@v4	2025-12-08T17:40:14.4679235Z hint: Disable this message with "git config set advice.defaultBranchName false"
validate-traits	Run actions/checkout@v4	2025-12-08T17:40:14.4682392Z Initialized empty Git repository in /home/runner/work/Game/Game/.git/
validate-traits	Run actions/checkout@v4	2025-12-08T17:40:14.4687225Z [command]/usr/bin/git remote add origin https://github.com/MasterDD-L34D/Game
validate-traits	Run actions/checkout@v4	2025-12-08T17:40:14.4701763Z ##[endgroup]
validate-traits	Run actions/checkout@v4	2025-12-08T17:40:14.4703915Z ##[group]Disabling automatic garbage collection
validate-traits	Run actions/checkout@v4	2025-12-08T17:40:14.4706014Z [command]/usr/bin/git config --local gc.auto 0
validate-traits	Run actions/checkout@v4	2025-12-08T17:40:14.4731598Z ##[endgroup]
validate-traits	Run actions/checkout@v4	2025-12-08T17:40:14.4733610Z ##[group]Setting up auth
validate-traits	Run actions/checkout@v4	2025-12-08T17:40:14.4737663Z [command]/usr/bin/git config --local --name-only --get-regexp core\.sshCommand
validate-traits	Run actions/checkout@v4	2025-12-08T17:40:14.4764750Z [command]/usr/bin/git submodule foreach --recursive sh -c "git config --local --name-only --get-regexp 'core\.sshCommand' && git config --local --unset-all 'core.sshCommand' || :"
validate-traits	Run actions/checkout@v4	2025-12-08T17:40:14.5058701Z [command]/usr/bin/git config --local --name-only --get-regexp http\.https\:\/\/github\.com\/\.extraheader
validate-traits	Run actions/checkout@v4	2025-12-08T17:40:14.5088146Z [command]/usr/bin/git submodule foreach --recursive sh -c "git config --local --name-only --get-regexp 'http\.https\:\/\/github\.com\/\.extraheader' && git config --local --unset-all 'http.https://github.com/.extraheader' || :"
validate-traits	Run actions/checkout@v4	2025-12-08T17:40:14.5256933Z [command]/usr/bin/git config --local --name-only --get-regexp ^includeIf\.gitdir:
validate-traits	Run actions/checkout@v4	2025-12-08T17:40:14.5292703Z [command]/usr/bin/git submodule foreach --recursive git config --local --show-origin --name-only --get-regexp remote.origin.url
validate-traits	Run actions/checkout@v4	2025-12-08T17:40:14.5469752Z [command]/usr/bin/git config --local http.https://github.com/.extraheader AUTHORIZATION: basic ***
validate-traits	Run actions/checkout@v4	2025-12-08T17:40:14.5498336Z ##[endgroup]
validate-traits	Run actions/checkout@v4	2025-12-08T17:40:14.5499745Z ##[group]Fetching the repository
validate-traits	Run actions/checkout@v4	2025-12-08T17:40:14.5508069Z [command]/usr/bin/git -c protocol.version=2 fetch --no-tags --prune --no-recurse-submodules --depth=1 origin +7128ef2f11718bab4eb38ee15f666dce51e65fb8:refs/remotes/origin/main
validate-traits	Run actions/checkout@v4	2025-12-08T17:40:15.7746703Z From https://github.com/MasterDD-L34D/Game
validate-traits	Run actions/checkout@v4	2025-12-08T17:40:15.7749222Z  * [new ref]         7128ef2f11718bab4eb38ee15f666dce51e65fb8 -> origin/main
validate-traits	Run actions/checkout@v4	2025-12-08T17:40:15.7772188Z ##[endgroup]
validate-traits	Run actions/checkout@v4	2025-12-08T17:40:15.7772967Z ##[group]Determining the checkout info
validate-traits	Run actions/checkout@v4	2025-12-08T17:40:15.7774194Z ##[endgroup]
validate-traits	Run actions/checkout@v4	2025-12-08T17:40:15.7780220Z [command]/usr/bin/git sparse-checkout disable
validate-traits	Run actions/checkout@v4	2025-12-08T17:40:15.7813253Z [command]/usr/bin/git config --local --unset-all extensions.worktreeConfig
validate-traits	Run actions/checkout@v4	2025-12-08T17:40:15.7834564Z ##[group]Checking out the ref
validate-traits	Run actions/checkout@v4	2025-12-08T17:40:15.7839163Z [command]/usr/bin/git checkout --progress --force -B main refs/remotes/origin/main
validate-traits	Run actions/checkout@v4	2025-12-08T17:40:15.9498483Z Switched to a new branch 'main'
validate-traits	Run actions/checkout@v4	2025-12-08T17:40:15.9499466Z branch 'main' set up to track 'origin/main'.
validate-traits	Run actions/checkout@v4	2025-12-08T17:40:15.9512032Z ##[endgroup]
validate-traits	Run actions/checkout@v4	2025-12-08T17:40:15.9548860Z [command]/usr/bin/git log -1 --format=%H
validate-traits	Run actions/checkout@v4	2025-12-08T17:40:15.9568815Z 7128ef2f11718bab4eb38ee15f666dce51e65fb8
validate-traits	Set up Node.js	ï»¿2025-12-08T17:40:15.9797641Z ##[group]Run actions/setup-node@v4
validate-traits	Set up Node.js	2025-12-08T17:40:15.9798044Z with:
validate-traits	Set up Node.js	2025-12-08T17:40:15.9798316Z   node-version: 20
validate-traits	Set up Node.js	2025-12-08T17:40:15.9798572Z   cache: npm
validate-traits	Set up Node.js	2025-12-08T17:40:15.9798825Z   always-auth: false
validate-traits	Set up Node.js	2025-12-08T17:40:15.9799105Z   check-latest: false
validate-traits	Set up Node.js	2025-12-08T17:40:15.9799536Z   token: ***
validate-traits	Set up Node.js	2025-12-08T17:40:15.9799789Z ##[endgroup]
validate-traits	Set up Node.js	2025-12-08T17:40:16.1712479Z Found in cache @ /opt/hostedtoolcache/node/20.19.6/x64
validate-traits	Set up Node.js	2025-12-08T17:40:16.1718635Z ##[group]Environment details
validate-traits	Set up Node.js	2025-12-08T17:40:20.3429556Z node: v20.19.6
validate-traits	Set up Node.js	2025-12-08T17:40:20.3430026Z npm: 10.8.2
validate-traits	Set up Node.js	2025-12-08T17:40:20.3430264Z yarn: 1.22.22
validate-traits	Set up Node.js	2025-12-08T17:40:20.3431164Z ##[endgroup]
validate-traits	Set up Node.js	2025-12-08T17:40:20.3450518Z [command]/opt/hostedtoolcache/node/20.19.6/x64/bin/npm config get cache
validate-traits	Set up Node.js	2025-12-08T17:40:20.5740055Z /home/runner/.npm
validate-traits	Set up Node.js	2025-12-08T17:40:20.8424509Z npm cache is not found
validate-traits	Install Node.js dependencies	ï»¿2025-12-08T17:40:20.8532000Z ##[group]Run npm ci
validate-traits	Install Node.js dependencies	2025-12-08T17:40:20.8532300Z [36;1mnpm ci[0m
validate-traits	Install Node.js dependencies	2025-12-08T17:40:20.8564794Z shell: /usr/bin/bash -e {0}
validate-traits	Install Node.js dependencies	2025-12-08T17:40:20.8565073Z ##[endgroup]
validate-traits	Install Node.js dependencies	2025-12-08T17:40:24.2554623Z npm warn deprecated inflight@1.0.6: This module is not supported, and leaks memory. Do not use it. Check out lru-cache if you want a good and tested way to coalesce async requests by a key value, which is much more comprehensive and powerful.
validate-traits	Install Node.js dependencies	2025-12-08T17:40:24.3344998Z npm warn deprecated glob@7.2.3: Glob versions prior to v9 are no longer supported
validate-traits	Install Node.js dependencies	2025-12-08T17:40:35.6157903Z 
validate-traits	Install Node.js dependencies	2025-12-08T17:40:35.6158468Z > prepare
validate-traits	Install Node.js dependencies	2025-12-08T17:40:35.6158958Z > node scripts/husky-install.cjs
validate-traits	Install Node.js dependencies	2025-12-08T17:40:35.6159269Z 
validate-traits	Install Node.js dependencies	2025-12-08T17:40:35.6596374Z 
validate-traits	Install Node.js dependencies	2025-12-08T17:40:35.6597660Z added 446 packages, and audited 458 packages in 15s
validate-traits	Install Node.js dependencies	2025-12-08T17:40:35.6598069Z 
validate-traits	Install Node.js dependencies	2025-12-08T17:40:35.6598310Z 67 packages are looking for funding
validate-traits	Install Node.js dependencies	2025-12-08T17:40:35.6598754Z   run `npm fund` for details
validate-traits	Install Node.js dependencies	2025-12-08T17:40:35.6825205Z 
validate-traits	Install Node.js dependencies	2025-12-08T17:40:35.6826036Z 10 vulnerabilities (7 moderate, 3 high)
validate-traits	Install Node.js dependencies	2025-12-08T17:40:35.6826404Z 
validate-traits	Install Node.js dependencies	2025-12-08T17:40:35.6826960Z To address issues that do not require attention, run:
validate-traits	Install Node.js dependencies	2025-12-08T17:40:35.6827448Z   npm audit fix
validate-traits	Install Node.js dependencies	2025-12-08T17:40:35.6827674Z 
validate-traits	Install Node.js dependencies	2025-12-08T17:40:35.6828084Z To address all issues possible (including breaking changes), run:
validate-traits	Install Node.js dependencies	2025-12-08T17:40:35.6828697Z   npm audit fix --force
validate-traits	Install Node.js dependencies	2025-12-08T17:40:35.6828928Z 
validate-traits	Install Node.js dependencies	2025-12-08T17:40:35.6829233Z Some issues need review, and may require choosing
validate-traits	Install Node.js dependencies	2025-12-08T17:40:35.6829706Z a different dependency.
validate-traits	Install Node.js dependencies	2025-12-08T17:40:35.6829949Z 
validate-traits	Install Node.js dependencies	2025-12-08T17:40:35.6830138Z Run `npm audit` for details.
validate-traits	Run actions/setup-python@v5	ï»¿2025-12-08T17:40:35.7052523Z ##[group]Run actions/setup-python@v5
validate-traits	Run actions/setup-python@v5	2025-12-08T17:40:35.7052779Z with:
validate-traits	Run actions/setup-python@v5	2025-12-08T17:40:35.7052968Z   python-version: 3.11
validate-traits	Run actions/setup-python@v5	2025-12-08T17:40:35.7053149Z   cache: pip
validate-traits	Run actions/setup-python@v5	2025-12-08T17:40:35.7053363Z   cache-dependency-path: requirements-dev.txt
validate-traits	Run actions/setup-python@v5	2025-12-08T17:40:35.7053620Z   check-latest: false
validate-traits	Run actions/setup-python@v5	2025-12-08T17:40:35.7053914Z   token: ***
validate-traits	Run actions/setup-python@v5	2025-12-08T17:40:35.7054096Z   update-environment: true
validate-traits	Run actions/setup-python@v5	2025-12-08T17:40:35.7054307Z   allow-prereleases: false
validate-traits	Run actions/setup-python@v5	2025-12-08T17:40:35.7054516Z   freethreaded: false
validate-traits	Run actions/setup-python@v5	2025-12-08T17:40:35.7054695Z ##[endgroup]
validate-traits	Run actions/setup-python@v5	2025-12-08T17:40:35.8640038Z ##[group]Installed versions
validate-traits	Run actions/setup-python@v5	2025-12-08T17:40:35.9065050Z Successfully set up CPython (3.11.14)
validate-traits	Run actions/setup-python@v5	2025-12-08T17:40:35.9065927Z ##[endgroup]
validate-traits	Run actions/setup-python@v5	2025-12-08T17:40:35.9350714Z [command]/opt/hostedtoolcache/Python/3.11.14/x64/bin/pip cache dir
validate-traits	Run actions/setup-python@v5	2025-12-08T17:40:37.3769852Z /home/runner/.cache/pip
validate-traits	Run actions/setup-python@v5	2025-12-08T17:40:37.6840550Z Cache hit for: setup-python-Linux-x64-24.04-Ubuntu-python-3.11.14-pip-b9b574b8481098235b20845dde01ba87a1205af071b29642fc1d1959e363a2dc
validate-traits	Run actions/setup-python@v5	2025-12-08T17:40:38.9085884Z Received 37748736 of 63186923 (59.7%), 36.0 MBs/sec
validate-traits	Run actions/setup-python@v5	2025-12-08T17:40:39.0890163Z Received 63186923 of 63186923 (100.0%), 51.0 MBs/sec
validate-traits	Run actions/setup-python@v5	2025-12-08T17:40:39.0890839Z Cache Size: ~60 MB (63186923 B)
validate-traits	Run actions/setup-python@v5	2025-12-08T17:40:39.0930606Z [command]/usr/bin/tar -xf /home/runner/work/_temp/c9779aa1-f0fd-4a9a-88a4-789ef33bc889/cache.tzst -P -C /home/runner/work/Game/Game --use-compress-program unzstd
validate-traits	Run actions/setup-python@v5	2025-12-08T17:40:39.1679619Z Cache restored successfully
validate-traits	Run actions/setup-python@v5	2025-12-08T17:40:39.1762918Z Cache restored from key: setup-python-Linux-x64-24.04-Ubuntu-python-3.11.14-pip-b9b574b8481098235b20845dde01ba87a1205af071b29642fc1d1959e363a2dc
validate-traits	Install dependencies	ï»¿2025-12-08T17:40:39.1890362Z ##[group]Run python -m pip install --upgrade pip
validate-traits	Install dependencies	2025-12-08T17:40:39.1890770Z [36;1mpython -m pip install --upgrade pip[0m
validate-traits	Install dependencies	2025-12-08T17:40:39.1891073Z [36;1mpip install -r requirements-dev.txt[0m
validate-traits	Install dependencies	2025-12-08T17:40:39.1891350Z [36;1mpip install jsonschema[0m
validate-traits	Install dependencies	2025-12-08T17:40:39.1911877Z shell: /usr/bin/bash -e {0}
validate-traits	Install dependencies	2025-12-08T17:40:39.1912140Z env:
validate-traits	Install dependencies	2025-12-08T17:40:39.1912391Z   pythonLocation: /opt/hostedtoolcache/Python/3.11.14/x64
validate-traits	Install dependencies	2025-12-08T17:40:39.1912802Z   PKG_CONFIG_PATH: /opt/hostedtoolcache/Python/3.11.14/x64/lib/pkgconfig
validate-traits	Install dependencies	2025-12-08T17:40:39.1913186Z   Python_ROOT_DIR: /opt/hostedtoolcache/Python/3.11.14/x64
validate-traits	Install dependencies	2025-12-08T17:40:39.1913532Z   Python2_ROOT_DIR: /opt/hostedtoolcache/Python/3.11.14/x64
validate-traits	Install dependencies	2025-12-08T17:40:39.1913865Z   Python3_ROOT_DIR: /opt/hostedtoolcache/Python/3.11.14/x64
validate-traits	Install dependencies	2025-12-08T17:40:39.1914207Z   LD_LIBRARY_PATH: /opt/hostedtoolcache/Python/3.11.14/x64/lib
validate-traits	Install dependencies	2025-12-08T17:40:39.1914487Z ##[endgroup]
validate-traits	Install dependencies	2025-12-08T17:40:39.9940619Z Requirement already satisfied: pip in /opt/hostedtoolcache/Python/3.11.14/x64/lib/python3.11/site-packages (25.3)
validate-traits	Install dependencies	2025-12-08T17:40:40.6737608Z Collecting pyyaml (from -r requirements-dev.txt (line 1))
validate-traits	Install dependencies	2025-12-08T17:40:40.6754702Z   Using cached pyyaml-6.0.3-cp311-cp311-manylinux2014_x86_64.manylinux_2_17_x86_64.manylinux_2_28_x86_64.whl.metadata (2.4 kB)
validate-traits	Install dependencies	2025-12-08T17:40:40.8799196Z Collecting numpy (from -r requirements-dev.txt (line 2))
validate-traits	Install dependencies	2025-12-08T17:40:40.8814326Z   Using cached numpy-2.3.5-cp311-cp311-manylinux_2_27_x86_64.manylinux_2_28_x86_64.whl.metadata (62 kB)
validate-traits	Install dependencies	2025-12-08T17:40:41.1732628Z Collecting pymongo (from -r requirements-dev.txt (line 3))
validate-traits	Install dependencies	2025-12-08T17:40:41.2508042Z   Downloading pymongo-4.15.5-cp311-cp311-manylinux2014_x86_64.manylinux_2_17_x86_64.manylinux_2_28_x86_64.whl.metadata (22 kB)
validate-traits	Install dependencies	2025-12-08T17:40:41.2821624Z Collecting mongomock (from -r requirements-dev.txt (line 4))
validate-traits	Install dependencies	2025-12-08T17:40:41.2834796Z   Using cached mongomock-4.3.0-py2.py3-none-any.whl.metadata (12 kB)
validate-traits	Install dependencies	2025-12-08T17:40:41.3577216Z Collecting mongita (from -r requirements-dev.txt (line 5))
validate-traits	Install dependencies	2025-12-08T17:40:41.3577936Z   Using cached mongita-1.2.0-py3-none-any.whl
validate-traits	Install dependencies	2025-12-08T17:40:41.4001098Z Collecting jsonschema>=4.25.1 (from -r requirements-dev.txt (line 6))
validate-traits	Install dependencies	2025-12-08T17:40:41.4014204Z   Using cached jsonschema-4.25.1-py3-none-any.whl.metadata (7.6 kB)
validate-traits	Install dependencies	2025-12-08T17:40:41.6935547Z Collecting boto3 (from -r requirements-dev.txt (line 8))
validate-traits	Install dependencies	2025-12-08T17:40:41.7036931Z   Downloading boto3-1.42.4-py3-none-any.whl.metadata (6.8 kB)
validate-traits	Install dependencies	2025-12-08T17:40:41.8470507Z Collecting matplotlib (from -r requirements-dev.txt (line 9))
validate-traits	Install dependencies	2025-12-08T17:40:41.8486035Z   Using cached matplotlib-3.10.7-cp311-cp311-manylinux2014_x86_64.manylinux_2_17_x86_64.whl.metadata (11 kB)
validate-traits	Install dependencies	2025-12-08T17:40:41.8703353Z Collecting dnspython<3.0.0,>=1.16.0 (from pymongo->-r requirements-dev.txt (line 3))
validate-traits	Install dependencies	2025-12-08T17:40:41.8717380Z   Using cached dnspython-2.8.0-py3-none-any.whl.metadata (5.7 kB)
validate-traits	Install dependencies	2025-12-08T17:40:41.8943740Z Collecting packaging (from mongomock->-r requirements-dev.txt (line 4))
validate-traits	Install dependencies	2025-12-08T17:40:41.8957520Z   Using cached packaging-25.0-py3-none-any.whl.metadata (3.3 kB)
validate-traits	Install dependencies	2025-12-08T17:40:41.9300002Z Collecting pytz (from mongomock->-r requirements-dev.txt (line 4))
validate-traits	Install dependencies	2025-12-08T17:40:41.9319241Z   Using cached pytz-2025.2-py2.py3-none-any.whl.metadata (22 kB)
validate-traits	Install dependencies	2025-12-08T17:40:41.9477903Z Collecting sentinels (from mongomock->-r requirements-dev.txt (line 4))
validate-traits	Install dependencies	2025-12-08T17:40:41.9490838Z   Using cached sentinels-1.1.1-py3-none-any.whl.metadata (3.0 kB)
validate-traits	Install dependencies	2025-12-08T17:40:41.9745253Z Collecting sortedcontainers<3.0,>=2.3 (from mongita->-r requirements-dev.txt (line 5))
validate-traits	Install dependencies	2025-12-08T17:40:41.9759808Z   Using cached sortedcontainers-2.4.0-py2.py3-none-any.whl.metadata (10 kB)
validate-traits	Install dependencies	2025-12-08T17:40:41.9950333Z Collecting attrs>=22.2.0 (from jsonschema>=4.25.1->-r requirements-dev.txt (line 6))
validate-traits	Install dependencies	2025-12-08T17:40:41.9963235Z   Using cached attrs-25.4.0-py3-none-any.whl.metadata (10 kB)
validate-traits	Install dependencies	2025-12-08T17:40:42.0132465Z Collecting jsonschema-specifications>=2023.03.6 (from jsonschema>=4.25.1->-r requirements-dev.txt (line 6))
validate-traits	Install dependencies	2025-12-08T17:40:42.0145578Z   Using cached jsonschema_specifications-2025.9.1-py3-none-any.whl.metadata (2.9 kB)
validate-traits	Install dependencies	2025-12-08T17:40:42.0406877Z Collecting referencing>=0.28.4 (from jsonschema>=4.25.1->-r requirements-dev.txt (line 6))
validate-traits	Install dependencies	2025-12-08T17:40:42.0420109Z   Using cached referencing-0.37.0-py3-none-any.whl.metadata (2.8 kB)
validate-traits	Install dependencies	2025-12-08T17:40:42.2897042Z Collecting rpds-py>=0.7.1 (from jsonschema>=4.25.1->-r requirements-dev.txt (line 6))
validate-traits	Install dependencies	2025-12-08T17:40:42.3000159Z   Downloading rpds_py-0.30.0-cp311-cp311-manylinux_2_17_x86_64.manylinux2014_x86_64.whl.metadata (4.1 kB)
validate-traits	Install dependencies	2025-12-08T17:40:42.6198833Z Collecting botocore<1.43.0,>=1.42.4 (from boto3->-r requirements-dev.txt (line 8))
validate-traits	Install dependencies	2025-12-08T17:40:42.6306974Z   Downloading botocore-1.42.4-py3-none-any.whl.metadata (5.9 kB)
validate-traits	Install dependencies	2025-12-08T17:40:42.6499156Z Collecting jmespath<2.0.0,>=0.7.1 (from boto3->-r requirements-dev.txt (line 8))
validate-traits	Install dependencies	2025-12-08T17:40:42.6512615Z   Using cached jmespath-1.0.1-py3-none-any.whl.metadata (7.6 kB)
validate-traits	Install dependencies	2025-12-08T17:40:42.6722814Z Collecting s3transfer<0.17.0,>=0.16.0 (from boto3->-r requirements-dev.txt (line 8))
validate-traits	Install dependencies	2025-12-08T17:40:42.6822741Z   Downloading s3transfer-0.16.0-py3-none-any.whl.metadata (1.7 kB)
validate-traits	Install dependencies	2025-12-08T17:40:42.7033874Z Collecting python-dateutil<3.0.0,>=2.1 (from botocore<1.43.0,>=1.42.4->boto3->-r requirements-dev.txt (line 8))
validate-traits	Install dependencies	2025-12-08T17:40:42.7046881Z   Using cached python_dateutil-2.9.0.post0-py2.py3-none-any.whl.metadata (8.4 kB)
validate-traits	Install dependencies	2025-12-08T17:40:42.7361404Z Collecting urllib3!=2.2.0,<3,>=1.25.4 (from botocore<1.43.0,>=1.42.4->boto3->-r requirements-dev.txt (line 8))
validate-traits	Install dependencies	2025-12-08T17:40:42.7469910Z   Downloading urllib3-2.6.1-py3-none-any.whl.metadata (6.6 kB)
validate-traits	Install dependencies	2025-12-08T17:40:42.7680379Z Collecting six>=1.5 (from python-dateutil<3.0.0,>=2.1->botocore<1.43.0,>=1.42.4->boto3->-r requirements-dev.txt (line 8))
validate-traits	Install dependencies	2025-12-08T17:40:42.7692955Z   Using cached six-1.17.0-py2.py3-none-any.whl.metadata (1.7 kB)
validate-traits	Install dependencies	2025-12-08T17:40:42.9663401Z Collecting contourpy>=1.0.1 (from matplotlib->-r requirements-dev.txt (line 9))
validate-traits	Install dependencies	2025-12-08T17:40:42.9677432Z   Using cached contourpy-1.3.3-cp311-cp311-manylinux_2_27_x86_64.manylinux_2_28_x86_64.whl.metadata (5.5 kB)
validate-traits	Install dependencies	2025-12-08T17:40:42.9838338Z Collecting cycler>=0.10 (from matplotlib->-r requirements-dev.txt (line 9))
validate-traits	Install dependencies	2025-12-08T17:40:42.9851314Z   Using cached cycler-0.12.1-py3-none-any.whl.metadata (3.8 kB)
validate-traits	Install dependencies	2025-12-08T17:40:43.1561718Z Collecting fonttools>=4.22.0 (from matplotlib->-r requirements-dev.txt (line 9))
validate-traits	Install dependencies	2025-12-08T17:40:43.1575787Z   Using cached fonttools-4.61.0-cp311-cp311-manylinux2014_x86_64.manylinux_2_17_x86_64.whl.metadata (113 kB)
validate-traits	Install dependencies	2025-12-08T17:40:43.2205004Z Collecting kiwisolver>=1.3.1 (from matplotlib->-r requirements-dev.txt (line 9))
validate-traits	Install dependencies	2025-12-08T17:40:43.2219569Z   Using cached kiwisolver-1.4.9-cp311-cp311-manylinux2014_x86_64.manylinux_2_17_x86_64.whl.metadata (6.3 kB)
validate-traits	Install dependencies	2025-12-08T17:40:43.3684632Z Collecting pillow>=8 (from matplotlib->-r requirements-dev.txt (line 9))
validate-traits	Install dependencies	2025-12-08T17:40:43.3698090Z   Using cached pillow-12.0.0-cp311-cp311-manylinux_2_27_x86_64.manylinux_2_28_x86_64.whl.metadata (8.8 kB)
validate-traits	Install dependencies	2025-12-08T17:40:43.3986841Z Collecting pyparsing>=3 (from matplotlib->-r requirements-dev.txt (line 9))
validate-traits	Install dependencies	2025-12-08T17:40:43.3998844Z   Using cached pyparsing-3.2.5-py3-none-any.whl.metadata (5.0 kB)
validate-traits	Install dependencies	2025-12-08T17:40:43.4517994Z Collecting typing-extensions>=4.4.0 (from referencing>=0.28.4->jsonschema>=4.25.1->-r requirements-dev.txt (line 6))
validate-traits	Install dependencies	2025-12-08T17:40:43.4532184Z   Using cached typing_extensions-4.15.0-py3-none-any.whl.metadata (3.3 kB)
validate-traits	Install dependencies	2025-12-08T17:40:43.4597025Z Using cached pyyaml-6.0.3-cp311-cp311-manylinux2014_x86_64.manylinux_2_17_x86_64.manylinux_2_28_x86_64.whl (806 kB)
validate-traits	Install dependencies	2025-12-08T17:40:43.4616381Z Using cached numpy-2.3.5-cp311-cp311-manylinux_2_27_x86_64.manylinux_2_28_x86_64.whl (16.9 MB)
validate-traits	Install dependencies	2025-12-08T17:40:43.4851358Z Downloading pymongo-4.15.5-cp311-cp311-manylinux2014_x86_64.manylinux_2_17_x86_64.manylinux_2_28_x86_64.whl (1.5 MB)
validate-traits	Install dependencies	2025-12-08T17:40:43.5325446Z    â”â”â”â”â”â”â”â”â”â”â”â”â”â”â”â”â”â”â”â”â”â”â”â”â”â”â”â”â”â”â”â”â”â”â”â”â”â”â”â” 1.5/1.5 MB 44.3 MB/s  0:00:00
validate-traits	Install dependencies	2025-12-08T17:40:43.5340656Z Using cached dnspython-2.8.0-py3-none-any.whl (331 kB)
validate-traits	Install dependencies	2025-12-08T17:40:43.5356684Z Using cached mongomock-4.3.0-py2.py3-none-any.whl (64 kB)
validate-traits	Install dependencies	2025-12-08T17:40:43.5370074Z Using cached sortedcontainers-2.4.0-py2.py3-none-any.whl (29 kB)
validate-traits	Install dependencies	2025-12-08T17:40:43.5383066Z Using cached jsonschema-4.25.1-py3-none-any.whl (90 kB)
validate-traits	Install dependencies	2025-12-08T17:40:43.5486858Z Downloading boto3-1.42.4-py3-none-any.whl (140 kB)
validate-traits	Install dependencies	2025-12-08T17:40:43.5616056Z Downloading botocore-1.42.4-py3-none-any.whl (14.5 MB)
validate-traits	Install dependencies	2025-12-08T17:40:43.6129591Z    â”â”â”â”â”â”â”â”â”â”â”â”â”â”â”â”â”â”â”â”â”â”â”â”â”â”â”â”â”â”â”â”â”â”â”â”â”â”â”â” 14.5/14.5 MB 293.0 MB/s  0:00:00
validate-traits	Install dependencies	2025-12-08T17:40:43.6144263Z Using cached jmespath-1.0.1-py3-none-any.whl (20 kB)
validate-traits	Install dependencies	2025-12-08T17:40:43.6157956Z Using cached python_dateutil-2.9.0.post0-py2.py3-none-any.whl (229 kB)
validate-traits	Install dependencies	2025-12-08T17:40:43.6258218Z Downloading s3transfer-0.16.0-py3-none-any.whl (86 kB)
validate-traits	Install dependencies	2025-12-08T17:40:43.6379000Z Downloading urllib3-2.6.1-py3-none-any.whl (131 kB)
validate-traits	Install dependencies	2025-12-08T17:40:43.6412876Z Using cached matplotlib-3.10.7-cp311-cp311-manylinux2014_x86_64.manylinux_2_17_x86_64.whl (8.7 MB)
validate-traits	Install dependencies	2025-12-08T17:40:43.6475292Z Using cached attrs-25.4.0-py3-none-any.whl (67 kB)
validate-traits	Install dependencies	2025-12-08T17:40:43.6487704Z Using cached contourpy-1.3.3-cp311-cp311-manylinux_2_27_x86_64.manylinux_2_28_x86_64.whl (355 kB)
validate-traits	Install dependencies	2025-12-08T17:40:43.6501994Z Using cached cycler-0.12.1-py3-none-any.whl (8.3 kB)
validate-traits	Install dependencies	2025-12-08T17:40:43.6513779Z Using cached fonttools-4.61.0-cp311-cp311-manylinux2014_x86_64.manylinux_2_17_x86_64.whl (5.0 MB)
validate-traits	Install dependencies	2025-12-08T17:40:43.6554121Z Using cached jsonschema_specifications-2025.9.1-py3-none-any.whl (18 kB)
validate-traits	Install dependencies	2025-12-08T17:40:43.6566201Z Using cached kiwisolver-1.4.9-cp311-cp311-manylinux2014_x86_64.manylinux_2_17_x86_64.whl (1.4 MB)
validate-traits	Install dependencies	2025-12-08T17:40:43.6585507Z Using cached packaging-25.0-py3-none-any.whl (66 kB)
validate-traits	Install dependencies	2025-12-08T17:40:43.6597486Z Using cached pillow-12.0.0-cp311-cp311-manylinux_2_27_x86_64.manylinux_2_28_x86_64.whl (7.0 MB)
validate-traits	Install dependencies	2025-12-08T17:40:43.6650224Z Using cached pyparsing-3.2.5-py3-none-any.whl (113 kB)
validate-traits	Install dependencies	2025-12-08T17:40:43.6663144Z Using cached referencing-0.37.0-py3-none-any.whl (26 kB)
validate-traits	Install dependencies	2025-12-08T17:40:43.6765389Z Downloading rpds_py-0.30.0-cp311-cp311-manylinux_2_17_x86_64.manylinux2014_x86_64.whl (390 kB)
validate-traits	Install dependencies	2025-12-08T17:40:43.6814225Z Using cached six-1.17.0-py2.py3-none-any.whl (11 kB)
validate-traits	Install dependencies	2025-12-08T17:40:43.6826246Z Using cached typing_extensions-4.15.0-py3-none-any.whl (44 kB)
validate-traits	Install dependencies	2025-12-08T17:40:43.6838270Z Using cached pytz-2025.2-py2.py3-none-any.whl (509 kB)
validate-traits	Install dependencies	2025-12-08T17:40:43.6853504Z Using cached sentinels-1.1.1-py3-none-any.whl (3.7 kB)
validate-traits	Install dependencies	2025-12-08T17:40:43.8370567Z Installing collected packages: sortedcontainers, pytz, urllib3, typing-extensions, six, sentinels, rpds-py, pyyaml, pyparsing, pillow, packaging, numpy, kiwisolver, jmespath, fonttools, dnspython, cycler, attrs, referencing, python-dateutil, pymongo, mongomock, contourpy, mongita, matplotlib, jsonschema-specifications, botocore, s3transfer, jsonschema, boto3
validate-traits	Install dependencies	2025-12-08T17:40:49.1297166Z 
validate-traits	Install dependencies	2025-12-08T17:40:49.1317851Z Successfully installed attrs-25.4.0 boto3-1.42.4 botocore-1.42.4 contourpy-1.3.3 cycler-0.12.1 dnspython-2.8.0 fonttools-4.61.0 jmespath-1.0.1 jsonschema-4.25.1 jsonschema-specifications-2025.9.1 kiwisolver-1.4.9 matplotlib-3.10.7 mongita-1.2.0 mongomock-4.3.0 numpy-2.3.5 packaging-25.0 pillow-12.0.0 pymongo-4.15.5 pyparsing-3.2.5 python-dateutil-2.9.0.post0 pytz-2025.2 pyyaml-6.0.3 referencing-0.37.0 rpds-py-0.30.0 s3transfer-0.16.0 sentinels-1.1.1 six-1.17.0 sortedcontainers-2.4.0 typing-extensions-4.15.0 urllib3-2.6.1
validate-traits	Install dependencies	2025-12-08T17:40:49.7858883Z Requirement already satisfied: jsonschema in /opt/hostedtoolcache/Python/3.11.14/x64/lib/python3.11/site-packages (4.25.1)
validate-traits	Install dependencies	2025-12-08T17:40:49.7870439Z Requirement already satisfied: attrs>=22.2.0 in /opt/hostedtoolcache/Python/3.11.14/x64/lib/python3.11/site-packages (from jsonschema) (25.4.0)
validate-traits	Install dependencies	2025-12-08T17:40:49.7875305Z Requirement already satisfied: jsonschema-specifications>=2023.03.6 in /opt/hostedtoolcache/Python/3.11.14/x64/lib/python3.11/site-packages (from jsonschema) (2025.9.1)
validate-traits	Install dependencies	2025-12-08T17:40:49.7880098Z Requirement already satisfied: referencing>=0.28.4 in /opt/hostedtoolcache/Python/3.11.14/x64/lib/python3.11/site-packages (from jsonschema) (0.37.0)
validate-traits	Install dependencies	2025-12-08T17:40:49.7884585Z Requirement already satisfied: rpds-py>=0.7.1 in /opt/hostedtoolcache/Python/3.11.14/x64/lib/python3.11/site-packages (from jsonschema) (0.30.0)
validate-traits	Install dependencies	2025-12-08T17:40:49.7922251Z Requirement already satisfied: typing-extensions>=4.4.0 in /opt/hostedtoolcache/Python/3.11.14/x64/lib/python3.11/site-packages (from referencing>=0.28.4->jsonschema) (4.15.0)
validate-traits	Validate trait dataset	ï»¿2025-12-08T17:40:49.8691345Z ##[group]Run python tools/py/trait_template_validator.py --summary
validate-traits	Validate trait dataset	2025-12-08T17:40:49.8691796Z [36;1mpython tools/py/trait_template_validator.py --summary[0m
validate-traits	Validate trait dataset	2025-12-08T17:40:49.8711225Z shell: /usr/bin/bash -e {0}
validate-traits	Validate trait dataset	2025-12-08T17:40:49.8711466Z env:
validate-traits	Validate trait dataset	2025-12-08T17:40:49.8711716Z   pythonLocation: /opt/hostedtoolcache/Python/3.11.14/x64
validate-traits	Validate trait dataset	2025-12-08T17:40:49.8712109Z   PKG_CONFIG_PATH: /opt/hostedtoolcache/Python/3.11.14/x64/lib/pkgconfig
validate-traits	Validate trait dataset	2025-12-08T17:40:49.8712482Z   Python_ROOT_DIR: /opt/hostedtoolcache/Python/3.11.14/x64
validate-traits	Validate trait dataset	2025-12-08T17:40:49.8712824Z   Python2_ROOT_DIR: /opt/hostedtoolcache/Python/3.11.14/x64
validate-traits	Validate trait dataset	2025-12-08T17:40:49.8713166Z   Python3_ROOT_DIR: /opt/hostedtoolcache/Python/3.11.14/x64
validate-traits	Validate trait dataset	2025-12-08T17:40:49.8713519Z   LD_LIBRARY_PATH: /opt/hostedtoolcache/Python/3.11.14/x64/lib
validate-traits	Validate trait dataset	2025-12-08T17:40:49.8713790Z ##[endgroup]
validate-traits	Validate trait dataset	2025-12-08T17:40:49.9323280Z [VALIDATION] Tutti i trait rispettano lo schema.
validate-traits	Validate trait dataset	2025-12-08T17:40:49.9324186Z [TRAIT] ali_fono_risonanti: OK
validate-traits	Validate trait dataset	2025-12-08T17:40:49.9324709Z [TRAIT] ali_fulminee: OK
validate-traits	Validate trait dataset	2025-12-08T17:40:49.9325269Z [TRAIT] ali_ioniche: OK
validate-traits	Validate trait dataset	2025-12-08T17:40:49.9325723Z [TRAIT] ali_membrana_sonica: OK
validate-traits	Validate trait dataset	2025-12-08T17:40:49.9326137Z [TRAIT] ali_solari_fotoni: OK
validate-traits	Validate trait dataset	2025-12-08T17:40:49.9326862Z [TRAIT] antenne_dustsense: OK
validate-traits	Validate trait dataset	2025-12-08T17:40:49.9327405Z [TRAIT] antenne_eco_turbina: OK
validate-traits	Validate trait dataset	2025-12-08T17:40:49.9327988Z [TRAIT] antenne_flusso_mareale: OK
validate-traits	Validate trait dataset	2025-12-08T17:40:49.9328630Z [TRAIT] antenne_microonde_cavernose: OK
validate-traits	Validate trait dataset	2025-12-08T17:40:49.9329271Z [TRAIT] antenne_plasmatiche_tempesta: OK
validate-traits	Validate trait dataset	2025-12-08T17:40:49.9329610Z [TRAIT] antenne_reagenti: OK
validate-traits	Validate trait dataset	2025-12-08T17:40:49.9329898Z [TRAIT] antenne_tesla: OK
validate-traits	Validate trait dataset	2025-12-08T17:40:49.9330177Z [TRAIT] antenne_waveguide: OK
validate-traits	Validate trait dataset	2025-12-08T17:40:49.9330475Z [TRAIT] antenne_wideband: OK
validate-traits	Validate trait dataset	2025-12-08T17:40:49.9330813Z [TRAIT] appendici_risonanti_marea: OK
validate-traits	Validate trait dataset	2025-12-08T17:40:49.9331167Z [TRAIT] appendici_thermotattiche: OK
validate-traits	Validate trait dataset	2025-12-08T17:40:49.9331517Z [TRAIT] armatura_pietra_planare: OK
validate-traits	Validate trait dataset	2025-12-08T17:40:49.9331884Z [TRAIT] articolazioni_a_leva_idraulica: OK
validate-traits	Validate trait dataset	2025-12-08T17:40:49.9332254Z [TRAIT] articolazioni_multiassiali: OK
validate-traits	Validate trait dataset	2025-12-08T17:40:49.9332566Z [TRAIT] artigli_acidofagi: OK
validate-traits	Validate trait dataset	2025-12-08T17:40:49.9332858Z [TRAIT] artigli_induzione: OK
validate-traits	Validate trait dataset	2025-12-08T17:40:49.9333168Z [TRAIT] artigli_ipo_termici: OK
validate-traits	Validate trait dataset	2025-12-08T17:40:49.9333448Z [TRAIT] artigli_radice: OK
validate-traits	Validate trait dataset	2025-12-08T17:40:49.9333751Z [TRAIT] artigli_scivolo_silente: OK
validate-traits	Validate trait dataset	2025-12-08T17:40:49.9334051Z [TRAIT] artigli_sette_vie: OK
validate-traits	Validate trait dataset	2025-12-08T17:40:49.9334635Z [TRAIT] artigli_sghiaccio_glaciale: OK
validate-traits	Validate trait dataset	2025-12-08T17:40:49.9335140Z [TRAIT] artigli_vetrificati: OK
validate-traits	Validate trait dataset	2025-12-08T17:40:49.9335507Z [TRAIT] artiglio_cinetico_a_urto: OK
validate-traits	Validate trait dataset	2025-12-08T17:40:49.9335855Z [TRAIT] aura_di_dispersione_mentale: OK
validate-traits	Validate trait dataset	2025-12-08T17:40:49.9336186Z [TRAIT] aura_scudo_radianza: OK
validate-traits	Validate trait dataset	2025-12-08T17:40:49.9336469Z [TRAIT] baffi_mareomotori: OK
validate-traits	Validate trait dataset	2025-12-08T17:40:49.9337019Z [TRAIT] barbigli_sensori_plasma: OK
validate-traits	Validate trait dataset	2025-12-08T17:40:49.9337351Z [TRAIT] barriere_miasma_glaciale: OK
validate-traits	Validate trait dataset	2025-12-08T17:40:49.9337698Z [TRAIT] batteri_endosimbionti_chemio: OK
validate-traits	Validate trait dataset	2025-12-08T17:40:49.9338070Z [TRAIT] batteri_termofili_endosimbiosi: OK
validate-traits	Validate trait dataset	2025-12-08T17:40:49.9338419Z [TRAIT] bioantenne_gravitiche: OK
validate-traits	Validate trait dataset	2025-12-08T17:40:49.9338722Z [TRAIT] biochip_memoria: OK
validate-traits	Validate trait dataset	2025-12-08T17:40:49.9338998Z [TRAIT] biofilm_glow: OK
validate-traits	Validate trait dataset	2025-12-08T17:40:49.9339273Z [TRAIT] biofilm_iperarido: OK
validate-traits	Validate trait dataset	2025-12-08T17:40:49.9339546Z [TRAIT] bozzolo_magnetico: OK
validate-traits	Validate trait dataset	2025-12-08T17:40:49.9339952Z [TRAIT] branchie_dual_mode: OK
validate-traits	Validate trait dataset	2025-12-08T17:40:49.9340377Z [TRAIT] branchie_eoliche: OK
validate-traits	Validate trait dataset	2025-12-08T17:40:49.9340676Z [TRAIT] branchie_metalloidi: OK
validate-traits	Validate trait dataset	2025-12-08T17:40:49.9340978Z [TRAIT] branchie_microfiltri: OK
validate-traits	Validate trait dataset	2025-12-08T17:40:49.9341311Z [TRAIT] branchie_osmotiche_salmastra: OK
validate-traits	Validate trait dataset	2025-12-08T17:40:49.9341646Z [TRAIT] branchie_solfatiche: OK
validate-traits	Validate trait dataset	2025-12-08T17:40:49.9342290Z [TRAIT] branchie_turbina: OK
validate-traits	Validate trait dataset	2025-12-08T17:40:49.9342738Z [TRAIT] bulbi_radici_permafrost: OK
validate-traits	Validate trait dataset	2025-12-08T17:40:49.9343126Z [TRAIT] camere_anticorrosione: OK
validate-traits	Validate trait dataset	2025-12-08T17:40:49.9343426Z [TRAIT] camere_mirage: OK
validate-traits	Validate trait dataset	2025-12-08T17:40:49.9343735Z [TRAIT] camere_nutrienti_vent: OK
validate-traits	Validate trait dataset	2025-12-08T17:40:49.9344223Z [TRAIT] camere_risonanza_abyssal: OK
validate-traits	Validate trait dataset	2025-12-08T17:40:49.9344581Z [TRAIT] campo_di_interferenza_acustica: OK
validate-traits	Validate trait dataset	2025-12-08T17:40:49.9344925Z [TRAIT] cannone_sonico_a_raggio: OK
validate-traits	Validate trait dataset	2025-12-08T17:40:49.9345203Z [TRAIT] canto_infrasonico_tattico: OK
validate-traits	Validate trait dataset	2025-12-08T17:40:49.9345466Z [TRAIT] canto_risonante: OK
validate-traits	Validate trait dataset	2025-12-08T17:40:49.9345723Z [TRAIT] capillari_criogenici: OK
validate-traits	Validate trait dataset	2025-12-08T17:40:49.9345994Z [TRAIT] capillari_fluoridici: OK
validate-traits	Validate trait dataset	2025-12-08T17:40:49.9346258Z [TRAIT] capillari_fotovoltaici: OK
validate-traits	Validate trait dataset	2025-12-08T17:40:49.9346657Z [TRAIT] capsule_paracadute: OK
validate-traits	Validate trait dataset	2025-12-08T17:40:49.9346934Z [TRAIT] carapace_fase_variabile: OK
validate-traits	Validate trait dataset	2025-12-08T17:40:49.9347225Z [TRAIT] carapace_luminiscente_abissale: OK
validate-traits	Validate trait dataset	2025-12-08T17:40:49.9347553Z [TRAIT] carapace_segmenti_logici: OK
validate-traits	Validate trait dataset	2025-12-08T17:40:49.9347828Z [TRAIT] carapaci_ferruginosi: OK
validate-traits	Validate trait dataset	2025-12-08T17:40:49.9348117Z [TRAIT] cartilagine_flessotermica_venti: OK
validate-traits	Validate trait dataset	2025-12-08T17:40:49.9348405Z [TRAIT] cartilagini_biofibre: OK
validate-traits	Validate trait dataset	2025-12-08T17:40:49.9348662Z [TRAIT] cartilagini_desertiche: OK
validate-traits	Validate trait dataset	2025-12-08T17:40:49.9348948Z [TRAIT] cartilagini_flessoacustiche: OK
validate-traits	Validate trait dataset	2025-12-08T17:40:49.9349248Z [TRAIT] cartilagini_pseudometalliche: OK
validate-traits	Validate trait dataset	2025-12-08T17:40:49.9349534Z [TRAIT] cavita_risonanti_tundra: OK
validate-traits	Validate trait dataset	2025-12-08T17:40:49.9349821Z [TRAIT] cervelletto_equilibrio_statico: OK
validate-traits	Validate trait dataset	2025-12-08T17:40:49.9350109Z [TRAIT] cervello_a_bassa_latenza: OK
validate-traits	Validate trait dataset	2025-12-08T17:40:49.9350389Z [TRAIT] chemiorecettori_bromuro: OK
validate-traits	Validate trait dataset	2025-12-08T17:40:49.9350670Z [TRAIT] chioma_parassita_canopica: OK
validate-traits	Validate trait dataset	2025-12-08T17:40:49.9350936Z [TRAIT] cinghia_iper_ciliare: OK
validate-traits	Validate trait dataset	2025-12-08T17:40:49.9351203Z [TRAIT] circolazione_bifasica: OK
validate-traits	Validate trait dataset	2025-12-08T17:40:49.9351487Z [TRAIT] circolazione_bifasica_palude: OK
validate-traits	Validate trait dataset	2025-12-08T17:40:49.9351780Z [TRAIT] circolazione_cooling_loop: OK
validate-traits	Validate trait dataset	2025-12-08T17:40:49.9352064Z [TRAIT] circolazione_doppia: OK
validate-traits	Validate trait dataset	2025-12-08T17:40:49.9352331Z [TRAIT] circolazione_supercritica: OK
validate-traits	Validate trait dataset	2025-12-08T17:40:49.9352591Z [TRAIT] ciste_riduttive: OK
validate-traits	Validate trait dataset	2025-12-08T17:40:49.9352822Z [TRAIT] ciste_salmastre: OK
validate-traits	Validate trait dataset	2025-12-08T17:40:49.9353094Z [TRAIT] cisti_di_ibernazione_minerale: OK
validate-traits	Validate trait dataset	2025-12-08T17:40:49.9353360Z [TRAIT] cisti_iperbariche: OK
validate-traits	Validate trait dataset	2025-12-08T17:40:49.9353598Z [TRAIT] coda_balanciere: OK
validate-traits	Validate trait dataset	2025-12-08T17:40:49.9353838Z [TRAIT] coda_contrappeso: OK
validate-traits	Validate trait dataset	2025-12-08T17:40:49.9354102Z [TRAIT] coda_coppia_retroattiva: OK
validate-traits	Validate trait dataset	2025-12-08T17:40:49.9354366Z [TRAIT] coda_frusta_cinetica: OK
validate-traits	Validate trait dataset	2025-12-08T17:40:49.9354633Z [TRAIT] coda_prensile_muscolare: OK
validate-traits	Validate trait dataset	2025-12-08T17:40:49.9354911Z [TRAIT] coda_stabilizzatrice_filo: OK
validate-traits	Validate trait dataset	2025-12-08T17:40:49.9355203Z [TRAIT] coda_stabilizzatrice_geiser: OK
validate-traits	Validate trait dataset	2025-12-08T17:40:49.9355487Z [TRAIT] coda_stabilizzatrice_vortex: OK
validate-traits	Validate trait dataset	2025-12-08T17:40:49.9355776Z [TRAIT] colonne_vibromagnetiche: OK
validate-traits	Validate trait dataset	2025-12-08T17:40:49.9356077Z [TRAIT] comunicazione_fotonica_coda_coda: OK
validate-traits	Validate trait dataset	2025-12-08T17:40:49.9356355Z [TRAIT] coralli_partner: OK
validate-traits	Validate trait dataset	2025-12-08T17:40:49.9356686Z [TRAIT] coralli_sinaptici_fotofase: OK
validate-traits	Validate trait dataset	2025-12-08T17:40:49.9356969Z [TRAIT] corazze_ferro_magnetico: OK
validate-traits	Validate trait dataset	2025-12-08T17:40:49.9357239Z [TRAIT] corna_psico_conduttive: OK
validate-traits	Validate trait dataset	2025-12-08T17:40:49.9357526Z [TRAIT] coscienza_d_alveare_diffusa: OK
validate-traits	Validate trait dataset	2025-12-08T17:40:49.9357812Z [TRAIT] coscienza_dalveare_diffusa: OK
validate-traits	Validate trait dataset	2025-12-08T17:40:49.9358085Z [TRAIT] criostasi_adattiva: OK
validate-traits	Validate trait dataset	2025-12-08T17:40:49.9358345Z [TRAIT] cromofori_alert_acido: OK
validate-traits	Validate trait dataset	2025-12-08T17:40:49.9358642Z [TRAIT] cuore_multicamera_bassa_pressione: OK
validate-traits	Validate trait dataset	2025-12-08T17:40:49.9358950Z [TRAIT] cuscinetti_elettrostatici: OK
validate-traits	Validate trait dataset	2025-12-08T17:40:49.9359220Z [TRAIT] cute_resistente_sali: OK
validate-traits	Validate trait dataset	2025-12-08T17:40:49.9359462Z [TRAIT] cuticole_cerose: OK
validate-traits	Validate trait dataset	2025-12-08T17:40:49.9359712Z [TRAIT] cuticole_neutralizzanti: OK
validate-traits	Validate trait dataset	2025-12-08T17:40:49.9359967Z [TRAIT] denti_chelatanti: OK
validate-traits	Validate trait dataset	2025-12-08T17:40:49.9360197Z [TRAIT] denti_ossidoferro: OK
validate-traits	Validate trait dataset	2025-12-08T17:40:49.9360453Z [TRAIT] denti_silice_termici: OK
validate-traits	Validate trait dataset	2025-12-08T17:40:49.9360829Z [TRAIT] denti_tuning_fork: OK
validate-traits	Validate trait dataset	2025-12-08T17:40:49.9361065Z [TRAIT] echi_risonanti: OK
validate-traits	Validate trait dataset	2025-12-08T17:40:49.9361308Z [TRAIT] eco_interno_riflesso: OK
validate-traits	Validate trait dataset	2025-12-08T17:40:49.9361568Z [TRAIT] ectotermia_dinamica: OK
validate-traits	Validate trait dataset	2025-12-08T17:40:49.9361839Z [TRAIT] elettromagnete_biologico: OK
validate-traits	Validate trait dataset	2025-12-08T17:40:49.9362201Z [TRAIT] emettitori_voidsong: OK
validate-traits	Validate trait dataset	2025-12-08T17:40:49.9362449Z [TRAIT] emolinfa_conducente: OK
validate-traits	Validate trait dataset	2025-12-08T17:40:49.9362705Z [TRAIT] empatia_coordinativa: OK
validate-traits	Validate trait dataset	2025-12-08T17:40:49.9362975Z [TRAIT] enzimi_antifase_termica: OK
validate-traits	Validate trait dataset	2025-12-08T17:40:49.9363254Z [TRAIT] enzimi_antipredatori_algali: OK
validate-traits	Validate trait dataset	2025-12-08T17:40:49.9363514Z [TRAIT] enzimi_chelanti: OK
validate-traits	Validate trait dataset	2025-12-08T17:40:49.9363777Z [TRAIT] enzimi_chelatori_rapidi: OK
validate-traits	Validate trait dataset	2025-12-08T17:40:49.9364052Z [TRAIT] enzimi_metanoossidanti: OK
validate-traits	Validate trait dataset	2025-12-08T17:40:49.9364328Z [TRAIT] epidermide_dielettrica: OK
validate-traits	Validate trait dataset	2025-12-08T17:40:49.9364680Z [TRAIT] epitelio_fosforescente: OK
validate-traits	Validate trait dataset	2025-12-08T17:40:49.9364962Z [TRAIT] ermafroditismo_cronologico: OK
validate-traits	Validate trait dataset	2025-12-08T17:40:49.9365263Z [TRAIT] estroflessione_gastrica_acida: OK
validate-traits	Validate trait dataset	2025-12-08T17:40:49.9365558Z [TRAIT] fagocitosi_assorbente: OK
validate-traits	Validate trait dataset	2025-12-08T17:40:49.9365855Z [TRAIT] filamenti_digestivi_compattanti: OK
validate-traits	Validate trait dataset	2025-12-08T17:40:49.9366125Z [TRAIT] filamenti_echo: OK
validate-traits	Validate trait dataset	2025-12-08T17:40:49.9366373Z [TRAIT] filamenti_guidalampo: OK
validate-traits	Validate trait dataset	2025-12-08T17:40:49.9366730Z [TRAIT] filamenti_magnetotrofi: OK
validate-traits	Validate trait dataset	2025-12-08T17:40:49.9367013Z [TRAIT] filamenti_superconduttivi: OK
validate-traits	Validate trait dataset	2025-12-08T17:40:49.9367304Z [TRAIT] filamenti_termoconduzione: OK
validate-traits	Validate trait dataset	2025-12-08T17:40:49.9367575Z [TRAIT] filtrazione_osmotica: OK
validate-traits	Validate trait dataset	2025-12-08T17:40:49.9367843Z [TRAIT] filtri_planctonici: OK
validate-traits	Validate trait dataset	2025-12-08T17:40:49.9368104Z [TRAIT] filtro_metallofago: OK
validate-traits	Validate trait dataset	2025-12-08T17:40:49.9368366Z [TRAIT] flagelli_ancoranti: OK
validate-traits	Validate trait dataset	2025-12-08T17:40:49.9368638Z [TRAIT] flusso_ameboide_controllato: OK
validate-traits	Validate trait dataset	2025-12-08T17:40:49.9368910Z [TRAIT] focus_frazionato: OK
validate-traits	Validate trait dataset	2025-12-08T17:40:49.9369173Z [TRAIT] foliage_fotocatodico: OK
validate-traits	Validate trait dataset	2025-12-08T17:40:49.9369429Z [TRAIT] foliaggio_spugna: OK
validate-traits	Validate trait dataset	2025-12-08T17:40:49.9369686Z [TRAIT] frusta_fiammeggiante: OK
validate-traits	Validate trait dataset	2025-12-08T17:40:49.9369954Z [TRAIT] ghiaccio_piezoelettrico: OK
validate-traits	Validate trait dataset	2025-12-08T17:40:49.9370223Z [TRAIT] ghiandola_caustica: OK
validate-traits	Validate trait dataset	2025-12-08T17:40:49.9370485Z [TRAIT] ghiandole_cambio_salino: OK
validate-traits	Validate trait dataset	2025-12-08T17:40:49.9370751Z [TRAIT] ghiandole_condensa_ozono: OK
validate-traits	Validate trait dataset	2025-12-08T17:40:49.9371034Z [TRAIT] ghiandole_eco_mappanti: OK
validate-traits	Validate trait dataset	2025-12-08T17:40:49.9371301Z [TRAIT] ghiandole_fango_calde: OK
validate-traits	Validate trait dataset	2025-12-08T17:40:49.9371575Z [TRAIT] ghiandole_fango_coesivo: OK
validate-traits	Validate trait dataset	2025-12-08T17:40:49.9371815Z [TRAIT] ghiandole_grafene: OK
validate-traits	Validate trait dataset	2025-12-08T17:40:49.9372080Z [TRAIT] ghiandole_inchiostro_luce: OK
validate-traits	Validate trait dataset	2025-12-08T17:40:49.9372351Z [TRAIT] ghiandole_iodoattive: OK
validate-traits	Validate trait dataset	2025-12-08T17:40:49.9372615Z [TRAIT] ghiandole_minerali: OK
validate-traits	Validate trait dataset	2025-12-08T17:40:49.9372863Z [TRAIT] ghiandole_mnemoniche: OK
validate-traits	Validate trait dataset	2025-12-08T17:40:49.9373126Z [TRAIT] ghiandole_nebbia_acida: OK
validate-traits	Validate trait dataset	2025-12-08T17:40:49.9373393Z [TRAIT] ghiandole_nebbia_ionica: OK
validate-traits	Validate trait dataset	2025-12-08T17:40:49.9373673Z [TRAIT] ghiandole_resina_conduttiva: OK
validate-traits	Validate trait dataset	2025-12-08T17:40:49.9373935Z [TRAIT] ghiandole_ventosa: OK
validate-traits	Validate trait dataset	2025-12-08T17:40:49.9374196Z [TRAIT] giunti_antitorsione: OK
validate-traits	Validate trait dataset	2025-12-08T17:40:49.9374433Z [TRAIT] grassi_termici: OK
validate-traits	Validate trait dataset	2025-12-08T17:40:49.9374662Z [TRAIT] gusci_criovetro: OK
validate-traits	Validate trait dataset	2025-12-08T17:40:49.9374886Z [TRAIT] gusci_magnesio: OK
validate-traits	Validate trait dataset	2025-12-08T17:40:49.9375133Z [TRAIT] impulsi_bioluminescenti: OK
validate-traits	Validate trait dataset	2025-12-08T17:40:49.9375408Z [TRAIT] integumento_bipolare: OK
validate-traits	Validate trait dataset	2025-12-08T17:40:49.9375687Z [TRAIT] ipertrofia_muscolare_massiva: OK
validate-traits	Validate trait dataset	2025-12-08T17:40:49.9375949Z [TRAIT] lamelle_shear: OK
validate-traits	Validate trait dataset	2025-12-08T17:40:49.9376188Z [TRAIT] lamelle_sincroniche: OK
validate-traits	Validate trait dataset	2025-12-08T17:40:49.9376456Z [TRAIT] lamelle_termoforetiche: OK
validate-traits	Validate trait dataset	2025-12-08T17:40:49.9376895Z [TRAIT] lamine_filtranti_aeree: OK
validate-traits	Validate trait dataset	2025-12-08T17:40:49.9377162Z [TRAIT] lamine_scudo_silice: OK
validate-traits	Validate trait dataset	2025-12-08T17:40:49.9377394Z [TRAIT] linfa_tampone: OK
validate-traits	Validate trait dataset	2025-12-08T17:40:49.9377640Z [TRAIT] lingua_cristallina: OK
validate-traits	Validate trait dataset	2025-12-08T17:40:49.9377906Z [TRAIT] lingua_tattile_trama: OK
validate-traits	Validate trait dataset	2025-12-08T17:40:49.9378184Z [TRAIT] lobi_risonanti_crepuscolo: OK
validate-traits	Validate trait dataset	2025-12-08T17:40:49.9378643Z [TRAIT] locomozione_miriapode_ibrida: OK
validate-traits	Validate trait dataset	2025-12-08T17:40:49.9378935Z [TRAIT] luminescenza_aurorale: OK
validate-traits	Validate trait dataset	2025-12-08T17:40:49.9379205Z [TRAIT] luminescenza_hydrotermica: OK
validate-traits	Validate trait dataset	2025-12-08T17:40:49.9379485Z [TRAIT] mantelli_geotermici: OK
validate-traits	Validate trait dataset	2025-12-08T17:40:49.9379757Z [TRAIT] mantello_meteoritico: OK
validate-traits	Validate trait dataset	2025-12-08T17:40:49.9380105Z [TRAIT] membrana_plastica_continua: OK
validate-traits	Validate trait dataset	2025-12-08T17:40:49.9380383Z [TRAIT] membrane_captura_rugiada: OK
validate-traits	Validate trait dataset	2025-12-08T17:40:49.9380664Z [TRAIT] membrane_eliofiltranti: OK
validate-traits	Validate trait dataset	2025-12-08T17:40:49.9380942Z [TRAIT] membrane_fotoconvoglianti: OK
validate-traits	Validate trait dataset	2025-12-08T17:40:49.9381227Z [TRAIT] membrane_planata_vectored: OK
validate-traits	Validate trait dataset	2025-12-08T17:40:49.9381507Z [TRAIT] membrane_pneumatofori: OK
validate-traits	Validate trait dataset	2025-12-08T17:40:49.9381807Z [TRAIT] metabolismo_di_condivisione_energetica: OK
validate-traits	Validate trait dataset	2025-12-08T17:40:49.9382129Z [TRAIT] midollo_antivibrazione: OK
validate-traits	Validate trait dataset	2025-12-08T17:40:49.9382429Z [TRAIT] mimetismo_cromatico_passivo: OK
validate-traits	Validate trait dataset	2025-12-08T17:40:49.9382730Z [TRAIT] moltiplicazione_per_fusione: OK
validate-traits	Validate trait dataset	2025-12-08T17:40:49.9383015Z [TRAIT] motore_biologico_silenzioso: OK
validate-traits	Validate trait dataset	2025-12-08T17:40:49.9383319Z [TRAIT] mucillagine_simbionte_mangrovie: OK
validate-traits	Validate trait dataset	2025-12-08T17:40:49.9383615Z [TRAIT] mucose_aderenza_sonica: OK
validate-traits	Validate trait dataset	2025-12-08T17:40:49.9383862Z [TRAIT] mucose_barofile: OK
validate-traits	Validate trait dataset	2025-12-08T17:40:49.9384084Z [TRAIT] nebbia_mnesica: OK
validate-traits	Validate trait dataset	2025-12-08T17:40:49.9384343Z [TRAIT] nodi_micorrizici_oracolari: OK
validate-traits	Validate trait dataset	2025-12-08T17:40:49.9384631Z [TRAIT] nodi_sinaptici_superficiali: OK
validate-traits	Validate trait dataset	2025-12-08T17:40:49.9384915Z [TRAIT] nucleo_ovomotore_rotante: OK
validate-traits	Validate trait dataset	2025-12-08T17:40:49.9385197Z [TRAIT] occhi_analizzatori_di_tensione: OK
validate-traits	Validate trait dataset	2025-12-08T17:40:49.9385476Z [TRAIT] occhi_cinetici: OK
validate-traits	Validate trait dataset	2025-12-08T17:40:49.9385731Z [TRAIT] occhi_cristallo_modulare: OK
validate-traits	Validate trait dataset	2025-12-08T17:40:49.9386009Z [TRAIT] occhi_infrarosso_composti: OK
validate-traits	Validate trait dataset	2025-12-08T17:40:49.9386281Z [TRAIT] olfatto_risonanza_magnetica: OK
validate-traits	Validate trait dataset	2025-12-08T17:40:49.9386627Z [TRAIT] organi_metacronici: OK
validate-traits	Validate trait dataset	2025-12-08T17:40:49.9386889Z [TRAIT] organi_sismici_cutanei: OK
validate-traits	Validate trait dataset	2025-12-08T17:40:49.9387135Z [TRAIT] pathfinder: OK
validate-traits	Validate trait dataset	2025-12-08T17:40:49.9387405Z [TRAIT] pelage_idrorepellente_avanzato: OK
validate-traits	Validate trait dataset	2025-12-08T17:40:49.9387689Z [TRAIT] pelle_piezo_satura: OK
validate-traits	Validate trait dataset	2025-12-08T17:40:49.9387933Z [TRAIT] pianificatore: OK
validate-traits	Validate trait dataset	2025-12-08T17:40:49.9388202Z [TRAIT] piume_solari_fotovoltaiche: OK
validate-traits	Validate trait dataset	2025-12-08T17:40:49.9388492Z [TRAIT] placca_diffusione_foschia: OK
validate-traits	Validate trait dataset	2025-12-08T17:40:49.9388769Z [TRAIT] placche_pressioniche: OK
validate-traits	Validate trait dataset	2025-12-08T17:40:49.9389064Z [TRAIT] polmoni_cristallini_alta_quota: OK
validate-traits	Validate trait dataset	2025-12-08T17:40:49.9389323Z [TRAIT] random: OK
validate-traits	Validate trait dataset	2025-12-08T17:40:49.9389539Z [TRAIT] respiro_a_scoppio: OK
validate-traits	Validate trait dataset	2025-12-08T17:40:49.9389798Z [TRAIT] rete_filtro_polmonare: OK
validate-traits	Validate trait dataset	2025-12-08T17:40:49.9390069Z [TRAIT] risonanza_di_branco: OK
validate-traits	Validate trait dataset	2025-12-08T17:40:49.9390325Z [TRAIT] riverbero_memetico: OK
validate-traits	Validate trait dataset	2025-12-08T17:40:49.9390590Z [TRAIT] rostro_emostatico_litico: OK
validate-traits	Validate trait dataset	2025-12-08T17:40:49.9390864Z [TRAIT] rostro_linguale_prensile: OK
validate-traits	Validate trait dataset	2025-12-08T17:40:49.9391170Z [TRAIT] sacche_galleggianti_ascensoriali: OK
validate-traits	Validate trait dataset	2025-12-08T17:40:49.9391474Z [TRAIT] sacche_spore_stratosferiche: OK
validate-traits	Validate trait dataset	2025-12-08T17:40:49.9391737Z [TRAIT] sangue_piroforico: OK
validate-traits	Validate trait dataset	2025-12-08T17:40:49.9392018Z [TRAIT] scheletro_idraulico_a_pistoni: OK
validate-traits	Validate trait dataset	2025-12-08T17:40:49.9392312Z [TRAIT] scheletro_idro_regolante: OK
validate-traits	Validate trait dataset	2025-12-08T17:40:49.9392604Z [TRAIT] scheletro_pneumatico_a_maglie: OK
validate-traits	Validate trait dataset	2025-12-08T17:40:49.9392892Z [TRAIT] scintilla_sinaptica: OK
validate-traits	Validate trait dataset	2025-12-08T17:40:49.9393153Z [TRAIT] scivolamento_magnetico: OK
validate-traits	Validate trait dataset	2025-12-08T17:40:49.9393443Z [TRAIT] scudo_gluteale_cheratinizzato: OK
validate-traits	Validate trait dataset	2025-12-08T17:40:49.9393752Z [TRAIT] secrezione_rallentante_palmi: OK
validate-traits	Validate trait dataset	2025-12-08T17:40:49.9467721Z [TRAIT] secrezioni_antistatiche: OK
validate-traits	Validate trait dataset	2025-12-08T17:40:49.9468428Z [TRAIT] sensori_geomagnetici: OK
validate-traits	Validate trait dataset	2025-12-08T17:40:49.9468850Z [TRAIT] sensori_planctonici: OK
validate-traits	Validate trait dataset	2025-12-08T17:40:49.9469327Z [TRAIT] seta_conduttiva_elettrica: OK
validate-traits	Validate trait dataset	2025-12-08T17:40:49.9469838Z [TRAIT] siero_anti_gelo_naturale: OK
validate-traits	Validate trait dataset	2025-12-08T17:40:49.9650517Z [TRAIT] sinapsi_coraline_polifoniche: OK
validate-traits	Validate trait dataset	2025-12-08T17:40:49.9651047Z [TRAIT] sistemi_chimio_sonici: OK
validate-traits	Validate trait dataset	2025-12-08T17:40:49.9651405Z [TRAIT] sonno_emisferico_alternato: OK
validate-traits	Validate trait dataset	2025-12-08T17:40:49.9652080Z [TRAIT] spicole_canalizzatrici: OK
validate-traits	Validate trait dataset	2025-12-08T17:40:49.9652432Z [TRAIT] spore_psichiche_silenziate: OK
validate-traits	Validate trait dataset	2025-12-08T17:40:49.9652771Z [TRAIT] squame_diffusori_ionici: OK
validate-traits	Validate trait dataset	2025-12-08T17:40:49.9653120Z [TRAIT] squame_rifrangenti_deserto: OK
validate-traits	Validate trait dataset	2025-12-08T17:40:49.9653467Z [TRAIT] struttura_elastica_amorfa: OK
validate-traits	Validate trait dataset	2025-12-08T17:40:49.9653918Z [TRAIT] tattiche_di_branco: OK
validate-traits	Validate trait dataset	2025-12-08T17:40:49.9654223Z [TRAIT] traits_aggregate: OK
validate-traits	Validate trait dataset	2025-12-08T17:40:49.9654533Z [TRAIT] unghie_a_micro_adesione: OK
validate-traits	Validate trait dataset	2025-12-08T17:40:49.9654879Z [TRAIT] vello_condensatore_nebbie: OK
validate-traits	Validate trait dataset	2025-12-08T17:40:49.9655228Z [TRAIT] vello_di_assorbimento_totale: OK
validate-traits	Validate trait dataset	2025-12-08T17:40:49.9655575Z [TRAIT] ventriglio_gastroliti: OK
validate-traits	Validate trait dataset	2025-12-08T17:40:49.9655941Z [TRAIT] visione_multi_spettrale_amplificata: OK
validate-traits	Validate trait dataset	2025-12-08T17:40:49.9656305Z [TRAIT] vortice_nera_flash: OK
validate-traits	Validate trait dataset	2025-12-08T17:40:49.9656747Z [TRAIT] zampe_a_molla: OK
validate-traits	Validate trait dataset	2025-12-08T17:40:49.9657031Z [TRAIT] zanne_idracida: OK
validate-traits	Validate trait dataset	2025-12-08T17:40:49.9657344Z [TRAIT] zoccoli_risonanti_steppe: OK
validate-traits	Validate trait dataset	2025-12-08T17:40:49.9657739Z == Summary of fields (Campi per tipologia) ==
validate-traits	Validate trait dataset	2025-12-08T17:40:49.9659867Z - Alimentazione/Digestione (2 trait): applicability, conflitti, cost_profile, data_origin, debolezza, famiglia_tipologia, fattore_mantenimento_energetico, id, label, metrics, mutazione_indotta, requisiti_ambientali, sinergie, slot, slot_profile, spinta_selettiva, testability, tier, usage_tags, uso_funzione
validate-traits	Validate trait dataset	2025-12-08T17:40:49.9662041Z - Ambiente/Supporto (1 trait): completion_flags, conflitti, data_origin, debolezza, famiglia_tipologia, fattore_mantenimento_energetico, id, label, mutazione_indotta, requisiti_ambientali, sinergie, slot, spinta_selettiva, tier, usage_tags, uso_funzione
validate-traits	Validate trait dataset	2025-12-08T17:40:49.9664023Z - Analisi/Sensori Planctonici (1 trait): completion_flags, conflitti, data_origin, debolezza, famiglia_tipologia, fattore_mantenimento_energetico, id, label, mutazione_indotta, requisiti_ambientali, sinergie, slot, spinta_selettiva, tier, usage_tags, uso_funzione
validate-traits	Validate trait dataset	2025-12-08T17:40:49.9665969Z - Cognitivo/Apprendimento (1 trait): applicability, conflitti, cost_profile, data_origin, debolezza, famiglia_tipologia, fattore_mantenimento_energetico, id, label, metrics, mutazione_indotta, requisiti_ambientali, sinergie, slot, slot_profile, spinta_selettiva, testability, tier, usage_tags, uso_funzione
validate-traits	Validate trait dataset	2025-12-08T17:40:49.9667953Z - Cognitivo/Sociale (4 trait): aliases, applicability, conflitti, cost_profile, data_origin, debolezza, famiglia_tipologia, fattore_mantenimento_energetico, id, label, metrics, mutazione_indotta, requisiti_ambientali, sinergie, slot, slot_profile, spinta_selettiva, testability, tier, usage_tags, uso_funzione
validate-traits	Validate trait dataset	2025-12-08T17:40:49.9669679Z - Controllo/Memoria (1 trait): completion_flags, conflitti, data_origin, debolezza, famiglia_tipologia, fattore_mantenimento_energetico, id, label, mutazione_indotta, requisiti_ambientali, sinergie, slot, spinta_selettiva, tier, usage_tags, uso_funzione
validate-traits	Validate trait dataset	2025-12-08T17:40:49.9671457Z - Difensivo/Camuffamento (3 trait): applicability, conflitti, cost_profile, data_origin, debolezza, famiglia_tipologia, fattore_mantenimento_energetico, id, label, metrics, mutazione_indotta, requisiti_ambientali, sinergie, slot, slot_profile, spinta_selettiva, testability, tier, usage_tags, uso_funzione
validate-traits	Validate trait dataset	2025-12-08T17:40:49.9673328Z - Difensivo/Corazza (1 trait): applicability, conflitti, cost_profile, data_origin, debolezza, famiglia_tipologia, fattore_mantenimento_energetico, id, label, metrics, mutazione_indotta, requisiti_ambientali, sinergie, slot, slot_profile, spinta_selettiva, testability, tier, usage_tags, uso_funzione
validate-traits	Validate trait dataset	2025-12-08T17:40:49.9675206Z - Difensivo/Resistenze (2 trait): applicability, conflitti, cost_profile, data_origin, debolezza, famiglia_tipologia, fattore_mantenimento_energetico, id, label, metrics, mutazione_indotta, requisiti_ambientali, sinergie, slot, slot_profile, spinta_selettiva, testability, tier, usage_tags, uso_funzione
validate-traits	Validate trait dataset	2025-12-08T17:40:49.9677180Z - Difensivo/Termoregolazione (1 trait): applicability, conflitti, cost_profile, data_origin, debolezza, famiglia_tipologia, fattore_mantenimento_energetico, id, label, metrics, mutazione_indotta, requisiti_ambientali, sinergie, slot, slot_profile, spinta_selettiva, testability, tier, usage_tags, uso_funzione
validate-traits	Validate trait dataset	2025-12-08T17:40:49.9679056Z - Difesa/Antistatico (1 trait): completion_flags, conflitti, data_origin, debolezza, famiglia_tipologia, fattore_mantenimento_energetico, id, label, mutazione_indotta, requisiti_ambientali, sinergie, slot, spinta_selettiva, tier, usage_tags, uso_funzione
validate-traits	Validate trait dataset	2025-12-08T17:40:49.9680750Z - Difesa/Elettrico (2 trait): completion_flags, conflitti, data_origin, debolezza, famiglia_tipologia, fattore_mantenimento_energetico, id, label, mutazione_indotta, requisiti_ambientali, sinergie, slot, spinta_selettiva, tier, usage_tags, uso_funzione
validate-traits	Validate trait dataset	2025-12-08T17:40:49.9682336Z - Difesa/Foschia (1 trait): completion_flags, conflitti, data_origin, debolezza, famiglia_tipologia, fattore_mantenimento_energetico, id, label, mutazione_indotta, requisiti_ambientali, sinergie, slot, spinta_selettiva, tier, usage_tags, uso_funzione
validate-traits	Validate trait dataset	2025-12-08T17:40:49.9683913Z - Difesa/Magnetico (1 trait): completion_flags, conflitti, data_origin, debolezza, famiglia_tipologia, fattore_mantenimento_energetico, id, label, mutazione_indotta, requisiti_ambientali, sinergie, slot, spinta_selettiva, tier, usage_tags, uso_funzione
validate-traits	Validate trait dataset	2025-12-08T17:40:49.9685619Z - Difesa/Pressione (1 trait): completion_flags, conflitti, data_origin, debolezza, famiglia_tipologia, fattore_mantenimento_energetico, id, label, mutazione_indotta, requisiti_ambientali, sinergie, slot, spinta_selettiva, tier, usage_tags, uso_funzione
validate-traits	Validate trait dataset	2025-12-08T17:40:49.9687417Z - Difesa/Strutturale (1 trait): biome_tags, completion_flags, conflitti, data_origin, debolezza, famiglia_tipologia, fattore_mantenimento_energetico, id, label, mutazione_indotta, requisiti_ambientali, sinergie, sinergie_pi, slot, slot_profile, spinta_selettiva, tier, usage_tags, uso_funzione
validate-traits	Validate trait dataset	2025-12-08T17:40:49.9689256Z - Difesa/Termoregolazione (1 trait): biome_tags, completion_flags, conflitti, data_origin, debolezza, famiglia_tipologia, fattore_mantenimento_energetico, id, label, mutazione_indotta, requisiti_ambientali, sinergie, sinergie_pi, slot, slot_profile, spinta_selettiva, tier, usage_tags, uso_funzione
validate-traits	Validate trait dataset	2025-12-08T17:40:49.9691107Z - Digestivo/Alimentare (1 trait): biome_tags, completion_flags, conflitti, data_origin, debolezza, famiglia_tipologia, fattore_mantenimento_energetico, id, label, mutazione_indotta, requisiti_ambientali, sinergie, sinergie_pi, slot, slot_profile, spinta_selettiva, tier, usage_tags, uso_funzione
validate-traits	Validate trait dataset	2025-12-08T17:40:49.9692972Z - Digestivo/Escretorio (1 trait): biome_tags, completion_flags, conflitti, data_origin, debolezza, famiglia_tipologia, fattore_mantenimento_energetico, id, label, mutazione_indotta, requisiti_ambientali, sinergie, sinergie_pi, slot, slot_profile, spinta_selettiva, tier, usage_tags, uso_funzione
validate-traits	Validate trait dataset	2025-12-08T17:40:49.9694804Z - Digestivo/Metabolico (13 trait): biome_tags, completion_flags, conflitti, data_origin, debolezza, famiglia_tipologia, fattore_mantenimento_energetico, id, label, mutazione_indotta, requisiti_ambientali, sinergie, sinergie_pi, slot, slot_profile, spinta_selettiva, tier, usage_tags, uso_funzione
validate-traits	Validate trait dataset	2025-12-08T17:40:49.9696765Z - Escretorio/Psichico (1 trait): biome_tags, completion_flags, conflitti, data_origin, debolezza, famiglia_tipologia, fattore_mantenimento_energetico, id, label, mutazione_indotta, requisiti_ambientali, sinergie, sinergie_pi, slot, slot_profile, species_affinity, spinta_selettiva, tier, usage_tags, uso_funzione
validate-traits	Validate trait dataset	2025-12-08T17:40:49.9698712Z - Esplorazione/Tattico (1 trait): biome_tags, completion_flags, conflitti, data_origin, debolezza, famiglia_tipologia, fattore_mantenimento_energetico, id, label, mutazione_indotta, requisiti_ambientali, sinergie, sinergie_pi, slot, slot_profile, species_affinity, spinta_selettiva, tier, usage_tags, uso_funzione
validate-traits	Validate trait dataset	2025-12-08T17:40:49.9700629Z - Fisiologico/Idrico (1 trait): applicability, conflitti, cost_profile, data_origin, debolezza, famiglia_tipologia, fattore_mantenimento_energetico, id, label, metrics, mutazione_indotta, requisiti_ambientali, sinergie, slot, slot_profile, spinta_selettiva, testability, tier, usage_tags, uso_funzione
validate-traits	Validate trait dataset	2025-12-08T17:40:49.9702674Z - Fisiologico/Metabolico (3 trait): applicability, conflitti, cost_profile, data_origin, debolezza, famiglia_tipologia, fattore_mantenimento_energetico, id, label, metrics, mutazione_indotta, requisiti_ambientali, sinergie, slot, slot_profile, spinta_selettiva, testability, tier, usage_tags, uso_funzione, version, versioning
validate-traits	Validate trait dataset	2025-12-08T17:40:49.9704729Z - Fisiologico/Respiratorio (1 trait): applicability, conflitti, cost_profile, data_origin, debolezza, famiglia_tipologia, fattore_mantenimento_energetico, id, label, metrics, mutazione_indotta, requisiti_ambientali, sinergie, slot, slot_profile, spinta_selettiva, testability, tier, usage_tags, uso_funzione
validate-traits	Validate trait dataset	2025-12-08T17:40:49.9706759Z - Fisiologico/Termico (2 trait): applicability, conflitti, cost_profile, data_origin, debolezza, famiglia_tipologia, fattore_mantenimento_energetico, id, label, metrics, mutazione_indotta, requisiti_ambientali, sinergie, slot, slot_profile, spinta_selettiva, testability, tier, usage_tags, uso_funzione, version, versioning
validate-traits	Validate trait dataset	2025-12-08T17:40:49.9708716Z - Flessibile/Generico (1 trait): biome_tags, completion_flags, conflitti, data_origin, debolezza, famiglia_tipologia, fattore_mantenimento_energetico, id, label, mutazione_indotta, requisiti_ambientali, sinergie, sinergie_pi, slot, slot_profile, species_affinity, spinta_selettiva, tier, usage_tags, uso_funzione
validate-traits	Validate trait dataset	2025-12-08T17:40:49.9710602Z - Idrostatico/Locomotorio (1 trait): biome_tags, completion_flags, conflitti, data_origin, debolezza, famiglia_tipologia, fattore_mantenimento_energetico, id, label, mutazione_indotta, requisiti_ambientali, sinergie, sinergie_pi, slot, slot_profile, spinta_selettiva, tier, usage_tags, uso_funzione
validate-traits	Validate trait dataset	2025-12-08T17:40:49.9712689Z - Locomotivo/Aereo (2 trait): applicability, biome_tags, completion_flags, conflitti, cost_profile, data_origin, debolezza, famiglia_tipologia, fattore_mantenimento_energetico, id, label, metrics, mutazione_indotta, requisiti_ambientali, sinergie, slot, slot_profile, species_affinity, spinta_selettiva, testability, tier, usage_tags, uso_funzione, version, versioning
validate-traits	Validate trait dataset	2025-12-08T17:40:49.9714890Z - Locomotivo/Arboricolo (2 trait): applicability, conflitti, cost_profile, data_origin, debolezza, famiglia_tipologia, fattore_mantenimento_energetico, id, label, metrics, mutazione_indotta, requisiti_ambientali, sinergie, slot, slot_profile, species_affinity, spinta_selettiva, testability, tier, usage_tags, uso_funzione, version, versioning
validate-traits	Validate trait dataset	2025-12-08T17:40:49.9717079Z - Locomotivo/Balistico (1 trait): applicability, conflitti, cost_profile, data_origin, debolezza, famiglia_tipologia, fattore_mantenimento_energetico, id, label, metrics, mutazione_indotta, requisiti_ambientali, sinergie, slot, slot_profile, species_affinity, spinta_selettiva, testability, tier, usage_tags, uso_funzione, version, versioning
validate-traits	Validate trait dataset	2025-12-08T17:40:49.9719210Z - Locomotivo/Terrestre (7 trait): applicability, conflitti, cost_profile, data_origin, debolezza, famiglia_tipologia, fattore_mantenimento_energetico, id, label, metrics, mutazione_indotta, requisiti_ambientali, sinergie, slot, slot_profile, species_affinity, spinta_selettiva, testability, tier, usage_tags, uso_funzione, version, versioning
validate-traits	Validate trait dataset	2025-12-08T17:40:49.9721180Z - Locomotorio/Adattivo (1 trait): biome_tags, completion_flags, conflitti, data_origin, debolezza, famiglia_tipologia, fattore_mantenimento_energetico, id, label, mutazione_indotta, requisiti_ambientali, sinergie, sinergie_pi, slot, slot_profile, spinta_selettiva, tier, usage_tags, uso_funzione
validate-traits	Validate trait dataset	2025-12-08T17:40:49.9723022Z - Locomotorio/Difensivo (1 trait): biome_tags, completion_flags, conflitti, data_origin, debolezza, famiglia_tipologia, fattore_mantenimento_energetico, id, label, mutazione_indotta, requisiti_ambientali, sinergie, sinergie_pi, slot, slot_profile, spinta_selettiva, tier, usage_tags, uso_funzione
validate-traits	Validate trait dataset	2025-12-08T17:40:49.9725223Z - Locomotorio/MobilitÃ  (14 trait): biome_tags, completion_flags, conflitti, data_origin, debolezza, famiglia_tipologia, fattore_mantenimento_energetico, id, label, mutazione_indotta, requisiti_ambientali, sinergie, sinergie_pi, slot, slot_profile, spinta_selettiva, tier, usage_tags, uso_funzione
validate-traits	Validate trait dataset	2025-12-08T17:40:49.9727289Z - Locomotorio/Predatorio (1 trait): biome_tags, completion_flags, conflitti, data_origin, debolezza, famiglia_tipologia, fattore_mantenimento_energetico, id, label, mutazione_indotta, requisiti_ambientali, sinergie, sinergie_pi, slot, slot_profile, spinta_selettiva, tier, usage_tags, uso_funzione
validate-traits	Validate trait dataset	2025-12-08T17:40:49.9729120Z - Locomotorio/Prensile (1 trait): biome_tags, completion_flags, conflitti, data_origin, debolezza, famiglia_tipologia, fattore_mantenimento_energetico, id, label, mutazione_indotta, requisiti_ambientali, sinergie, sinergie_pi, slot, slot_profile, spinta_selettiva, tier, usage_tags, uso_funzione
validate-traits	Validate trait dataset	2025-12-08T17:40:49.9731981Z - Locomotorio/Supporto (1 trait): biome_tags, completion_flags, conflitti, data_origin, debolezza, famiglia_tipologia, fattore_mantenimento_energetico, id, label, mutazione_indotta, requisiti_ambientali, sinergie, sinergie_pi, slot, slot_profile, spinta_selettiva, tier, usage_tags, uso_funzione
validate-traits	Validate trait dataset	2025-12-08T17:40:49.9734701Z - Manipolativo/Alimentare (1 trait): applicability, conflitti, cost_profile, data_origin, debolezza, famiglia_tipologia, fattore_mantenimento_energetico, id, label, metrics, mutazione_indotta, requisiti_ambientali, sinergie, slot, slot_profile, spinta_selettiva, testability, tier, usage_tags, uso_funzione
validate-traits	Validate trait dataset	2025-12-08T17:40:49.9736771Z - Meta/Dataset (1 trait): applicability, conflitti, cost_profile, data_origin, debolezza, famiglia_tipologia, fattore_mantenimento_energetico, id, label, metrics, mutazione_indotta, requisiti_ambientali, sinergie, slot, slot_profile, spinta_selettiva, testability, tier, usage_tags, uso_funzione
validate-traits	Validate trait dataset	2025-12-08T17:40:49.9738620Z - Metabolico/Difensivo (1 trait): biome_tags, completion_flags, conflitti, data_origin, debolezza, famiglia_tipologia, fattore_mantenimento_energetico, id, label, mutazione_indotta, requisiti_ambientali, sinergie, sinergie_pi, slot, slot_profile, spinta_selettiva, tier, usage_tags, uso_funzione
validate-traits	Validate trait dataset	2025-12-08T17:40:49.9740490Z - Metabolico/Resilienza (1 trait): biome_tags, completion_flags, conflitti, data_origin, debolezza, famiglia_tipologia, fattore_mantenimento_energetico, id, label, mutazione_indotta, requisiti_ambientali, sinergie, sinergie_pi, slot, slot_profile, spinta_selettiva, tier, usage_tags, uso_funzione
validate-traits	Validate trait dataset	2025-12-08T17:40:49.9742760Z - MobilitÃ /Cinetico (1 trait): biome_tags, completion_flags, conflitti, data_origin, debolezza, famiglia_tipologia, fattore_mantenimento_energetico, id, label, mutazione_indotta, requisiti_ambientali, sinergie, sinergie_pi, slot, slot_profile, spinta_selettiva, tier, usage_tags, uso_funzione
validate-traits	Validate trait dataset	2025-12-08T17:40:49.9744619Z - MobilitÃ /Logistica (1 trait): completion_flags, conflitti, data_origin, debolezza, famiglia_tipologia, fattore_mantenimento_energetico, id, label, mutazione_indotta, requisiti_ambientali, sinergie, slot, spinta_selettiva, tier, usage_tags, uso_funzione
validate-traits	Validate trait dataset	2025-12-08T17:40:49.9746360Z - Nervoso/Omeostatico (1 trait): biome_tags, completion_flags, conflitti, data_origin, debolezza, famiglia_tipologia, fattore_mantenimento_energetico, id, label, mutazione_indotta, requisiti_ambientali, sinergie, sinergie_pi, slot, slot_profile, spinta_selettiva, tier, usage_tags, uso_funzione
validate-traits	Validate trait dataset	2025-12-08T17:40:49.9748300Z - Offensivo/Assalto (13 trait): biome_tags, completion_flags, conflitti, data_origin, debolezza, famiglia_tipologia, fattore_mantenimento_energetico, id, label, mutazione_indotta, requisiti_ambientali, sinergie, sinergie_pi, slot, slot_profile, spinta_selettiva, tier, usage_tags, uso_funzione
validate-traits	Validate trait dataset	2025-12-08T17:40:49.9750009Z - Offensivo/Assorbimento (1 trait): completion_flags, conflitti, data_origin, debolezza, famiglia_tipologia, fattore_mantenimento_energetico, id, label, mutazione_indotta, requisiti_ambientali, sinergie, slot, spinta_selettiva, tier, usage_tags, uso_funzione
validate-traits	Validate trait dataset	2025-12-08T17:40:49.9752143Z - Offensivo/Chimico (3 trait): applicability, biome_tags, completion_flags, conflitti, cost_profile, data_origin, debolezza, famiglia_tipologia, fattore_mantenimento_energetico, id, label, metrics, mutazione_indotta, requisiti_ambientali, sinergie, sinergie_pi, slot, slot_profile, species_affinity, spinta_selettiva, testability, tier, usage_tags, uso_funzione
validate-traits	Validate trait dataset	2025-12-08T17:40:49.9754216Z - Offensivo/Cinetico (1 trait): biome_tags, completion_flags, conflitti, data_origin, debolezza, famiglia_tipologia, fattore_mantenimento_energetico, id, label, mutazione_indotta, requisiti_ambientali, sinergie, sinergie_pi, slot, slot_profile, spinta_selettiva, tier, usage_tags, uso_funzione
validate-traits	Validate trait dataset	2025-12-08T17:40:49.9756230Z - Offensivo/Controllo (4 trait): applicability, biome_tags, completion_flags, conflitti, cost_profile, data_origin, debolezza, famiglia_tipologia, fattore_mantenimento_energetico, id, label, metrics, mutazione_indotta, requisiti_ambientali, sinergie, sinergie_pi, slot, slot_profile, spinta_selettiva, testability, tier, usage_tags, uso_funzione
validate-traits	Validate trait dataset	2025-12-08T17:40:49.9758346Z - Offensivo/Contusivo (1 trait): applicability, conflitti, cost_profile, data_origin, debolezza, famiglia_tipologia, fattore_mantenimento_energetico, id, label, metrics, mutazione_indotta, requisiti_ambientali, sinergie, slot, slot_profile, spinta_selettiva, testability, tier, usage_tags, uso_funzione
validate-traits	Validate trait dataset	2025-12-08T17:40:49.9760220Z - Offensivo/Elettrico (2 trait): applicability, conflitti, cost_profile, data_origin, debolezza, famiglia_tipologia, fattore_mantenimento_energetico, id, label, metrics, mutazione_indotta, requisiti_ambientali, sinergie, slot, slot_profile, spinta_selettiva, testability, tier, usage_tags, uso_funzione
validate-traits	Validate trait dataset	2025-12-08T17:40:49.9761974Z - Offensivo/Illuminazione (1 trait): completion_flags, conflitti, data_origin, debolezza, famiglia_tipologia, fattore_mantenimento_energetico, id, label, mutazione_indotta, requisiti_ambientali, sinergie, slot, spinta_selettiva, tier, usage_tags, uso_funzione
validate-traits	Validate trait dataset	2025-12-08T17:40:49.9763842Z - Offensivo/Perforante (1 trait): applicability, conflitti, cost_profile, data_origin, debolezza, famiglia_tipologia, fattore_mantenimento_energetico, id, label, metrics, mutazione_indotta, requisiti_ambientali, sinergie, slot, slot_profile, spinta_selettiva, testability, tier, usage_tags, uso_funzione, version, versioning
validate-traits	Validate trait dataset	2025-12-08T17:40:49.9765787Z - Offensivo/Termico (1 trait): applicability, conflitti, cost_profile, data_origin, debolezza, famiglia_tipologia, fattore_mantenimento_energetico, id, label, metrics, mutazione_indotta, requisiti_ambientali, sinergie, slot, slot_profile, spinta_selettiva, testability, tier, usage_tags, uso_funzione
validate-traits	Validate trait dataset	2025-12-08T17:40:49.9767809Z - Respiratorio/Aerobico (1 trait): biome_tags, completion_flags, conflitti, data_origin, debolezza, famiglia_tipologia, fattore_mantenimento_energetico, id, label, mutazione_indotta, requisiti_ambientali, sinergie, sinergie_pi, slot, slot_profile, spinta_selettiva, tier, usage_tags, uso_funzione
validate-traits	Validate trait dataset	2025-12-08T17:40:49.9769680Z - Respiratorio/Osmoregolazione (1 trait): biome_tags, completion_flags, conflitti, data_origin, debolezza, famiglia_tipologia, fattore_mantenimento_energetico, id, label, mutazione_indotta, requisiti_ambientali, sinergie, sinergie_pi, slot, slot_profile, spinta_selettiva, tier, usage_tags, uso_funzione
validate-traits	Validate trait dataset	2025-12-08T17:40:49.9771555Z - Respiratorio/Propulsivo (1 trait): biome_tags, completion_flags, conflitti, data_origin, debolezza, famiglia_tipologia, fattore_mantenimento_energetico, id, label, mutazione_indotta, requisiti_ambientali, sinergie, sinergie_pi, slot, slot_profile, spinta_selettiva, tier, usage_tags, uso_funzione
validate-traits	Validate trait dataset	2025-12-08T17:40:49.9773397Z - Respiratorio/Protezione (1 trait): biome_tags, completion_flags, conflitti, data_origin, debolezza, famiglia_tipologia, fattore_mantenimento_energetico, id, label, mutazione_indotta, requisiti_ambientali, sinergie, sinergie_pi, slot, slot_profile, spinta_selettiva, tier, usage_tags, uso_funzione
validate-traits	Validate trait dataset	2025-12-08T17:40:49.9775276Z - Respiratorio/Termoregolazione (1 trait): biome_tags, completion_flags, conflitti, data_origin, debolezza, famiglia_tipologia, fattore_mantenimento_energetico, id, label, mutazione_indotta, requisiti_ambientali, sinergie, sinergie_pi, slot, slot_profile, spinta_selettiva, tier, usage_tags, uso_funzione
validate-traits	Validate trait dataset	2025-12-08T17:40:49.9777433Z - Riproduttivo/Cicli (2 trait): applicability, conflitti, cost_profile, data_origin, debolezza, famiglia_tipologia, fattore_mantenimento_energetico, id, label, metrics, mutazione_indotta, requisiti_ambientali, sinergie, slot, slot_profile, spinta_selettiva, testability, tier, usage_tags, uso_funzione
validate-traits	Validate trait dataset	2025-12-08T17:40:49.9779384Z - Riproduttivo/Locomotorio (1 trait): biome_tags, completion_flags, conflitti, data_origin, debolezza, famiglia_tipologia, fattore_mantenimento_energetico, id, label, mutazione_indotta, requisiti_ambientali, sinergie, sinergie_pi, slot, slot_profile, species_affinity, spinta_selettiva, tier, usage_tags, uso_funzione
validate-traits	Validate trait dataset	2025-12-08T17:40:49.9781165Z - Risonanza/Crepuscolo (1 trait): completion_flags, conflitti, data_origin, debolezza, famiglia_tipologia, fattore_mantenimento_energetico, id, label, mutazione_indotta, requisiti_ambientali, sinergie, slot, spinta_selettiva, tier, usage_tags, uso_funzione
validate-traits	Validate trait dataset	2025-12-08T17:40:49.9782797Z - Sensore/Gravitazionale (1 trait): completion_flags, conflitti, data_origin, debolezza, famiglia_tipologia, fattore_mantenimento_energetico, id, label, mutazione_indotta, requisiti_ambientali, sinergie, slot, spinta_selettiva, tier, usage_tags, uso_funzione
validate-traits	Validate trait dataset	2025-12-08T17:40:49.9784549Z - Sensoriale/Alimentare (1 trait): biome_tags, completion_flags, conflitti, data_origin, debolezza, famiglia_tipologia, fattore_mantenimento_energetico, id, label, mutazione_indotta, requisiti_ambientali, sinergie, sinergie_pi, slot, slot_profile, spinta_selettiva, tier, usage_tags, uso_funzione
validate-traits	Validate trait dataset	2025-12-08T17:40:49.9786373Z - Sensoriale/Analitico (14 trait): biome_tags, completion_flags, conflitti, data_origin, debolezza, famiglia_tipologia, fattore_mantenimento_energetico, id, label, mutazione_indotta, requisiti_ambientali, sinergie, sinergie_pi, slot, slot_profile, spinta_selettiva, tier, usage_tags, uso_funzione
validate-traits	Validate trait dataset	2025-12-08T17:40:49.9788465Z - Sensoriale/Magneto-ricettivo (1 trait): applicability, conflitti, cost_profile, data_origin, debolezza, famiglia_tipologia, fattore_mantenimento_energetico, id, label, metrics, mutazione_indotta, requisiti_ambientali, sinergie, slot, slot_profile, spinta_selettiva, testability, tier, usage_tags, uso_funzione
validate-traits	Validate trait dataset	2025-12-08T17:40:49.9790403Z - Sensoriale/Navigazione (1 trait): biome_tags, completion_flags, conflitti, data_origin, debolezza, famiglia_tipologia, fattore_mantenimento_energetico, id, label, mutazione_indotta, requisiti_ambientali, sinergie, sinergie_pi, slot, slot_profile, spinta_selettiva, tier, usage_tags, uso_funzione
validate-traits	Validate trait dataset	2025-12-08T17:40:49.9792235Z - Sensoriale/Nervoso (2 trait): biome_tags, completion_flags, conflitti, data_origin, debolezza, famiglia_tipologia, fattore_mantenimento_energetico, id, label, mutazione_indotta, requisiti_ambientali, sinergie, sinergie_pi, slot, slot_profile, spinta_selettiva, tier, usage_tags, uso_funzione
validate-traits	Validate trait dataset	2025-12-08T17:40:49.9794069Z - Sensoriale/Offensivo (1 trait): biome_tags, completion_flags, conflitti, data_origin, debolezza, famiglia_tipologia, fattore_mantenimento_energetico, id, label, mutazione_indotta, requisiti_ambientali, sinergie, sinergie_pi, slot, slot_profile, spinta_selettiva, tier, usage_tags, uso_funzione
validate-traits	Validate trait dataset	2025-12-08T17:40:49.9795906Z - Sensoriale/Supporto (1 trait): biome_tags, completion_flags, conflitti, data_origin, debolezza, famiglia_tipologia, fattore_mantenimento_energetico, id, label, mutazione_indotta, requisiti_ambientali, sinergie, sinergie_pi, slot, slot_profile, spinta_selettiva, tier, usage_tags, uso_funzione
validate-traits	Validate trait dataset	2025-12-08T17:40:49.9797979Z - Sensoriale/Tatto-Vibro (1 trait): applicability, conflitti, cost_profile, data_origin, debolezza, famiglia_tipologia, fattore_mantenimento_energetico, id, label, metrics, mutazione_indotta, requisiti_ambientali, sinergie, slot, slot_profile, spinta_selettiva, testability, tier, usage_tags, uso_funzione, version, versioning
validate-traits	Validate trait dataset	2025-12-08T17:40:49.9800044Z - Sensoriale/Uditivo-Olfattivo (1 trait): applicability, conflitti, cost_profile, data_origin, debolezza, famiglia_tipologia, fattore_mantenimento_energetico, id, label, metrics, mutazione_indotta, requisiti_ambientali, sinergie, slot, slot_profile, spinta_selettiva, testability, tier, usage_tags, uso_funzione
validate-traits	Validate trait dataset	2025-12-08T17:40:49.9802223Z - Sensoriale/Visivo (5 trait): applicability, biome_tags, completion_flags, conflitti, cost_profile, data_origin, debolezza, famiglia_tipologia, fattore_mantenimento_energetico, id, label, metrics, mutazione_indotta, requisiti_ambientali, sinergie, sinergie_pi, slot, slot_profile, species_affinity, spinta_selettiva, testability, tier, usage_tags, uso_funzione
validate-traits	Validate trait dataset	2025-12-08T17:40:49.9804249Z - Simbiotico/Comunicazione (1 trait): biome_tags, completion_flags, conflitti, data_origin, debolezza, famiglia_tipologia, fattore_mantenimento_energetico, id, label, mutazione_indotta, requisiti_ambientali, sinergie, sinergie_pi, slot, slot_profile, spinta_selettiva, tier, usage_tags, uso_funzione
validate-traits	Validate trait dataset	2025-12-08T17:40:49.9806112Z - Simbiotico/Cooperativo (13 trait): biome_tags, completion_flags, conflitti, data_origin, debolezza, famiglia_tipologia, fattore_mantenimento_energetico, id, label, mutazione_indotta, requisiti_ambientali, sinergie, sinergie_pi, slot, slot_profile, spinta_selettiva, tier, usage_tags, uso_funzione
validate-traits	Validate trait dataset	2025-12-08T17:40:49.9808140Z - Simbiotico/Difensivo (1 trait): biome_tags, completion_flags, conflitti, data_origin, debolezza, famiglia_tipologia, fattore_mantenimento_energetico, id, label, mutazione_indotta, requisiti_ambientali, sinergie, sinergie_pi, slot, slot_profile, spinta_selettiva, tier, usage_tags, uso_funzione
validate-traits	Validate trait dataset	2025-12-08T17:40:49.9810119Z - Simbiotico/Nervoso (1 trait): biome_tags, completion_flags, conflitti, data_origin, debolezza, famiglia_tipologia, fattore_mantenimento_energetico, id, label, mutazione_indotta, requisiti_ambientali, sinergie, sinergie_pi, slot, slot_profile, spinta_selettiva, tier, usage_tags, uso_funzione
validate-traits	Validate trait dataset	2025-12-08T17:40:49.9812112Z - Simbiotico/Nutrizione (1 trait): biome_tags, completion_flags, conflitti, data_origin, debolezza, famiglia_tipologia, fattore_mantenimento_energetico, id, label, mutazione_indotta, requisiti_ambientali, sinergie, sinergie_pi, slot, slot_profile, spinta_selettiva, tier, usage_tags, uso_funzione
validate-traits	Validate trait dataset	2025-12-08T17:40:49.9813973Z - Simbiotico/Supporto (1 trait): biome_tags, completion_flags, conflitti, data_origin, debolezza, famiglia_tipologia, fattore_mantenimento_energetico, id, label, mutazione_indotta, requisiti_ambientali, sinergie, sinergie_pi, slot, slot_profile, spinta_selettiva, tier, usage_tags, uso_funzione
validate-traits	Validate trait dataset	2025-12-08T17:40:49.9815865Z - Simbiotico/Utility (1 trait): biome_tags, completion_flags, conflitti, data_origin, debolezza, famiglia_tipologia, fattore_mantenimento_energetico, id, label, mutazione_indotta, requisiti_ambientali, sinergie, sinergie_pi, slot, slot_profile, spinta_selettiva, tier, usage_tags, uso_funzione
validate-traits	Validate trait dataset	2025-12-08T17:40:49.9817849Z - Strategico/Psionico (1 trait): biome_tags, completion_flags, conflitti, data_origin, debolezza, famiglia_tipologia, fattore_mantenimento_energetico, id, label, mutazione_indotta, requisiti_ambientali, sinergie, sinergie_pi, slot, slot_profile, spinta_selettiva, tier, usage_tags, uso_funzione
validate-traits	Validate trait dataset	2025-12-08T17:40:49.9819670Z - Strategico/Tattico (15 trait): biome_tags, completion_flags, conflitti, data_origin, debolezza, famiglia_tipologia, fattore_mantenimento_energetico, id, label, mutazione_indotta, requisiti_ambientali, sinergie, sinergie_pi, slot, slot_profile, spinta_selettiva, tier, usage_tags, uso_funzione
validate-traits	Validate trait dataset	2025-12-08T17:40:49.9821492Z - Strutturale/Adattivo (13 trait): biome_tags, completion_flags, conflitti, data_origin, debolezza, famiglia_tipologia, fattore_mantenimento_energetico, id, label, mutazione_indotta, requisiti_ambientali, sinergie, sinergie_pi, slot, slot_profile, spinta_selettiva, tier, usage_tags, uso_funzione
validate-traits	Validate trait dataset	2025-12-08T17:40:49.9823414Z - Strutturale/Difensivo (1 trait): biome_tags, completion_flags, conflitti, data_origin, debolezza, famiglia_tipologia, fattore_mantenimento_energetico, id, label, mutazione_indotta, requisiti_ambientali, sinergie, sinergie_pi, slot, slot_profile, spinta_selettiva, tier, usage_tags, uso_funzione
validate-traits	Validate trait dataset	2025-12-08T17:40:49.9825320Z - Strutturale/Locomotorio (1 trait): biome_tags, completion_flags, conflitti, data_origin, debolezza, famiglia_tipologia, fattore_mantenimento_energetico, id, label, mutazione_indotta, requisiti_ambientali, sinergie, sinergie_pi, slot, slot_profile, spinta_selettiva, tier, usage_tags, uso_funzione
validate-traits	Validate trait dataset	2025-12-08T17:40:49.9827331Z - Strutturale/Omeostatico (1 trait): biome_tags, completion_flags, conflitti, data_origin, debolezza, famiglia_tipologia, fattore_mantenimento_energetico, id, label, mutazione_indotta, requisiti_ambientali, sinergie, sinergie_pi, slot, slot_profile, spinta_selettiva, tier, usage_tags, uso_funzione
validate-traits	Validate trait dataset	2025-12-08T17:40:49.9829187Z - Strutturale/Sensoriale (1 trait): biome_tags, completion_flags, conflitti, data_origin, debolezza, famiglia_tipologia, fattore_mantenimento_energetico, id, label, mutazione_indotta, requisiti_ambientali, sinergie, sinergie_pi, slot, slot_profile, spinta_selettiva, tier, usage_tags, uso_funzione
validate-traits	Validate trait dataset	2025-12-08T17:40:49.9831004Z - Supporto/Anomalia (1 trait): completion_flags, conflitti, data_origin, debolezza, famiglia_tipologia, fattore_mantenimento_energetico, id, label, mutazione_indotta, requisiti_ambientali, sinergie, slot, spinta_selettiva, tier, usage_tags, uso_funzione
validate-traits	Validate trait dataset	2025-12-08T17:40:49.9832851Z - Supporto/Coordinativo (1 trait): biome_tags, completion_flags, conflitti, data_origin, debolezza, famiglia_tipologia, fattore_mantenimento_energetico, id, label, mutazione_indotta, requisiti_ambientali, sinergie, sinergie_pi, slot, slot_profile, spinta_selettiva, tier, usage_tags, uso_funzione
validate-traits	Validate trait dataset	2025-12-08T17:40:49.9834568Z - Supporto/Copia (1 trait): completion_flags, conflitti, data_origin, debolezza, famiglia_tipologia, fattore_mantenimento_energetico, id, label, mutazione_indotta, requisiti_ambientali, sinergie, slot, spinta_selettiva, tier, usage_tags, uso_funzione
validate-traits	Validate trait dataset	2025-12-08T17:40:49.9836263Z - Supporto/Difesa (1 trait): biome_tags, completion_flags, conflitti, data_origin, debolezza, famiglia_tipologia, fattore_mantenimento_energetico, id, label, mutazione_indotta, requisiti_ambientali, sinergie, sinergie_pi, slot, slot_profile, spinta_selettiva, tier, usage_tags, uso_funzione
validate-traits	Validate trait dataset	2025-12-08T17:40:49.9838286Z - Supporto/Empatico (1 trait): biome_tags, completion_flags, conflitti, data_origin, debolezza, famiglia_tipologia, fattore_mantenimento_energetico, id, label, mutazione_indotta, requisiti_ambientali, sinergie, sinergie_pi, slot, slot_profile, spinta_selettiva, tier, usage_tags, uso_funzione
validate-traits	Validate trait dataset	2025-12-08T17:40:49.9839985Z - Supporto/Energetico (1 trait): completion_flags, conflitti, data_origin, debolezza, famiglia_tipologia, fattore_mantenimento_energetico, id, label, mutazione_indotta, requisiti_ambientali, sinergie, slot, spinta_selettiva, tier, usage_tags, uso_funzione
validate-traits	Validate trait dataset	2025-12-08T17:40:49.9841713Z - Supporto/Logistico (13 trait): biome_tags, completion_flags, conflitti, data_origin, debolezza, famiglia_tipologia, fattore_mantenimento_energetico, id, label, mutazione_indotta, requisiti_ambientali, sinergie, sinergie_pi, slot, slot_profile, spinta_selettiva, tier, usage_tags, uso_funzione
validate-traits	Validate trait dataset	2025-12-08T17:40:49.9843387Z - Supporto/Risonanza (2 trait): completion_flags, conflitti, data_origin, debolezza, famiglia_tipologia, fattore_mantenimento_energetico, id, label, mutazione_indotta, requisiti_ambientali, sinergie, slot, spinta_selettiva, tier, usage_tags, uso_funzione
validate-traits	Validate trait dataset	2025-12-08T17:40:49.9844960Z - Supporto/Sensore (1 trait): completion_flags, conflitti, data_origin, debolezza, famiglia_tipologia, fattore_mantenimento_energetico, id, label, mutazione_indotta, requisiti_ambientali, sinergie, slot, spinta_selettiva, tier, usage_tags, uso_funzione
validate-traits	Validate trait dataset	2025-12-08T17:40:49.9846657Z - Supporto/Sequenziamento (1 trait): completion_flags, conflitti, data_origin, debolezza, famiglia_tipologia, fattore_mantenimento_energetico, id, label, mutazione_indotta, requisiti_ambientali, sinergie, slot, spinta_selettiva, tier, usage_tags, uso_funzione
validate-traits	Validate trait dataset	2025-12-08T17:40:49.9848397Z - TODO/import_esterno (9 trait): completion_flags, conflitti, data_origin, famiglia_tipologia, fattore_mantenimento_energetico, id, label, mutazione_indotta, sinergie, slot, slot_profile, spinta_selettiva, tier, uso_funzione
validate-traits	Validate trait dataset	2025-12-08T17:40:49.9850183Z - Tegumentario/Difensivo (17 trait): biome_tags, completion_flags, conflitti, data_origin, debolezza, famiglia_tipologia, fattore_mantenimento_energetico, id, label, mutazione_indotta, requisiti_ambientali, sinergie, sinergie_pi, slot, slot_profile, species_affinity, spinta_selettiva, tier, usage_tags, uso_funzione
validate-traits	Validate trait dataset	2025-12-08T17:40:49.9852088Z - Tegumentario/Energetico (1 trait): biome_tags, completion_flags, conflitti, data_origin, debolezza, famiglia_tipologia, fattore_mantenimento_energetico, id, label, mutazione_indotta, requisiti_ambientali, sinergie, sinergie_pi, slot, slot_profile, spinta_selettiva, tier, usage_tags, uso_funzione
validate-traits	Validate trait dataset	2025-12-08T17:40:49.9853949Z - Tegumentario/Idratazione (1 trait): biome_tags, completion_flags, conflitti, data_origin, debolezza, famiglia_tipologia, fattore_mantenimento_energetico, id, label, mutazione_indotta, requisiti_ambientali, sinergie, sinergie_pi, slot, slot_profile, spinta_selettiva, tier, usage_tags, uso_funzione
validate-traits	Validate trait dataset	2025-12-08T17:40:49.9855645Z - Temporaneo/Difesa (1 trait): completion_flags, conflitti, data_origin, debolezza, famiglia_tipologia, fattore_mantenimento_energetico, id, label, mutazione_indotta, requisiti_ambientali, sinergie, slot, spinta_selettiva, tier, usage_tags, uso_funzione
validate-traits	Validate trait dataset	2025-12-08T17:40:49.9857399Z - Temporaneo/Memoria (1 trait): completion_flags, conflitti, data_origin, debolezza, famiglia_tipologia, fattore_mantenimento_energetico, id, label, mutazione_indotta, requisiti_ambientali, sinergie, slot, spinta_selettiva, tier, usage_tags, uso_funzione
validate-traits	Validate trait dataset	2025-12-08T17:40:49.9858988Z - Temporaneo/Risonanza (1 trait): completion_flags, conflitti, data_origin, debolezza, famiglia_tipologia, fattore_mantenimento_energetico, id, label, mutazione_indotta, requisiti_ambientali, sinergie, slot, spinta_selettiva, tier, usage_tags, uso_funzione
validate-traits	Validate trait dataset	2025-12-08T17:40:49.9860579Z - Temporaneo/Scarica (1 trait): completion_flags, conflitti, data_origin, debolezza, famiglia_tipologia, fattore_mantenimento_energetico, id, label, mutazione_indotta, requisiti_ambientali, sinergie, slot, spinta_selettiva, tier, usage_tags, uso_funzione
validate-traits	Validate trait dataset	2025-12-08T17:40:49.9862180Z - Temporaneo/Traslazione (1 trait): completion_flags, conflitti, data_origin, debolezza, famiglia_tipologia, fattore_mantenimento_energetico, id, label, mutazione_indotta, requisiti_ambientali, sinergie, slot, spinta_selettiva, tier, usage_tags, uso_funzione
validate-traits	Validate trait dataset	2025-12-08T17:40:49.9862924Z 
validate-traits	Validate trait dataset	2025-12-08T17:40:49.9863037Z == Field inventory ==
validate-traits	Validate trait dataset	2025-12-08T17:40:49.9863248Z  - aliases
validate-traits	Validate trait dataset	2025-12-08T17:40:49.9863441Z  - applicability
validate-traits	Validate trait dataset	2025-12-08T17:40:49.9863639Z  - biome_tags
validate-traits	Validate trait dataset	2025-12-08T17:40:49.9863834Z  - completion_flags
validate-traits	Validate trait dataset	2025-12-08T17:40:49.9864019Z  - conflitti
validate-traits	Validate trait dataset	2025-12-08T17:40:49.9864198Z  - cost_profile
validate-traits	Validate trait dataset	2025-12-08T17:40:49.9864381Z  - data_origin
validate-traits	Validate trait dataset	2025-12-08T17:40:49.9864557Z  - debolezza
validate-traits	Validate trait dataset	2025-12-08T17:40:49.9864733Z  - famiglia_tipologia
validate-traits	Validate trait dataset	2025-12-08T17:40:49.9864973Z  - fattore_mantenimento_energetico
validate-traits	Validate trait dataset	2025-12-08T17:40:49.9865203Z  - id
validate-traits	Validate trait dataset	2025-12-08T17:40:49.9865370Z  - label
validate-traits	Validate trait dataset	2025-12-08T17:40:49.9865526Z  - metrics
validate-traits	Validate trait dataset	2025-12-08T17:40:49.9865701Z  - mutazione_indotta
validate-traits	Validate trait dataset	2025-12-08T17:40:49.9865899Z  - requisiti_ambientali
validate-traits	Validate trait dataset	2025-12-08T17:40:49.9866102Z  - sinergie
validate-traits	Validate trait dataset	2025-12-08T17:40:49.9866265Z  - sinergie_pi
validate-traits	Validate trait dataset	2025-12-08T17:40:49.9866443Z  - slot
validate-traits	Validate trait dataset	2025-12-08T17:40:49.9866717Z  - slot_profile
validate-traits	Validate trait dataset	2025-12-08T17:40:49.9866907Z  - species_affinity
validate-traits	Validate trait dataset	2025-12-08T17:40:49.9867089Z  - spinta_selettiva
validate-traits	Validate trait dataset	2025-12-08T17:40:49.9867273Z  - testability
validate-traits	Validate trait dataset	2025-12-08T17:40:49.9867445Z  - tier
validate-traits	Validate trait dataset	2025-12-08T17:40:49.9867609Z  - usage_tags
validate-traits	Validate trait dataset	2025-12-08T17:40:49.9867779Z  - uso_funzione
validate-traits	Validate trait dataset	2025-12-08T17:40:49.9867952Z  - version
validate-traits	Validate trait dataset	2025-12-08T17:40:49.9868252Z  - versioning
validate-traits	Validate trait dataset	2025-12-08T17:40:49.9868356Z 
validate-traits	Validate trait dataset	2025-12-08T17:40:49.9868460Z Total traits: 263
validate-traits	Build trait index	ï»¿2025-12-08T17:40:49.9887028Z ##[group]Run node scripts/build_trait_index.js
validate-traits	Build trait index	2025-12-08T17:40:49.9887346Z [36;1mnode scripts/build_trait_index.js[0m
validate-traits	Build trait index	2025-12-08T17:40:49.9906027Z shell: /usr/bin/bash -e {0}
validate-traits	Build trait index	2025-12-08T17:40:49.9906251Z env:
validate-traits	Build trait index	2025-12-08T17:40:49.9906498Z   pythonLocation: /opt/hostedtoolcache/Python/3.11.14/x64
validate-traits	Build trait index	2025-12-08T17:40:49.9907021Z   PKG_CONFIG_PATH: /opt/hostedtoolcache/Python/3.11.14/x64/lib/pkgconfig
validate-traits	Build trait index	2025-12-08T17:40:49.9907392Z   Python_ROOT_DIR: /opt/hostedtoolcache/Python/3.11.14/x64
validate-traits	Build trait index	2025-12-08T17:40:49.9907722Z   Python2_ROOT_DIR: /opt/hostedtoolcache/Python/3.11.14/x64
validate-traits	Build trait index	2025-12-08T17:40:49.9908057Z   Python3_ROOT_DIR: /opt/hostedtoolcache/Python/3.11.14/x64
validate-traits	Build trait index	2025-12-08T17:40:49.9908393Z   LD_LIBRARY_PATH: /opt/hostedtoolcache/Python/3.11.14/x64/lib
validate-traits	Build trait index	2025-12-08T17:40:49.9908670Z ##[endgroup]
validate-traits	Build trait index	2025-12-08T17:40:50.0405510Z Indice generato (CSV): data/traits/index.csv
validate-traits	Build trait index	2025-12-08T17:40:50.0408897Z Totale trait: 263
validate-traits	Generate strict trait coverage report	ï»¿2025-12-08T17:40:50.0458303Z ##[group]Run python tools/py/report_trait_coverage.py --strict
validate-traits	Generate strict trait coverage report	2025-12-08T17:40:50.0458746Z [36;1mpython tools/py/report_trait_coverage.py --strict[0m
validate-traits	Generate strict trait coverage report	2025-12-08T17:40:50.0479443Z shell: /usr/bin/bash -e {0}
validate-traits	Generate strict trait coverage report	2025-12-08T17:40:50.0479696Z env:
validate-traits	Generate strict trait coverage report	2025-12-08T17:40:50.0479951Z   pythonLocation: /opt/hostedtoolcache/Python/3.11.14/x64
validate-traits	Generate strict trait coverage report	2025-12-08T17:40:50.0480356Z   PKG_CONFIG_PATH: /opt/hostedtoolcache/Python/3.11.14/x64/lib/pkgconfig
validate-traits	Generate strict trait coverage report	2025-12-08T17:40:50.0480728Z   Python_ROOT_DIR: /opt/hostedtoolcache/Python/3.11.14/x64
validate-traits	Generate strict trait coverage report	2025-12-08T17:40:50.0481068Z   Python2_ROOT_DIR: /opt/hostedtoolcache/Python/3.11.14/x64
validate-traits	Generate strict trait coverage report	2025-12-08T17:40:50.0481408Z   Python3_ROOT_DIR: /opt/hostedtoolcache/Python/3.11.14/x64
validate-traits	Generate strict trait coverage report	2025-12-08T17:40:50.0481749Z   LD_LIBRARY_PATH: /opt/hostedtoolcache/Python/3.11.14/x64/lib
validate-traits	Generate strict trait coverage report	2025-12-08T17:40:50.0482032Z ##[endgroup]
validate-traits	Generate strict trait coverage report	2025-12-08T17:40:50.1298101Z Validazione species_affinity: impossibile verificare ID specie perchÃ© il catalogo non contiene elementi.
validate-traits	Generate strict trait coverage report	2025-12-08T17:40:50.1299300Z traits_with_species=0 sotto la soglia 27
validate-traits	Generate strict trait coverage report	2025-12-08T17:40:50.1300124Z rules_missing_species_total=284 eccede il massimo consentito 0
validate-traits	Generate strict trait coverage report	2025-12-08T17:40:50.1403974Z ##[error]Process completed with exit code 1.
validate-traits	Upload trait reports	ï»¿2025-12-08T17:40:50.1480903Z ##[group]Run actions/upload-artifact@v4
validate-traits	Upload trait reports	2025-12-08T17:40:50.1481184Z with:
validate-traits	Upload trait reports	2025-12-08T17:40:50.1481397Z   name: trait-data-reports-20012325923
validate-traits	Upload trait reports	2025-12-08T17:40:50.1481871Z   path: reports/**
validate-traits	Upload trait reports	data/derived/analysis/trait_coverage_report.json
validate-traits	Upload trait reports	data/derived/analysis/trait_coverage_matrix.csv
validate-traits	Upload trait reports	
validate-traits	Upload trait reports	2025-12-08T17:40:50.1482359Z   if-no-files-found: warn
validate-traits	Upload trait reports	2025-12-08T17:40:50.1482588Z   compression-level: 6
validate-traits	Upload trait reports	2025-12-08T17:40:50.1482796Z   overwrite: false
validate-traits	Upload trait reports	2025-12-08T17:40:50.1482993Z   include-hidden-files: false
validate-traits	Upload trait reports	2025-12-08T17:40:50.1483220Z env:
validate-traits	Upload trait reports	2025-12-08T17:40:50.1483474Z   pythonLocation: /opt/hostedtoolcache/Python/3.11.14/x64
validate-traits	Upload trait reports	2025-12-08T17:40:50.1483867Z   PKG_CONFIG_PATH: /opt/hostedtoolcache/Python/3.11.14/x64/lib/pkgconfig
validate-traits	Upload trait reports	2025-12-08T17:40:50.1484289Z   Python_ROOT_DIR: /opt/hostedtoolcache/Python/3.11.14/x64
validate-traits	Upload trait reports	2025-12-08T17:40:50.1484647Z   Python2_ROOT_DIR: /opt/hostedtoolcache/Python/3.11.14/x64
validate-traits	Upload trait reports	2025-12-08T17:40:50.1484995Z   Python3_ROOT_DIR: /opt/hostedtoolcache/Python/3.11.14/x64
validate-traits	Upload trait reports	2025-12-08T17:40:50.1485338Z   LD_LIBRARY_PATH: /opt/hostedtoolcache/Python/3.11.14/x64/lib
validate-traits	Upload trait reports	2025-12-08T17:40:50.1485705Z ##[endgroup]
validate-traits	Upload trait reports	2025-12-08T17:40:50.4012946Z Multiple search paths detected. Calculating the least common ancestor of all paths
validate-traits	Upload trait reports	2025-12-08T17:40:50.4016024Z The least common ancestor is /home/runner/work/Game/Game. This will be the root directory of the artifact
validate-traits	Upload trait reports	2025-12-08T17:40:50.4016948Z With the provided path, there will be 227 files uploaded
validate-traits	Upload trait reports	2025-12-08T17:40:50.4022991Z Artifact name is valid!
validate-traits	Upload trait reports	2025-12-08T17:40:50.4024449Z Root directory input is valid!
validate-traits	Upload trait reports	2025-12-08T17:40:50.6866280Z Beginning upload of artifact content to blob storage
validate-traits	Upload trait reports	2025-12-08T17:40:51.3266913Z Uploaded bytes 243107
validate-traits	Upload trait reports	2025-12-08T17:40:51.3932606Z Finished uploading artifact content to blob storage!
validate-traits	Upload trait reports	2025-12-08T17:40:51.3934693Z SHA256 digest of uploaded artifact zip is 110a7dc881056bdd51f3e68de8a4bbc9108835e48a4a8a77c41264307b2d38f8
validate-traits	Upload trait reports	2025-12-08T17:40:51.3936864Z Finalizing artifact upload
validate-traits	Upload trait reports	2025-12-08T17:40:51.5385487Z Artifact trait-data-reports-20012325923.zip successfully finalized. Artifact ID 4800770929
validate-traits	Upload trait reports	2025-12-08T17:40:51.5386726Z Artifact trait-data-reports-20012325923 has been successfully uploaded! Final size is 243107 bytes. Artifact ID is 4800770929
validate-traits	Upload trait reports	2025-12-08T17:40:51.5394353Z Artifact download URL: https://github.com/MasterDD-L34D/Game/actions/runs/20012325923/artifacts/4800770929
validate-traits	Post Run actions/checkout@v4	ï»¿2025-12-08T17:40:51.5521556Z Post job cleanup.
validate-traits	Post Run actions/checkout@v4	2025-12-08T17:40:51.6403262Z [command]/usr/bin/git version
validate-traits	Post Run actions/checkout@v4	2025-12-08T17:40:51.6434666Z git version 2.52.0
validate-traits	Post Run actions/checkout@v4	2025-12-08T17:40:51.6472264Z Temporarily overriding HOME='/home/runner/work/_temp/dd1fec24-c502-407d-903a-440385dbf975' before making global git config changes
validate-traits	Post Run actions/checkout@v4	2025-12-08T17:40:51.6473161Z Adding repository directory to the temporary git global config as a safe directory
validate-traits	Post Run actions/checkout@v4	2025-12-08T17:40:51.6484886Z [command]/usr/bin/git config --global --add safe.directory /home/runner/work/Game/Game
validate-traits	Post Run actions/checkout@v4	2025-12-08T17:40:51.6515086Z [command]/usr/bin/git config --local --name-only --get-regexp core\.sshCommand
validate-traits	Post Run actions/checkout@v4	2025-12-08T17:40:51.6542213Z [command]/usr/bin/git submodule foreach --recursive sh -c "git config --local --name-only --get-regexp 'core\.sshCommand' && git config --local --unset-all 'core.sshCommand' || :"
validate-traits	Post Run actions/checkout@v4	2025-12-08T17:40:51.6728697Z [command]/usr/bin/git config --local --name-only --get-regexp http\.https\:\/\/github\.com\/\.extraheader
validate-traits	Post Run actions/checkout@v4	2025-12-08T17:40:51.6745914Z http.https://github.com/.extraheader
validate-traits	Post Run actions/checkout@v4	2025-12-08T17:40:51.6757134Z [command]/usr/bin/git config --local --unset-all http.https://github.com/.extraheader
validate-traits	Post Run actions/checkout@v4	2025-12-08T17:40:51.6782748Z [command]/usr/bin/git submodule foreach --recursive sh -c "git config --local --name-only --get-regexp 'http\.https\:\/\/github\.com\/\.extraheader' && git config --local --unset-all 'http.https://github.com/.extraheader' || :"
validate-traits	Post Run actions/checkout@v4	2025-12-08T17:40:51.6962478Z [command]/usr/bin/git config --local --name-only --get-regexp ^includeIf\.gitdir:
validate-traits	Post Run actions/checkout@v4	2025-12-08T17:40:51.6988211Z [command]/usr/bin/git submodule foreach --recursive git config --local --show-origin --name-only --get-regexp remote.origin.url
validate-traits	Complete job	ï»¿2025-12-08T17:40:51.7257162Z Cleaning up orphan processes
